[INFO] Scanning for projects...
[INFO] 
[INFO] --------------------< beauty_center:beauty_center >---------------------
[INFO] Building Beauty Center Backend 0.0.1-SNAPSHOT
[INFO]   from pom.xml
[INFO] --------------------------------[ jar ]---------------------------------
[INFO] 
[INFO] --- resources:3.3.1:resources (default-resources) @ beauty_center ---
[INFO] Copying 4 resources from src\main\resources to target\classes
[INFO] Copying 6 resources from src\main\resources to target\classes
[INFO] 
[INFO] --- compiler:3.14.1:compile (default-compile) @ beauty_center ---
[INFO] Nothing to compile - all classes are up to date.
[INFO] 
[INFO] --- resources:3.3.1:testResources (default-testResources) @ beauty_center ---
[INFO] Copying 1 resource from src\test\resources to target\test-classes
[INFO] 
[INFO] --- compiler:3.14.1:testCompile (default-testCompile) @ beauty_center ---
[INFO] Recompiling the module because of changed source code.
[INFO] Compiling 17 source files with javac [debug parameters release 17] to target\test-classes
[INFO] 
[INFO] --- surefire:3.5.4:test (default-test) @ beauty_center ---
[INFO] Using auto detected provider org.apache.maven.surefire.junitplatform.JUnitPlatformProvider
[INFO] 
[INFO] -------------------------------------------------------
[INFO]  T E S T S
[INFO] -------------------------------------------------------
[INFO] Running beauty_center.ApplicationStartupTest
16:43:45.964 [main] INFO org.springframework.test.context.support.AnnotationConfigContextLoaderUtils -- Could not detect default configuration classes for test class [beauty_center.ApplicationStartupTest]: ApplicationStartupTest does not declare any static, non-private, non-final, nested classes annotated with @Configuration.
16:43:46.171 [main] INFO org.springframework.boot.test.context.SpringBootTestContextBootstrapper -- Found @SpringBootConfiguration beauty_center.BeautyCenterApplication for test class beauty_center.ApplicationStartupTest

  .   ____          _            __ _ _
 /\\ / ___'_ __ _ _(_)_ __  __ _ \ \ \ \
( ( )\___ | '_ | '_| | '_ \/ _` | \ \ \ \
 \\/  ___)| |_)| | | | | || (_| |  ) ) ) )
  '  |____| .__|_| |_|_| |_\__, | / / / /
 =========|_|==============|___/=/_/_/_/

 :: Spring Boot ::               (v3.5.10)

2026-02-17T16:43:46.845+01:00  INFO 2504 --- [beauty-center-api] [           main] beauty_center.ApplicationStartupTest     : Starting ApplicationStartupTest using Java 17.0.11 with PID 2504 (started by mouadh in D:\projects\Beauty_Center)
2026-02-17T16:43:46.846+01:00 DEBUG 2504 --- [beauty-center-api] [           main] beauty_center.ApplicationStartupTest     : Running with Spring Boot v3.5.10, Spring v6.2.15
2026-02-17T16:43:46.847+01:00  INFO 2504 --- [beauty-center-api] [           main] beauty_center.ApplicationStartupTest     : The following 1 profile is active: "test"
2026-02-17T16:43:54.327+01:00  WARN 2504 --- [beauty-center-api] [           main] org.hibernate.orm.deprecation            : HHH90000025: H2Dialect does not need to be specified explicitly using 'hibernate.dialect' (remove the property setting and it will be selected by default)
2026-02-17T16:43:57.623+01:00  INFO 2504 --- [beauty-center-api] [           main] r$InitializeUserDetailsManagerConfigurer : Global AuthenticationManager configured with UserDetailsService bean with name customUserDetailsService
2026-02-17T16:43:58.454+01:00  INFO 2504 --- [beauty-center-api] [           main] o.s.b.a.e.web.EndpointLinksResolver      : Exposing 3 endpoints beneath base path '/actuator'
2026-02-17T16:43:58.924+01:00  WARN 2504 --- [beauty-center-api] [           main] thorizationManagerRequestMatcherRegistry : One of the patterns in [GET, /api/services] is missing a leading slash. This is discouraged; please include the leading slash in all your request matcher patterns. In future versions of Spring Security, leaving out the leading slash will result in an exception.
2026-02-17T16:43:58.928+01:00  WARN 2504 --- [beauty-center-api] [           main] thorizationManagerRequestMatcherRegistry : One of the patterns in [GET, /api/services/**] is missing a leading slash. This is discouraged; please include the leading slash in all your request matcher patterns. In future versions of Spring Security, leaving out the leading slash will result in an exception.
2026-02-17T16:43:58.982+01:00 DEBUG 2504 --- [beauty-center-api] [           main] o.s.s.web.DefaultSecurityFilterChain     : Will secure any request with filters: DisableEncodeUrlFilter, WebAsyncManagerIntegrationFilter, SecurityContextHolderFilter, HeaderWriterFilter, CorsFilter, LogoutFilter, JwtAuthFilter, RequestCacheAwareFilter, SecurityContextHolderAwareRequestFilter, AnonymousAuthenticationFilter, SessionManagementFilter, ExceptionTranslationFilter, AuthorizationFilter
2026-02-17T16:43:59.649+01:00  INFO 2504 --- [beauty-center-api] [           main] o.s.b.a.h2.H2ConsoleAutoConfiguration    : H2 console available at '/h2-console'. Database available at 'jdbc:h2:mem:testdb'
2026-02-17T16:43:59.762+01:00  INFO 2504 --- [beauty-center-api] [           main] beauty_center.ApplicationStartupTest     : Started ApplicationStartupTest in 13.381 seconds (process running for 14.779)
2026-02-17T16:43:59.772+01:00 DEBUG 2504 --- [beauty-center-api] [   scheduling-1] b.m.n.scheduler.NotificationScheduler    : Notification scheduler running...
2026-02-17T16:43:59.846+01:00  INFO 2504 --- [beauty-center-api] [           main] b.m.auth.config.AuthBootstrapConfig      : === Bootstrapping Test Users ===
2026-02-17T16:44:00.652+01:00  INFO 2504 --- [beauty-center-api] [           main] b.m.auth.config.AuthBootstrapConfig      : Created test user: admin@beautycenter.com (ADMIN)
2026-02-17T16:44:00.870+01:00  INFO 2504 --- [beauty-center-api] [           main] b.m.auth.config.AuthBootstrapConfig      : Created test user: employee@beautycenter.com (EMPLOYEE)
2026-02-17T16:44:00.968+01:00  INFO 2504 --- [beauty-center-api] [           main] b.m.auth.config.AuthBootstrapConfig      : Created test user: client@beautycenter.com (CLIENT)
2026-02-17T16:44:00.968+01:00  INFO 2504 --- [beauty-center-api] [           main] b.m.auth.config.AuthBootstrapConfig      : === Test Users Bootstrap Complete ===
2026-02-17T16:44:01.013+01:00  INFO 2504 --- [beauty-center-api] [           main] b.m.n.c.NotificationBootstrapConfig      : === Bootstrapping Notification Rules ===
2026-02-17T16:44:01.022+01:00  INFO 2504 --- [beauty-center-api] [           main] b.m.n.c.NotificationBootstrapConfig      : Created rule: BOOKING_CONFIRMATION via EMAIL
2026-02-17T16:44:01.032+01:00  INFO 2504 --- [beauty-center-api] [           main] b.m.n.c.NotificationBootstrapConfig      : Created rule: REMINDER_24H via EMAIL
2026-02-17T16:44:01.038+01:00  INFO 2504 --- [beauty-center-api] [           main] b.m.n.c.NotificationBootstrapConfig      : Created rule: REMINDER_2H via SMS
2026-02-17T16:44:01.038+01:00  INFO 2504 --- [beauty-center-api] [           main] b.m.n.c.NotificationBootstrapConfig      : === Notification Rules Bootstrap Complete ===
mvn : Java HotSpot(TM) 64-Bit Server VM warning: Sharing is only supported for boot loader classes because bootstrap classpath has been appended
Au caractère Ligne:1 : 31
+ cd D:\projects\Beauty_Center; mvn test 2>&1 > test_output.txt ; Get-C ...
+                               ~~~~~~~~~~~~~~~~~~~~~~~~~~~~~~~
    + CategoryInfo          : NotSpecified: (Java HotSpot(TM...s been appended:String) [], RemoteException
    + FullyQualifiedErrorId : NativeCommandError
 
2026-02-17T16:44:01.918+01:00  INFO 2504 --- [beauty-center-api] [           main] beauty_center.ApplicationStartupTest     : Checking bean availability
2026-02-17T16:44:01.924+01:00  INFO 2504 --- [beauty-center-api] [           main] beauty_center.ApplicationStartupTest     : ? All required beans are available
2026-02-17T16:44:01.968+01:00  INFO 2504 --- [beauty-center-api] [           main] beauty_center.ApplicationStartupTest     : Application context loaded successfully
[INFO] Tests run: 2, Failures: 0, Errors: 0, Skipped: 0, Time elapsed: 16.25 s -- in beauty_center.ApplicationStartupTest
[INFO] Running beauty_center.BeautyCenterApplicationTests
2026-02-17T16:44:02.000+01:00  INFO 2504 --- [beauty-center-api] [           main] .b.t.c.SpringBootTestContextBootstrapper : Found @SpringBootConfiguration beauty_center.BeautyCenterApplication for test class beauty_center.BeautyCenterApplicationTests
[INFO] Tests run: 1, Failures: 0, Errors: 0, Skipped: 0, Time elapsed: 0.020 s -- in beauty_center.BeautyCenterApplicationTests
[INFO] Running ApiResponse Unit Tests
[INFO] Tests run: 3, Failures: 0, Errors: 0, Skipped: 0, Time elapsed: 0.018 s -- in ApiResponse Unit Tests
[INFO] Running beauty_center.DatabaseConnectionTest
2026-02-17T16:44:02.066+01:00  INFO 2504 --- [beauty-center-api] [           main] .b.t.c.SpringBootTestContextBootstrapper : Found @SpringBootConfiguration beauty_center.BeautyCenterApplication for test class beauty_center.DatabaseConnectionTest
? Connection pool is working correctly
? Connected to database: testdb
? Database Version: PostgreSQL 8.2.23 server protocol using H2 2.3.232 (2024-08-11)
[INFO] Tests run: 4, Failures: 0, Errors: 0, Skipped: 0, Time elapsed: 0.250 s -- in beauty_center.DatabaseConnectionTest
[INFO] Running Appointment Authorization Integration Tests
2026-02-17T16:44:02.485+01:00  INFO 2504 --- [beauty-center-api] [           main] .b.t.c.SpringBootTestContextBootstrapper : Found @SpringBootConfiguration beauty_center.BeautyCenterApplication for test class beauty_center.modules.appointments.AppointmentAuthorizationIntegrationTest

  .   ____          _            __ _ _
 /\\ / ___'_ __ _ _(_)_ __  __ _ \ \ \ \
( ( )\___ | '_ | '_| | '_ \/ _` | \ \ \ \
 \\/  ___)| |_)| | | | | || (_| |  ) ) ) )
  '  |____| .__|_| |_|_| |_\__, | / / / /
 =========|_|==============|___/=/_/_/_/

 :: Spring Boot ::               (v3.5.10)

2026-02-17T16:44:02.605+01:00  INFO 2504 --- [beauty-center-api] [           main] .AppointmentAuthorizationIntegrationTest : Starting AppointmentAuthorizationIntegrationTest using Java 17.0.11 with PID 2504 (started by mouadh in D:\projects\Beauty_Center)
2026-02-17T16:44:02.605+01:00 DEBUG 2504 --- [beauty-center-api] [           main] .AppointmentAuthorizationIntegrationTest : Running with Spring Boot v3.5.10, Spring v6.2.15
2026-02-17T16:44:02.605+01:00  INFO 2504 --- [beauty-center-api] [           main] .AppointmentAuthorizationIntegrationTest : The following 1 profile is active: "test"
2026-02-17T16:44:04.208+01:00  WARN 2504 --- [beauty-center-api] [           main] org.hibernate.orm.deprecation            : HHH90000025: H2Dialect does not need to be specified explicitly using 'hibernate.dialect' (remove the property setting and it will be selected by default)
2026-02-17T16:44:05.219+01:00  INFO 2504 --- [beauty-center-api] [           main] r$InitializeUserDetailsManagerConfigurer : Global AuthenticationManager configured with UserDetailsService bean with name customUserDetailsService
2026-02-17T16:44:05.643+01:00  INFO 2504 --- [beauty-center-api] [           main] o.s.b.a.e.web.EndpointLinksResolver      : Exposing 3 endpoints beneath base path '/actuator'
2026-02-17T16:44:05.930+01:00  WARN 2504 --- [beauty-center-api] [           main] thorizationManagerRequestMatcherRegistry : One of the patterns in [GET, /api/services] is missing a leading slash. This is discouraged; please include the leading slash in all your request matcher patterns. In future versions of Spring Security, leaving out the leading slash will result in an exception.
2026-02-17T16:44:05.936+01:00  WARN 2504 --- [beauty-center-api] [           main] thorizationManagerRequestMatcherRegistry : One of the patterns in [GET, /api/services/**] is missing a leading slash. This is discouraged; please include the leading slash in all your request matcher patterns. In future versions of Spring Security, leaving out the leading slash will result in an exception.
2026-02-17T16:44:05.978+01:00 DEBUG 2504 --- [beauty-center-api] [           main] o.s.s.web.DefaultSecurityFilterChain     : Will secure any request with filters: DisableEncodeUrlFilter, WebAsyncManagerIntegrationFilter, SecurityContextHolderFilter, HeaderWriterFilter, CorsFilter, LogoutFilter, JwtAuthFilter, RequestCacheAwareFilter, SecurityContextHolderAwareRequestFilter, AnonymousAuthenticationFilter, SessionManagementFilter, ExceptionTranslationFilter, AuthorizationFilter
2026-02-17T16:44:06.213+01:00  INFO 2504 --- [beauty-center-api] [           main] o.s.b.a.h2.H2ConsoleAutoConfiguration    : H2 console available at '/h2-console'. Database available at 'jdbc:h2:mem:testdb'
2026-02-17T16:44:06.275+01:00 DEBUG 2504 --- [beauty-center-api] [           main] beauty_center.security.JwtAuthFilter     : Filter 'jwtAuthFilter' configured for use
2026-02-17T16:44:06.279+01:00  INFO 2504 --- [beauty-center-api] [           main] o.s.b.t.m.w.SpringBootMockServletContext : Initializing Spring TestDispatcherServlet ''
2026-02-17T16:44:06.320+01:00  INFO 2504 --- [beauty-center-api] [           main] .AppointmentAuthorizationIntegrationTest : Started AppointmentAuthorizationIntegrationTest in 3.832 seconds (process running for 21.338)
2026-02-17T16:44:06.320+01:00 DEBUG 2504 --- [beauty-center-api] [   scheduling-1] b.m.n.scheduler.NotificationScheduler    : Notification scheduler running...
2026-02-17T16:44:06.324+01:00  INFO 2504 --- [beauty-center-api] [           main] b.m.auth.config.AuthBootstrapConfig      : === Bootstrapping Test Users ===
2026-02-17T16:44:06.448+01:00  INFO 2504 --- [beauty-center-api] [           main] b.m.auth.config.AuthBootstrapConfig      : Created test user: admin@beautycenter.com (ADMIN)
2026-02-17T16:44:06.528+01:00  INFO 2504 --- [beauty-center-api] [           main] b.m.auth.config.AuthBootstrapConfig      : Created test user: employee@beautycenter.com (EMPLOYEE)
2026-02-17T16:44:06.610+01:00  INFO 2504 --- [beauty-center-api] [           main] b.m.auth.config.AuthBootstrapConfig      : Created test user: client@beautycenter.com (CLIENT)
2026-02-17T16:44:06.610+01:00  INFO 2504 --- [beauty-center-api] [           main] b.m.auth.config.AuthBootstrapConfig      : === Test Users Bootstrap Complete ===
2026-02-17T16:44:06.613+01:00  INFO 2504 --- [beauty-center-api] [           main] b.m.n.c.NotificationBootstrapConfig      : === Bootstrapping Notification Rules ===
2026-02-17T16:44:06.618+01:00  INFO 2504 --- [beauty-center-api] [           main] b.m.n.c.NotificationBootstrapConfig      : Created rule: BOOKING_CONFIRMATION via EMAIL
2026-02-17T16:44:06.618+01:00  INFO 2504 --- [beauty-center-api] [           main] b.m.n.c.NotificationBootstrapConfig      : Created rule: REMINDER_24H via EMAIL
2026-02-17T16:44:06.624+01:00  INFO 2504 --- [beauty-center-api] [           main] b.m.n.c.NotificationBootstrapConfig      : Created rule: REMINDER_2H via SMS
2026-02-17T16:44:06.624+01:00  INFO 2504 --- [beauty-center-api] [           main] b.m.n.c.NotificationBootstrapConfig      : === Notification Rules Bootstrap Complete ===
2026-02-17T16:44:07.056+01:00 DEBUG 2504 --- [beauty-center-api] [           main] o.s.security.web.FilterChainProxy        : Securing POST /api/auth/login
2026-02-17T16:44:07.078+01:00 DEBUG 2504 --- [beauty-center-api] [           main] o.s.s.w.a.AnonymousAuthenticationFilter  : Set SecurityContextHolder to anonymous SecurityContext
2026-02-17T16:44:07.085+01:00 DEBUG 2504 --- [beauty-center-api] [           main] o.s.security.web.FilterChainProxy        : Secured POST /api/auth/login
2026-02-17T16:44:07.230+01:00  INFO 2504 --- [beauty-center-api] [           main] b.modules.auth.AuthController            : Login request for email: auth-emp1@test.com
2026-02-17T16:44:07.231+01:00  INFO 2504 --- [beauty-center-api] [           main] b.modules.auth.service.AuthService       : Login attempt for user: auth-emp1@test.com
2026-02-17T16:44:07.318+01:00 DEBUG 2504 --- [beauty-center-api] [           main] b.security.CustomUserDetailsService      : Loading user details for email: auth-emp1@test.com
2026-02-17T16:44:07.328+01:00 DEBUG 2504 --- [beauty-center-api] [           main] b.security.CustomUserDetailsService      : Added authority: ROLE_EMPLOYEE
2026-02-17T16:44:07.328+01:00 DEBUG 2504 --- [beauty-center-api] [           main] b.security.CustomUserDetailsService      : User auth-emp1@test.com loaded with authorities: [ROLE_EMPLOYEE]
2026-02-17T16:44:07.444+01:00 DEBUG 2504 --- [beauty-center-api] [           main] o.s.s.a.dao.DaoAuthenticationProvider    : Authenticated user
2026-02-17T16:44:07.446+01:00  INFO 2504 --- [beauty-center-api] [           main] b.modules.auth.service.AuthService       : User authenticated successfully: auth-emp1@test.com
2026-02-17T16:44:07.446+01:00 DEBUG 2504 --- [beauty-center-api] [           main] beauty_center.security.JwtService        : Generating access token for user: auth-emp1@test.com with roles: [ROLE_EMPLOYEE]
2026-02-17T16:44:07.578+01:00 DEBUG 2504 --- [beauty-center-api] [           main] beauty_center.security.JwtService        : Generating refresh token for user: auth-emp1@test.com
2026-02-17T16:44:07.588+01:00 DEBUG 2504 --- [beauty-center-api] [           main] b.modules.auth.service.AuthService       : Tokens generated for user: auth-emp1@test.com
2026-02-17T16:44:07.592+01:00  INFO 2504 --- [beauty-center-api] [           main] b.modules.auth.AuthController            : User logged in successfully: auth-emp1@test.com
2026-02-17T16:44:07.632+01:00 DEBUG 2504 --- [beauty-center-api] [           main] o.s.security.web.FilterChainProxy        : Securing POST /api/auth/login
2026-02-17T16:44:07.632+01:00 DEBUG 2504 --- [beauty-center-api] [           main] o.s.s.w.a.AnonymousAuthenticationFilter  : Set SecurityContextHolder to anonymous SecurityContext
2026-02-17T16:44:07.636+01:00 DEBUG 2504 --- [beauty-center-api] [           main] o.s.security.web.FilterChainProxy        : Secured POST /api/auth/login
2026-02-17T16:44:07.639+01:00  INFO 2504 --- [beauty-center-api] [           main] b.modules.auth.AuthController            : Login request for email: auth-emp2@test.com
2026-02-17T16:44:07.640+01:00  INFO 2504 --- [beauty-center-api] [           main] b.modules.auth.service.AuthService       : Login attempt for user: auth-emp2@test.com
2026-02-17T16:44:07.640+01:00 DEBUG 2504 --- [beauty-center-api] [           main] b.security.CustomUserDetailsService      : Loading user details for email: auth-emp2@test.com
2026-02-17T16:44:07.646+01:00 DEBUG 2504 --- [beauty-center-api] [           main] b.security.CustomUserDetailsService      : Added authority: ROLE_EMPLOYEE
2026-02-17T16:44:07.646+01:00 DEBUG 2504 --- [beauty-center-api] [           main] b.security.CustomUserDetailsService      : User auth-emp2@test.com loaded with authorities: [ROLE_EMPLOYEE]
2026-02-17T16:44:07.730+01:00 DEBUG 2504 --- [beauty-center-api] [           main] o.s.s.a.dao.DaoAuthenticationProvider    : Authenticated user
2026-02-17T16:44:07.730+01:00  INFO 2504 --- [beauty-center-api] [           main] b.modules.auth.service.AuthService       : User authenticated successfully: auth-emp2@test.com
2026-02-17T16:44:07.730+01:00 DEBUG 2504 --- [beauty-center-api] [           main] beauty_center.security.JwtService        : Generating access token for user: auth-emp2@test.com with roles: [ROLE_EMPLOYEE]
2026-02-17T16:44:07.730+01:00 DEBUG 2504 --- [beauty-center-api] [           main] beauty_center.security.JwtService        : Generating refresh token for user: auth-emp2@test.com
2026-02-17T16:44:07.730+01:00 DEBUG 2504 --- [beauty-center-api] [           main] b.modules.auth.service.AuthService       : Tokens generated for user: auth-emp2@test.com
2026-02-17T16:44:07.730+01:00  INFO 2504 --- [beauty-center-api] [           main] b.modules.auth.AuthController            : User logged in successfully: auth-emp2@test.com
2026-02-17T16:44:07.736+01:00 DEBUG 2504 --- [beauty-center-api] [           main] o.s.security.web.FilterChainProxy        : Securing POST /api/auth/login
2026-02-17T16:44:07.744+01:00 DEBUG 2504 --- [beauty-center-api] [           main] o.s.s.w.a.AnonymousAuthenticationFilter  : Set SecurityContextHolder to anonymous SecurityContext
2026-02-17T16:44:07.744+01:00 DEBUG 2504 --- [beauty-center-api] [           main] o.s.security.web.FilterChainProxy        : Secured POST /api/auth/login
2026-02-17T16:44:07.746+01:00  INFO 2504 --- [beauty-center-api] [           main] b.modules.auth.AuthController            : Login request for email: auth-admin@test.com
2026-02-17T16:44:07.746+01:00  INFO 2504 --- [beauty-center-api] [           main] b.modules.auth.service.AuthService       : Login attempt for user: auth-admin@test.com
2026-02-17T16:44:07.746+01:00 DEBUG 2504 --- [beauty-center-api] [           main] b.security.CustomUserDetailsService      : Loading user details for email: auth-admin@test.com
2026-02-17T16:44:07.748+01:00 DEBUG 2504 --- [beauty-center-api] [           main] b.security.CustomUserDetailsService      : Added authority: ROLE_ADMIN
2026-02-17T16:44:07.748+01:00 DEBUG 2504 --- [beauty-center-api] [           main] b.security.CustomUserDetailsService      : User auth-admin@test.com loaded with authorities: [ROLE_ADMIN]
2026-02-17T16:44:07.837+01:00 DEBUG 2504 --- [beauty-center-api] [           main] o.s.s.a.dao.DaoAuthenticationProvider    : Authenticated user
2026-02-17T16:44:07.838+01:00  INFO 2504 --- [beauty-center-api] [           main] b.modules.auth.service.AuthService       : User authenticated successfully: auth-admin@test.com
2026-02-17T16:44:07.838+01:00 DEBUG 2504 --- [beauty-center-api] [           main] beauty_center.security.JwtService        : Generating access token for user: auth-admin@test.com with roles: [ROLE_ADMIN]
2026-02-17T16:44:07.839+01:00 DEBUG 2504 --- [beauty-center-api] [           main] beauty_center.security.JwtService        : Generating refresh token for user: auth-admin@test.com
2026-02-17T16:44:07.839+01:00 DEBUG 2504 --- [beauty-center-api] [           main] b.modules.auth.service.AuthService       : Tokens generated for user: auth-admin@test.com
2026-02-17T16:44:07.843+01:00  INFO 2504 --- [beauty-center-api] [           main] b.modules.auth.AuthController            : User logged in successfully: auth-admin@test.com
2026-02-17T16:44:07.858+01:00 DEBUG 2504 --- [beauty-center-api] [           main] o.s.security.web.FilterChainProxy        : Securing POST /api/appointments/635fdb0a-c6fa-4e01-adf4-6ab38463c25b/complete
2026-02-17T16:44:07.912+01:00 DEBUG 2504 --- [beauty-center-api] [           main] beauty_center.security.JwtService        : Token validation successful
2026-02-17T16:44:07.918+01:00 DEBUG 2504 --- [beauty-center-api] [           main] beauty_center.security.JwtAuthFilter     : Authenticated user: auth-admin@test.com with authorities: [ROLE_ADMIN]
2026-02-17T16:44:07.920+01:00 DEBUG 2504 --- [beauty-center-api] [           main] o.s.security.web.FilterChainProxy        : Secured POST /api/appointments/635fdb0a-c6fa-4e01-adf4-6ab38463c25b/complete
2026-02-17T16:44:07.928+01:00 DEBUG 2504 --- [beauty-center-api] [           main] horizationManagerBeforeMethodInterceptor : Authorizing method invocation ReflectiveMethodInvocation: public org.springframework.http.ResponseEntity beauty_center.modules.appointments.controller.AppointmentController.completeAppointment(java.util.UUID); target is of class [beauty_center.modules.appointments.controller.AppointmentController]
2026-02-17T16:44:07.945+01:00 DEBUG 2504 --- [beauty-center-api] [           main] horizationManagerBeforeMethodInterceptor : Authorized method invocation ReflectiveMethodInvocation: public org.springframework.http.ResponseEntity beauty_center.modules.appointments.controller.AppointmentController.completeAppointment(java.util.UUID); target is of class [beauty_center.modules.appointments.controller.AppointmentController]
2026-02-17T16:44:07.945+01:00  INFO 2504 --- [beauty-center-api] [           main] b.m.a.controller.AppointmentController   : Complete appointment 635fdb0a-c6fa-4e01-adf4-6ab38463c25b requested by: auth-admin@test.com
2026-02-17T16:44:08.005+01:00  INFO 2504 --- [beauty-center-api] [           main] b.m.a.service.AppointmentService         : Appointment 635fdb0a-c6fa-4e01-adf4-6ab38463c25b marked as completed
2026-02-17T16:44:08.028+01:00  INFO 2504 --- [beauty-center-api] [           main] b.modules.audit.service.AuditService     : Audit entry created: entityType=Appointment, entityId=635fdb0a-c6fa-4e01-adf4-6ab38463c25b, action=UPDATE, actorId=c9e826e6-ca7e-45bf-92bd-11b8cd93cc9d
2026-02-17T16:44:08.409+01:00 DEBUG 2504 --- [beauty-center-api] [           main] o.s.security.web.FilterChainProxy        : Securing POST /api/auth/login
2026-02-17T16:44:08.409+01:00 DEBUG 2504 --- [beauty-center-api] [           main] o.s.s.w.a.AnonymousAuthenticationFilter  : Set SecurityContextHolder to anonymous SecurityContext
2026-02-17T16:44:08.409+01:00 DEBUG 2504 --- [beauty-center-api] [           main] o.s.security.web.FilterChainProxy        : Secured POST /api/auth/login
2026-02-17T16:44:08.409+01:00  INFO 2504 --- [beauty-center-api] [           main] b.modules.auth.AuthController            : Login request for email: auth-emp1@test.com
2026-02-17T16:44:08.409+01:00  INFO 2504 --- [beauty-center-api] [           main] b.modules.auth.service.AuthService       : Login attempt for user: auth-emp1@test.com
2026-02-17T16:44:08.409+01:00 DEBUG 2504 --- [beauty-center-api] [           main] b.security.CustomUserDetailsService      : Loading user details for email: auth-emp1@test.com
2026-02-17T16:44:08.418+01:00 DEBUG 2504 --- [beauty-center-api] [           main] b.security.CustomUserDetailsService      : Added authority: ROLE_EMPLOYEE
2026-02-17T16:44:08.418+01:00 DEBUG 2504 --- [beauty-center-api] [           main] b.security.CustomUserDetailsService      : User auth-emp1@test.com loaded with authorities: [ROLE_EMPLOYEE]
2026-02-17T16:44:08.498+01:00 DEBUG 2504 --- [beauty-center-api] [           main] o.s.s.a.dao.DaoAuthenticationProvider    : Authenticated user
2026-02-17T16:44:08.498+01:00  INFO 2504 --- [beauty-center-api] [           main] b.modules.auth.service.AuthService       : User authenticated successfully: auth-emp1@test.com
2026-02-17T16:44:08.498+01:00 DEBUG 2504 --- [beauty-center-api] [           main] beauty_center.security.JwtService        : Generating access token for user: auth-emp1@test.com with roles: [ROLE_EMPLOYEE]
2026-02-17T16:44:08.498+01:00 DEBUG 2504 --- [beauty-center-api] [           main] beauty_center.security.JwtService        : Generating refresh token for user: auth-emp1@test.com
2026-02-17T16:44:08.501+01:00 DEBUG 2504 --- [beauty-center-api] [           main] b.modules.auth.service.AuthService       : Tokens generated for user: auth-emp1@test.com
2026-02-17T16:44:08.501+01:00  INFO 2504 --- [beauty-center-api] [           main] b.modules.auth.AuthController            : User logged in successfully: auth-emp1@test.com
2026-02-17T16:44:08.505+01:00 DEBUG 2504 --- [beauty-center-api] [           main] o.s.security.web.FilterChainProxy        : Securing POST /api/auth/login
2026-02-17T16:44:08.508+01:00 DEBUG 2504 --- [beauty-center-api] [           main] o.s.s.w.a.AnonymousAuthenticationFilter  : Set SecurityContextHolder to anonymous SecurityContext
2026-02-17T16:44:08.508+01:00 DEBUG 2504 --- [beauty-center-api] [           main] o.s.security.web.FilterChainProxy        : Secured POST /api/auth/login
2026-02-17T16:44:08.511+01:00  INFO 2504 --- [beauty-center-api] [           main] b.modules.auth.AuthController            : Login request for email: auth-emp2@test.com
2026-02-17T16:44:08.511+01:00  INFO 2504 --- [beauty-center-api] [           main] b.modules.auth.service.AuthService       : Login attempt for user: auth-emp2@test.com
2026-02-17T16:44:08.511+01:00 DEBUG 2504 --- [beauty-center-api] [           main] b.security.CustomUserDetailsService      : Loading user details for email: auth-emp2@test.com
2026-02-17T16:44:08.511+01:00 DEBUG 2504 --- [beauty-center-api] [           main] b.security.CustomUserDetailsService      : Added authority: ROLE_EMPLOYEE
2026-02-17T16:44:08.511+01:00 DEBUG 2504 --- [beauty-center-api] [           main] b.security.CustomUserDetailsService      : User auth-emp2@test.com loaded with authorities: [ROLE_EMPLOYEE]
2026-02-17T16:44:08.608+01:00 DEBUG 2504 --- [beauty-center-api] [           main] o.s.s.a.dao.DaoAuthenticationProvider    : Authenticated user
2026-02-17T16:44:08.608+01:00  INFO 2504 --- [beauty-center-api] [           main] b.modules.auth.service.AuthService       : User authenticated successfully: auth-emp2@test.com
2026-02-17T16:44:08.608+01:00 DEBUG 2504 --- [beauty-center-api] [           main] beauty_center.security.JwtService        : Generating access token for user: auth-emp2@test.com with roles: [ROLE_EMPLOYEE]
2026-02-17T16:44:08.615+01:00 DEBUG 2504 --- [beauty-center-api] [           main] beauty_center.security.JwtService        : Generating refresh token for user: auth-emp2@test.com
2026-02-17T16:44:08.615+01:00 DEBUG 2504 --- [beauty-center-api] [           main] b.modules.auth.service.AuthService       : Tokens generated for user: auth-emp2@test.com
2026-02-17T16:44:08.615+01:00  INFO 2504 --- [beauty-center-api] [           main] b.modules.auth.AuthController            : User logged in successfully: auth-emp2@test.com
2026-02-17T16:44:08.618+01:00 DEBUG 2504 --- [beauty-center-api] [           main] o.s.security.web.FilterChainProxy        : Securing POST /api/auth/login
2026-02-17T16:44:08.618+01:00 DEBUG 2504 --- [beauty-center-api] [           main] o.s.s.w.a.AnonymousAuthenticationFilter  : Set SecurityContextHolder to anonymous SecurityContext
2026-02-17T16:44:08.618+01:00 DEBUG 2504 --- [beauty-center-api] [           main] o.s.security.web.FilterChainProxy        : Secured POST /api/auth/login
2026-02-17T16:44:08.618+01:00  INFO 2504 --- [beauty-center-api] [           main] b.modules.auth.AuthController            : Login request for email: auth-admin@test.com
2026-02-17T16:44:08.618+01:00  INFO 2504 --- [beauty-center-api] [           main] b.modules.auth.service.AuthService       : Login attempt for user: auth-admin@test.com
2026-02-17T16:44:08.618+01:00 DEBUG 2504 --- [beauty-center-api] [           main] b.security.CustomUserDetailsService      : Loading user details for email: auth-admin@test.com
2026-02-17T16:44:08.624+01:00 DEBUG 2504 --- [beauty-center-api] [           main] b.security.CustomUserDetailsService      : Added authority: ROLE_ADMIN
2026-02-17T16:44:08.624+01:00 DEBUG 2504 --- [beauty-center-api] [           main] b.security.CustomUserDetailsService      : User auth-admin@test.com loaded with authorities: [ROLE_ADMIN]
2026-02-17T16:44:08.692+01:00 DEBUG 2504 --- [beauty-center-api] [           main] o.s.s.a.dao.DaoAuthenticationProvider    : Authenticated user
2026-02-17T16:44:08.692+01:00  INFO 2504 --- [beauty-center-api] [           main] b.modules.auth.service.AuthService       : User authenticated successfully: auth-admin@test.com
2026-02-17T16:44:08.692+01:00 DEBUG 2504 --- [beauty-center-api] [           main] beauty_center.security.JwtService        : Generating access token for user: auth-admin@test.com with roles: [ROLE_ADMIN]
2026-02-17T16:44:08.698+01:00 DEBUG 2504 --- [beauty-center-api] [           main] beauty_center.security.JwtService        : Generating refresh token for user: auth-admin@test.com
2026-02-17T16:44:08.698+01:00 DEBUG 2504 --- [beauty-center-api] [           main] b.modules.auth.service.AuthService       : Tokens generated for user: auth-admin@test.com
2026-02-17T16:44:08.698+01:00  INFO 2504 --- [beauty-center-api] [           main] b.modules.auth.AuthController            : User logged in successfully: auth-admin@test.com
2026-02-17T16:44:08.709+01:00 DEBUG 2504 --- [beauty-center-api] [           main] o.s.security.web.FilterChainProxy        : Securing PUT /api/appointments/48b3cb46-9f48-42c4-80d1-4f573e335870
2026-02-17T16:44:08.711+01:00 DEBUG 2504 --- [beauty-center-api] [           main] beauty_center.security.JwtService        : Token validation successful
2026-02-17T16:44:08.713+01:00 DEBUG 2504 --- [beauty-center-api] [           main] beauty_center.security.JwtAuthFilter     : Authenticated user: auth-emp1@test.com with authorities: [ROLE_EMPLOYEE]
2026-02-17T16:44:08.713+01:00 DEBUG 2504 --- [beauty-center-api] [           main] o.s.security.web.FilterChainProxy        : Secured PUT /api/appointments/48b3cb46-9f48-42c4-80d1-4f573e335870
2026-02-17T16:44:08.728+01:00 DEBUG 2504 --- [beauty-center-api] [           main] horizationManagerBeforeMethodInterceptor : Authorizing method invocation ReflectiveMethodInvocation: public org.springframework.http.ResponseEntity beauty_center.modules.appointments.controller.AppointmentController.updateAppointment(java.util.UUID,beauty_center.modules.appointments.dto.AppointmentUpdateRequest); target is of class [beauty_center.modules.appointments.controller.AppointmentController]
2026-02-17T16:44:08.728+01:00 DEBUG 2504 --- [beauty-center-api] [           main] horizationManagerBeforeMethodInterceptor : Authorized method invocation ReflectiveMethodInvocation: public org.springframework.http.ResponseEntity beauty_center.modules.appointments.controller.AppointmentController.updateAppointment(java.util.UUID,beauty_center.modules.appointments.dto.AppointmentUpdateRequest); target is of class [beauty_center.modules.appointments.controller.AppointmentController]
2026-02-17T16:44:08.728+01:00  INFO 2504 --- [beauty-center-api] [           main] b.m.a.controller.AppointmentController   : Update appointment 48b3cb46-9f48-42c4-80d1-4f573e335870 requested by: auth-emp1@test.com
2026-02-17T16:44:08.778+01:00 DEBUG 2504 --- [beauty-center-api] [           main] b.m.s.service.AvailabilityService        : Checking availability for employee b83b3e11-8241-4dc3-b287-083b66d74fbe from 2026-02-18T13:00Z to 2026-02-18T14:00Z
2026-02-17T16:44:08.792+01:00 DEBUG 2504 --- [beauty-center-api] [           main] b.m.s.service.AvailabilityService        : Employee b83b3e11-8241-4dc3-b287-083b66d74fbe does not work on WED
2026-02-17T16:44:08.792+01:00  WARN 2504 --- [beauty-center-api] [           main] b.m.a.service.AppointmentService         : Time slot not available for employee b83b3e11-8241-4dc3-b287-083b66d74fbe from 2026-02-18T13:00Z to 2026-02-18T14:00Z - outside working hours or during absence
2026-02-17T16:44:08.798+01:00  WARN 2504 --- [beauty-center-api] [           main] b.common.error.GlobalExceptionHandler    : Appointment conflict: The requested time slot is not available. Please choose another time.

MockHttpServletRequest:
      HTTP Method = POST
      Request URI = /api/auth/login
       Parameters = {}
          Headers = [Content-Type:"application/json;charset=UTF-8", Content-Length:"56"]
             Body = {"email":"auth-emp1@test.com","password":"Employee@123"}
    Session Attrs = {}

Handler:
             Type = beauty_center.modules.auth.AuthController
           Method = beauty_center.modules.auth.AuthController#login(LoginRequest)

Async:
    Async started = false
     Async result = null

Resolved Exception:
             Type = null

ModelAndView:
        View name = null
             View = null
            Model = null

FlashMap:
       Attributes = null

MockHttpServletResponse:
           Status = 200
    Error message = null
          Headers = [Vary:"Origin", "Access-Control-Request-Method", "Access-Control-Request-Headers", Content-Type:"application/json", X-Content-Type-Options:"nosniff", X-XSS-Protection:"0", Cache-Control:"no-cache, no-store, max-age=0, must-revalidate", Pragma:"no-cache", Expires:"0", X-Frame-Options:"DENY"]
     Content type = application/json
             Body = {"success":true,"message":"Login successful","data":{"accessToken":"eyJhbGciOiJIUzM4NCJ9.eyJzdWIiOiJhdXRoLWVtcDFAdGVzdC5jb20iLCJyb2xlcyI6WyJST0xFX0VNUExPWUVFIl0sImlhdCI6MTc3MTM0MzA0OCwiZXhwIjoxNzcxMzQ2NjQ4fQ.e1RmyFxx6C6GubAv--52AUryubz2bbsbmJWtg91OvZad_m_oY9bIQywjNQaQ3IAw","refreshToken":"eyJhbGciOiJIUzM4NCJ9.eyJzdWIiOiJhdXRoLWVtcDFAdGVzdC5jb20iLCJyb2xlcyI6WyJST0xFX0VNUExPWUVFIl0sImlhdCI6MTc3MTM0MzA0OCwiZXhwIjoxNzcxOTQ3ODQ4fQ.jzdOVEMFRVhIi2aG-ZsCPDdzOpqMlVpkZHCyQaonYaioIhDfgQqP6DIx78rfl_bV","tokenType":"Bearer","expiresIn":3600}}
    Forwarded URL = null
   Redirected URL = null
          Cookies = []

MockHttpServletRequest:
      HTTP Method = POST
      Request URI = /api/auth/login
       Parameters = {}
          Headers = [Content-Type:"application/json;charset=UTF-8", Content-Length:"56"]
             Body = {"email":"auth-emp2@test.com","password":"Employee@123"}
    Session Attrs = {}

Handler:
             Type = beauty_center.modules.auth.AuthController
           Method = beauty_center.modules.auth.AuthController#login(LoginRequest)

Async:
    Async started = false
     Async result = null

Resolved Exception:
             Type = null

ModelAndView:
        View name = null
             View = null
            Model = null

FlashMap:
       Attributes = null

MockHttpServletResponse:
           Status = 200
    Error message = null
          Headers = [Vary:"Origin", "Access-Control-Request-Method", "Access-Control-Request-Headers", Content-Type:"application/json", X-Content-Type-Options:"nosniff", X-XSS-Protection:"0", Cache-Control:"no-cache, no-store, max-age=0, must-revalidate", Pragma:"no-cache", Expires:"0", X-Frame-Options:"DENY"]
     Content type = application/json
             Body = {"success":true,"message":"Login successful","data":{"accessToken":"eyJhbGciOiJIUzM4NCJ9.eyJzdWIiOiJhdXRoLWVtcDJAdGVzdC5jb20iLCJyb2xlcyI6WyJST0xFX0VNUExPWUVFIl0sImlhdCI6MTc3MTM0MzA0OCwiZXhwIjoxNzcxMzQ2NjQ4fQ.7bx2Vz3Wq9KI2NV-lGNA-VNhUKzgsggDEp3N9iogNhnTR2EsXKySMxmOVaRqoW30","refreshToken":"eyJhbGciOiJIUzM4NCJ9.eyJzdWIiOiJhdXRoLWVtcDJAdGVzdC5jb20iLCJyb2xlcyI6WyJST0xFX0VNUExPWUVFIl0sImlhdCI6MTc3MTM0MzA0OCwiZXhwIjoxNzcxOTQ3ODQ4fQ.cHH6H84yJECvKqlNgfep_Ri_ekO6aQOcHjMUfzXK7IY4Xry7BKoUuCcgXYLLTZ2M","tokenType":"Bearer","expiresIn":3600}}
    Forwarded URL = null
   Redirected URL = null
          Cookies = []

MockHttpServletRequest:
      HTTP Method = POST
      Request URI = /api/auth/login
       Parameters = {}
          Headers = [Content-Type:"application/json;charset=UTF-8", Content-Length:"54"]
             Body = {"email":"auth-admin@test.com","password":"Admin@123"}
    Session Attrs = {}

Handler:
             Type = beauty_center.modules.auth.AuthController
           Method = beauty_center.modules.auth.AuthController#login(LoginRequest)

Async:
    Async started = false
     Async result = null

Resolved Exception:
             Type = null

ModelAndView:
        View name = null
             View = null
            Model = null

FlashMap:
       Attributes = null

MockHttpServletResponse:
           Status = 200
    Error message = null
          Headers = [Vary:"Origin", "Access-Control-Request-Method", "Access-Control-Request-Headers", Content-Type:"application/json", X-Content-Type-Options:"nosniff", X-XSS-Protection:"0", Cache-Control:"no-cache, no-store, max-age=0, must-revalidate", Pragma:"no-cache", Expires:"0", X-Frame-Options:"DENY"]
     Content type = application/json
             Body = {"success":true,"message":"Login successful","data":{"accessToken":"eyJhbGciOiJIUzM4NCJ9.eyJzdWIiOiJhdXRoLWFkbWluQHRlc3QuY29tIiwicm9sZXMiOlsiUk9MRV9BRE1JTiJdLCJpYXQiOjE3NzEzNDMwNDgsImV4cCI6MTc3MTM0NjY0OH0.SCjCktc-U40J0pfjIsTZgIJ6_BrUant5zb4OnisAVjvIWRjMWrRnWzY9yKZJJhJJ","refreshToken":"eyJhbGciOiJIUzM4NCJ9.eyJzdWIiOiJhdXRoLWFkbWluQHRlc3QuY29tIiwicm9sZXMiOlsiUk9MRV9BRE1JTiJdLCJpYXQiOjE3NzEzNDMwNDgsImV4cCI6MTc3MTk0Nzg0OH0.DlwPqlqsysHEbsyJjlVUA1CbHNgWQyCc88rLUsYyiM8ZBaJf5anensHG-bBm5BFN","tokenType":"Bearer","expiresIn":3600}}
    Forwarded URL = null
   Redirected URL = null
          Cookies = []

MockHttpServletRequest:
      HTTP Method = PUT
      Request URI = /api/appointments/48b3cb46-9f48-42c4-80d1-4f573e335870
       Parameters = {}
          Headers = [Content-Type:"application/json;charset=UTF-8", Authorization:"Bearer eyJhbGciOiJIUzM4NCJ9.eyJzdWIiOiJhdXRoLWVtcDFAdGVzdC5jb20iLCJyb2xlcyI6WyJST0xFX0VNUExPWUVFIl0sImlhdCI6MTc3MTM0MzA0OCwiZXhwIjoxNzcxMzQ2NjQ4fQ.e1RmyFxx6C6GubAv--52AUryubz2bbsbmJWtg91OvZad_m_oY9bIQywjNQaQ3IAw", Content-Length:"155"]
             Body = {"employeeId":"b83b3e11-8241-4dc3-b287-083b66d74fbe","serviceId":"468d6e8a-fbf3-4905-9957-458b12edbae1","startAt":"2026-02-18T14:00:00+01:00","notes":null}
    Session Attrs = {}

Handler:
             Type = beauty_center.modules.appointments.controller.AppointmentController
           Method = beauty_center.modules.appointments.controller.AppointmentController#updateAppointment(UUID, AppointmentUpdateRequest)

Async:
    Async started = false
     Async result = null

Resolved Exception:
             Type = beauty_center.modules.appointments.service.BookingService$AppointmentConflictException

ModelAndView:
        View name = null
             View = null
            Model = null

FlashMap:
       Attributes = null

MockHttpServletResponse:
           Status = 409
    Error message = null
          Headers = [Vary:"Origin", "Access-Control-Request-Method", "Access-Control-Request-Headers", Content-Type:"application/json", X-Content-Type-Options:"nosniff", X-XSS-Protection:"0", Cache-Control:"no-cache, no-store, max-age=0, must-revalidate", Pragma:"no-cache", Expires:"0", X-Frame-Options:"DENY"]
     Content type = application/json
             Body = {"success":false,"message":"The requested time slot is not available. Please choose another time.","errorCode":"APPOINTMENT_CONFLICT","status":409}
    Forwarded URL = null
   Redirected URL = null
          Cookies = []
2026-02-17T16:44:09.210+01:00 DEBUG 2504 --- [beauty-center-api] [           main] o.s.security.web.FilterChainProxy        : Securing POST /api/auth/login
2026-02-17T16:44:09.210+01:00 DEBUG 2504 --- [beauty-center-api] [           main] o.s.s.w.a.AnonymousAuthenticationFilter  : Set SecurityContextHolder to anonymous SecurityContext
2026-02-17T16:44:09.210+01:00 DEBUG 2504 --- [beauty-center-api] [           main] o.s.security.web.FilterChainProxy        : Secured POST /api/auth/login
2026-02-17T16:44:09.210+01:00  INFO 2504 --- [beauty-center-api] [           main] b.modules.auth.AuthController            : Login request for email: auth-emp1@test.com
2026-02-17T16:44:09.210+01:00  INFO 2504 --- [beauty-center-api] [           main] b.modules.auth.service.AuthService       : Login attempt for user: auth-emp1@test.com
2026-02-17T16:44:09.210+01:00 DEBUG 2504 --- [beauty-center-api] [           main] b.security.CustomUserDetailsService      : Loading user details for email: auth-emp1@test.com
2026-02-17T16:44:09.210+01:00 DEBUG 2504 --- [beauty-center-api] [           main] b.security.CustomUserDetailsService      : Added authority: ROLE_EMPLOYEE
2026-02-17T16:44:09.210+01:00 DEBUG 2504 --- [beauty-center-api] [           main] b.security.CustomUserDetailsService      : User auth-emp1@test.com loaded with authorities: [ROLE_EMPLOYEE]
2026-02-17T16:44:09.283+01:00 DEBUG 2504 --- [beauty-center-api] [           main] o.s.s.a.dao.DaoAuthenticationProvider    : Authenticated user
2026-02-17T16:44:09.283+01:00  INFO 2504 --- [beauty-center-api] [           main] b.modules.auth.service.AuthService       : User authenticated successfully: auth-emp1@test.com
2026-02-17T16:44:09.283+01:00 DEBUG 2504 --- [beauty-center-api] [           main] beauty_center.security.JwtService        : Generating access token for user: auth-emp1@test.com with roles: [ROLE_EMPLOYEE]
2026-02-17T16:44:09.283+01:00 DEBUG 2504 --- [beauty-center-api] [           main] beauty_center.security.JwtService        : Generating refresh token for user: auth-emp1@test.com
2026-02-17T16:44:09.283+01:00 DEBUG 2504 --- [beauty-center-api] [           main] b.modules.auth.service.AuthService       : Tokens generated for user: auth-emp1@test.com
2026-02-17T16:44:09.283+01:00  INFO 2504 --- [beauty-center-api] [           main] b.modules.auth.AuthController            : User logged in successfully: auth-emp1@test.com
2026-02-17T16:44:09.283+01:00 DEBUG 2504 --- [beauty-center-api] [           main] o.s.security.web.FilterChainProxy        : Securing POST /api/auth/login
2026-02-17T16:44:09.288+01:00 DEBUG 2504 --- [beauty-center-api] [           main] o.s.s.w.a.AnonymousAuthenticationFilter  : Set SecurityContextHolder to anonymous SecurityContext
2026-02-17T16:44:09.290+01:00 DEBUG 2504 --- [beauty-center-api] [           main] o.s.security.web.FilterChainProxy        : Secured POST /api/auth/login
2026-02-17T16:44:09.293+01:00  INFO 2504 --- [beauty-center-api] [           main] b.modules.auth.AuthController            : Login request for email: auth-emp2@test.com
2026-02-17T16:44:09.293+01:00  INFO 2504 --- [beauty-center-api] [           main] b.modules.auth.service.AuthService       : Login attempt for user: auth-emp2@test.com
2026-02-17T16:44:09.293+01:00 DEBUG 2504 --- [beauty-center-api] [           main] b.security.CustomUserDetailsService      : Loading user details for email: auth-emp2@test.com
2026-02-17T16:44:09.293+01:00 DEBUG 2504 --- [beauty-center-api] [           main] b.security.CustomUserDetailsService      : Added authority: ROLE_EMPLOYEE
2026-02-17T16:44:09.293+01:00 DEBUG 2504 --- [beauty-center-api] [           main] b.security.CustomUserDetailsService      : User auth-emp2@test.com loaded with authorities: [ROLE_EMPLOYEE]
2026-02-17T16:44:09.358+01:00 DEBUG 2504 --- [beauty-center-api] [           main] o.s.s.a.dao.DaoAuthenticationProvider    : Authenticated user
2026-02-17T16:44:09.358+01:00  INFO 2504 --- [beauty-center-api] [           main] b.modules.auth.service.AuthService       : User authenticated successfully: auth-emp2@test.com
2026-02-17T16:44:09.358+01:00 DEBUG 2504 --- [beauty-center-api] [           main] beauty_center.security.JwtService        : Generating access token for user: auth-emp2@test.com with roles: [ROLE_EMPLOYEE]
2026-02-17T16:44:09.358+01:00 DEBUG 2504 --- [beauty-center-api] [           main] beauty_center.security.JwtService        : Generating refresh token for user: auth-emp2@test.com
2026-02-17T16:44:09.358+01:00 DEBUG 2504 --- [beauty-center-api] [           main] b.modules.auth.service.AuthService       : Tokens generated for user: auth-emp2@test.com
2026-02-17T16:44:09.358+01:00  INFO 2504 --- [beauty-center-api] [           main] b.modules.auth.AuthController            : User logged in successfully: auth-emp2@test.com
2026-02-17T16:44:09.366+01:00 DEBUG 2504 --- [beauty-center-api] [           main] o.s.security.web.FilterChainProxy        : Securing POST /api/auth/login
2026-02-17T16:44:09.366+01:00 DEBUG 2504 --- [beauty-center-api] [           main] o.s.s.w.a.AnonymousAuthenticationFilter  : Set SecurityContextHolder to anonymous SecurityContext
2026-02-17T16:44:09.366+01:00 DEBUG 2504 --- [beauty-center-api] [           main] o.s.security.web.FilterChainProxy        : Secured POST /api/auth/login
2026-02-17T16:44:09.368+01:00  INFO 2504 --- [beauty-center-api] [           main] b.modules.auth.AuthController            : Login request for email: auth-admin@test.com
2026-02-17T16:44:09.368+01:00  INFO 2504 --- [beauty-center-api] [           main] b.modules.auth.service.AuthService       : Login attempt for user: auth-admin@test.com
2026-02-17T16:44:09.368+01:00 DEBUG 2504 --- [beauty-center-api] [           main] b.security.CustomUserDetailsService      : Loading user details for email: auth-admin@test.com
2026-02-17T16:44:09.368+01:00 DEBUG 2504 --- [beauty-center-api] [           main] b.security.CustomUserDetailsService      : Added authority: ROLE_ADMIN
2026-02-17T16:44:09.368+01:00 DEBUG 2504 --- [beauty-center-api] [           main] b.security.CustomUserDetailsService      : User auth-admin@test.com loaded with authorities: [ROLE_ADMIN]
2026-02-17T16:44:09.440+01:00 DEBUG 2504 --- [beauty-center-api] [           main] o.s.s.a.dao.DaoAuthenticationProvider    : Authenticated user
2026-02-17T16:44:09.440+01:00  INFO 2504 --- [beauty-center-api] [           main] b.modules.auth.service.AuthService       : User authenticated successfully: auth-admin@test.com
2026-02-17T16:44:09.440+01:00 DEBUG 2504 --- [beauty-center-api] [           main] beauty_center.security.JwtService        : Generating access token for user: auth-admin@test.com with roles: [ROLE_ADMIN]
2026-02-17T16:44:09.440+01:00 DEBUG 2504 --- [beauty-center-api] [           main] beauty_center.security.JwtService        : Generating refresh token for user: auth-admin@test.com
2026-02-17T16:44:09.440+01:00 DEBUG 2504 --- [beauty-center-api] [           main] b.modules.auth.service.AuthService       : Tokens generated for user: auth-admin@test.com
2026-02-17T16:44:09.442+01:00  INFO 2504 --- [beauty-center-api] [           main] b.modules.auth.AuthController            : User logged in successfully: auth-admin@test.com
2026-02-17T16:44:09.448+01:00 DEBUG 2504 --- [beauty-center-api] [           main] o.s.security.web.FilterChainProxy        : Securing POST /api/appointments/d9326bba-59ea-4739-a026-ab792237769d/complete
2026-02-17T16:44:09.448+01:00 DEBUG 2504 --- [beauty-center-api] [           main] beauty_center.security.JwtService        : Token validation successful
2026-02-17T16:44:09.450+01:00 DEBUG 2504 --- [beauty-center-api] [           main] beauty_center.security.JwtAuthFilter     : Authenticated user: auth-emp2@test.com with authorities: [ROLE_EMPLOYEE]
2026-02-17T16:44:09.450+01:00 DEBUG 2504 --- [beauty-center-api] [           main] o.s.security.web.FilterChainProxy        : Secured POST /api/appointments/d9326bba-59ea-4739-a026-ab792237769d/complete
2026-02-17T16:44:09.450+01:00 DEBUG 2504 --- [beauty-center-api] [           main] horizationManagerBeforeMethodInterceptor : Authorizing method invocation ReflectiveMethodInvocation: public org.springframework.http.ResponseEntity beauty_center.modules.appointments.controller.AppointmentController.completeAppointment(java.util.UUID); target is of class [beauty_center.modules.appointments.controller.AppointmentController]
2026-02-17T16:44:09.450+01:00 DEBUG 2504 --- [beauty-center-api] [           main] horizationManagerBeforeMethodInterceptor : Authorized method invocation ReflectiveMethodInvocation: public org.springframework.http.ResponseEntity beauty_center.modules.appointments.controller.AppointmentController.completeAppointment(java.util.UUID); target is of class [beauty_center.modules.appointments.controller.AppointmentController]
2026-02-17T16:44:09.450+01:00  INFO 2504 --- [beauty-center-api] [           main] b.m.a.controller.AppointmentController   : Complete appointment d9326bba-59ea-4739-a026-ab792237769d requested by: auth-emp2@test.com
2026-02-17T16:44:09.458+01:00  WARN 2504 --- [beauty-center-api] [           main] b.m.a.controller.AppointmentController   : User fc9aa51a-ca65-498d-9eb8-5f1fb5a3a9bb attempted to complete appointment d9326bba-59ea-4739-a026-ab792237769d without permission
2026-02-17T16:44:09.793+01:00 DEBUG 2504 --- [beauty-center-api] [           main] o.s.security.web.FilterChainProxy        : Securing POST /api/auth/login
2026-02-17T16:44:09.793+01:00 DEBUG 2504 --- [beauty-center-api] [           main] o.s.s.w.a.AnonymousAuthenticationFilter  : Set SecurityContextHolder to anonymous SecurityContext
2026-02-17T16:44:09.793+01:00 DEBUG 2504 --- [beauty-center-api] [           main] o.s.security.web.FilterChainProxy        : Secured POST /api/auth/login
2026-02-17T16:44:09.793+01:00  INFO 2504 --- [beauty-center-api] [           main] b.modules.auth.AuthController            : Login request for email: auth-emp1@test.com
2026-02-17T16:44:09.798+01:00  INFO 2504 --- [beauty-center-api] [           main] b.modules.auth.service.AuthService       : Login attempt for user: auth-emp1@test.com
2026-02-17T16:44:09.798+01:00 DEBUG 2504 --- [beauty-center-api] [           main] b.security.CustomUserDetailsService      : Loading user details for email: auth-emp1@test.com
2026-02-17T16:44:09.798+01:00 DEBUG 2504 --- [beauty-center-api] [           main] b.security.CustomUserDetailsService      : Added authority: ROLE_EMPLOYEE
2026-02-17T16:44:09.798+01:00 DEBUG 2504 --- [beauty-center-api] [           main] b.security.CustomUserDetailsService      : User auth-emp1@test.com loaded with authorities: [ROLE_EMPLOYEE]
2026-02-17T16:44:09.872+01:00 DEBUG 2504 --- [beauty-center-api] [           main] o.s.s.a.dao.DaoAuthenticationProvider    : Authenticated user
2026-02-17T16:44:09.872+01:00  INFO 2504 --- [beauty-center-api] [           main] b.modules.auth.service.AuthService       : User authenticated successfully: auth-emp1@test.com
2026-02-17T16:44:09.872+01:00 DEBUG 2504 --- [beauty-center-api] [           main] beauty_center.security.JwtService        : Generating access token for user: auth-emp1@test.com with roles: [ROLE_EMPLOYEE]
2026-02-17T16:44:09.872+01:00 DEBUG 2504 --- [beauty-center-api] [           main] beauty_center.security.JwtService        : Generating refresh token for user: auth-emp1@test.com
2026-02-17T16:44:09.872+01:00 DEBUG 2504 --- [beauty-center-api] [           main] b.modules.auth.service.AuthService       : Tokens generated for user: auth-emp1@test.com
2026-02-17T16:44:09.872+01:00  INFO 2504 --- [beauty-center-api] [           main] b.modules.auth.AuthController            : User logged in successfully: auth-emp1@test.com
2026-02-17T16:44:09.878+01:00 DEBUG 2504 --- [beauty-center-api] [           main] o.s.security.web.FilterChainProxy        : Securing POST /api/auth/login
2026-02-17T16:44:09.878+01:00 DEBUG 2504 --- [beauty-center-api] [           main] o.s.s.w.a.AnonymousAuthenticationFilter  : Set SecurityContextHolder to anonymous SecurityContext
2026-02-17T16:44:09.878+01:00 DEBUG 2504 --- [beauty-center-api] [           main] o.s.security.web.FilterChainProxy        : Secured POST /api/auth/login
2026-02-17T16:44:09.880+01:00  INFO 2504 --- [beauty-center-api] [           main] b.modules.auth.AuthController            : Login request for email: auth-emp2@test.com
2026-02-17T16:44:09.880+01:00  INFO 2504 --- [beauty-center-api] [           main] b.modules.auth.service.AuthService       : Login attempt for user: auth-emp2@test.com
2026-02-17T16:44:09.880+01:00 DEBUG 2504 --- [beauty-center-api] [           main] b.security.CustomUserDetailsService      : Loading user details for email: auth-emp2@test.com
2026-02-17T16:44:09.883+01:00 DEBUG 2504 --- [beauty-center-api] [           main] b.security.CustomUserDetailsService      : Added authority: ROLE_EMPLOYEE
2026-02-17T16:44:09.883+01:00 DEBUG 2504 --- [beauty-center-api] [           main] b.security.CustomUserDetailsService      : User auth-emp2@test.com loaded with authorities: [ROLE_EMPLOYEE]
2026-02-17T16:44:09.955+01:00 DEBUG 2504 --- [beauty-center-api] [           main] o.s.s.a.dao.DaoAuthenticationProvider    : Authenticated user
2026-02-17T16:44:09.955+01:00  INFO 2504 --- [beauty-center-api] [           main] b.modules.auth.service.AuthService       : User authenticated successfully: auth-emp2@test.com
2026-02-17T16:44:09.958+01:00 DEBUG 2504 --- [beauty-center-api] [           main] beauty_center.security.JwtService        : Generating access token for user: auth-emp2@test.com with roles: [ROLE_EMPLOYEE]
2026-02-17T16:44:09.958+01:00 DEBUG 2504 --- [beauty-center-api] [           main] beauty_center.security.JwtService        : Generating refresh token for user: auth-emp2@test.com
2026-02-17T16:44:09.958+01:00 DEBUG 2504 --- [beauty-center-api] [           main] b.modules.auth.service.AuthService       : Tokens generated for user: auth-emp2@test.com
2026-02-17T16:44:09.958+01:00  INFO 2504 --- [beauty-center-api] [           main] b.modules.auth.AuthController            : User logged in successfully: auth-emp2@test.com
2026-02-17T16:44:09.958+01:00 DEBUG 2504 --- [beauty-center-api] [           main] o.s.security.web.FilterChainProxy        : Securing POST /api/auth/login
2026-02-17T16:44:09.958+01:00 DEBUG 2504 --- [beauty-center-api] [           main] o.s.s.w.a.AnonymousAuthenticationFilter  : Set SecurityContextHolder to anonymous SecurityContext
2026-02-17T16:44:09.958+01:00 DEBUG 2504 --- [beauty-center-api] [           main] o.s.security.web.FilterChainProxy        : Secured POST /api/auth/login
2026-02-17T16:44:09.962+01:00  INFO 2504 --- [beauty-center-api] [           main] b.modules.auth.AuthController            : Login request for email: auth-admin@test.com
2026-02-17T16:44:09.962+01:00  INFO 2504 --- [beauty-center-api] [           main] b.modules.auth.service.AuthService       : Login attempt for user: auth-admin@test.com
2026-02-17T16:44:09.962+01:00 DEBUG 2504 --- [beauty-center-api] [           main] b.security.CustomUserDetailsService      : Loading user details for email: auth-admin@test.com
2026-02-17T16:44:09.962+01:00 DEBUG 2504 --- [beauty-center-api] [           main] b.security.CustomUserDetailsService      : Added authority: ROLE_ADMIN
2026-02-17T16:44:09.962+01:00 DEBUG 2504 --- [beauty-center-api] [           main] b.security.CustomUserDetailsService      : User auth-admin@test.com loaded with authorities: [ROLE_ADMIN]
2026-02-17T16:44:10.028+01:00 DEBUG 2504 --- [beauty-center-api] [           main] o.s.s.a.dao.DaoAuthenticationProvider    : Authenticated user
2026-02-17T16:44:10.028+01:00  INFO 2504 --- [beauty-center-api] [           main] b.modules.auth.service.AuthService       : User authenticated successfully: auth-admin@test.com
2026-02-17T16:44:10.028+01:00 DEBUG 2504 --- [beauty-center-api] [           main] beauty_center.security.JwtService        : Generating access token for user: auth-admin@test.com with roles: [ROLE_ADMIN]
2026-02-17T16:44:10.028+01:00 DEBUG 2504 --- [beauty-center-api] [           main] beauty_center.security.JwtService        : Generating refresh token for user: auth-admin@test.com
2026-02-17T16:44:10.028+01:00 DEBUG 2504 --- [beauty-center-api] [           main] b.modules.auth.service.AuthService       : Tokens generated for user: auth-admin@test.com
2026-02-17T16:44:10.028+01:00  INFO 2504 --- [beauty-center-api] [           main] b.modules.auth.AuthController            : User logged in successfully: auth-admin@test.com
2026-02-17T16:44:10.035+01:00 DEBUG 2504 --- [beauty-center-api] [           main] o.s.security.web.FilterChainProxy        : Securing PUT /api/appointments/2a578565-0534-45c4-adae-078322e25086
2026-02-17T16:44:10.039+01:00 DEBUG 2504 --- [beauty-center-api] [           main] beauty_center.security.JwtService        : Token validation successful
2026-02-17T16:44:10.041+01:00 DEBUG 2504 --- [beauty-center-api] [           main] beauty_center.security.JwtAuthFilter     : Authenticated user: auth-emp2@test.com with authorities: [ROLE_EMPLOYEE]
2026-02-17T16:44:10.041+01:00 DEBUG 2504 --- [beauty-center-api] [           main] o.s.security.web.FilterChainProxy        : Secured PUT /api/appointments/2a578565-0534-45c4-adae-078322e25086
2026-02-17T16:44:10.043+01:00 DEBUG 2504 --- [beauty-center-api] [           main] horizationManagerBeforeMethodInterceptor : Authorizing method invocation ReflectiveMethodInvocation: public org.springframework.http.ResponseEntity beauty_center.modules.appointments.controller.AppointmentController.updateAppointment(java.util.UUID,beauty_center.modules.appointments.dto.AppointmentUpdateRequest); target is of class [beauty_center.modules.appointments.controller.AppointmentController]
2026-02-17T16:44:10.043+01:00 DEBUG 2504 --- [beauty-center-api] [           main] horizationManagerBeforeMethodInterceptor : Authorized method invocation ReflectiveMethodInvocation: public org.springframework.http.ResponseEntity beauty_center.modules.appointments.controller.AppointmentController.updateAppointment(java.util.UUID,beauty_center.modules.appointments.dto.AppointmentUpdateRequest); target is of class [beauty_center.modules.appointments.controller.AppointmentController]
2026-02-17T16:44:10.043+01:00  INFO 2504 --- [beauty-center-api] [           main] b.m.a.controller.AppointmentController   : Update appointment 2a578565-0534-45c4-adae-078322e25086 requested by: auth-emp2@test.com
2026-02-17T16:44:10.045+01:00  WARN 2504 --- [beauty-center-api] [           main] b.m.a.controller.AppointmentController   : User 359803af-0f2a-4db3-a190-630caf71ae9b attempted to reschedule appointment 2a578565-0534-45c4-adae-078322e25086 without permission
2026-02-17T16:44:10.396+01:00 DEBUG 2504 --- [beauty-center-api] [           main] o.s.security.web.FilterChainProxy        : Securing POST /api/auth/login
2026-02-17T16:44:10.396+01:00 DEBUG 2504 --- [beauty-center-api] [           main] o.s.s.w.a.AnonymousAuthenticationFilter  : Set SecurityContextHolder to anonymous SecurityContext
2026-02-17T16:44:10.396+01:00 DEBUG 2504 --- [beauty-center-api] [           main] o.s.security.web.FilterChainProxy        : Secured POST /api/auth/login
2026-02-17T16:44:10.398+01:00  INFO 2504 --- [beauty-center-api] [           main] b.modules.auth.AuthController            : Login request for email: auth-emp1@test.com
2026-02-17T16:44:10.398+01:00  INFO 2504 --- [beauty-center-api] [           main] b.modules.auth.service.AuthService       : Login attempt for user: auth-emp1@test.com
2026-02-17T16:44:10.398+01:00 DEBUG 2504 --- [beauty-center-api] [           main] b.security.CustomUserDetailsService      : Loading user details for email: auth-emp1@test.com
2026-02-17T16:44:10.401+01:00 DEBUG 2504 --- [beauty-center-api] [           main] b.security.CustomUserDetailsService      : Added authority: ROLE_EMPLOYEE
2026-02-17T16:44:10.401+01:00 DEBUG 2504 --- [beauty-center-api] [           main] b.security.CustomUserDetailsService      : User auth-emp1@test.com loaded with authorities: [ROLE_EMPLOYEE]
2026-02-17T16:44:10.482+01:00 DEBUG 2504 --- [beauty-center-api] [           main] o.s.s.a.dao.DaoAuthenticationProvider    : Authenticated user
2026-02-17T16:44:10.482+01:00  INFO 2504 --- [beauty-center-api] [           main] b.modules.auth.service.AuthService       : User authenticated successfully: auth-emp1@test.com
2026-02-17T16:44:10.482+01:00 DEBUG 2504 --- [beauty-center-api] [           main] beauty_center.security.JwtService        : Generating access token for user: auth-emp1@test.com with roles: [ROLE_EMPLOYEE]
2026-02-17T16:44:10.484+01:00 DEBUG 2504 --- [beauty-center-api] [           main] beauty_center.security.JwtService        : Generating refresh token for user: auth-emp1@test.com
2026-02-17T16:44:10.484+01:00 DEBUG 2504 --- [beauty-center-api] [           main] b.modules.auth.service.AuthService       : Tokens generated for user: auth-emp1@test.com
2026-02-17T16:44:10.484+01:00  INFO 2504 --- [beauty-center-api] [           main] b.modules.auth.AuthController            : User logged in successfully: auth-emp1@test.com
2026-02-17T16:44:10.488+01:00 DEBUG 2504 --- [beauty-center-api] [           main] o.s.security.web.FilterChainProxy        : Securing POST /api/auth/login
2026-02-17T16:44:10.490+01:00 DEBUG 2504 --- [beauty-center-api] [           main] o.s.s.w.a.AnonymousAuthenticationFilter  : Set SecurityContextHolder to anonymous SecurityContext
2026-02-17T16:44:10.490+01:00 DEBUG 2504 --- [beauty-center-api] [           main] o.s.security.web.FilterChainProxy        : Secured POST /api/auth/login
2026-02-17T16:44:10.494+01:00  INFO 2504 --- [beauty-center-api] [           main] b.modules.auth.AuthController            : Login request for email: auth-emp2@test.com
2026-02-17T16:44:10.494+01:00  INFO 2504 --- [beauty-center-api] [           main] b.modules.auth.service.AuthService       : Login attempt for user: auth-emp2@test.com
2026-02-17T16:44:10.494+01:00 DEBUG 2504 --- [beauty-center-api] [           main] b.security.CustomUserDetailsService      : Loading user details for email: auth-emp2@test.com
2026-02-17T16:44:10.498+01:00 DEBUG 2504 --- [beauty-center-api] [           main] b.security.CustomUserDetailsService      : Added authority: ROLE_EMPLOYEE
2026-02-17T16:44:10.499+01:00 DEBUG 2504 --- [beauty-center-api] [           main] b.security.CustomUserDetailsService      : User auth-emp2@test.com loaded with authorities: [ROLE_EMPLOYEE]
2026-02-17T16:44:10.580+01:00 DEBUG 2504 --- [beauty-center-api] [           main] o.s.s.a.dao.DaoAuthenticationProvider    : Authenticated user
2026-02-17T16:44:10.582+01:00  INFO 2504 --- [beauty-center-api] [           main] b.modules.auth.service.AuthService       : User authenticated successfully: auth-emp2@test.com
2026-02-17T16:44:10.582+01:00 DEBUG 2504 --- [beauty-center-api] [           main] beauty_center.security.JwtService        : Generating access token for user: auth-emp2@test.com with roles: [ROLE_EMPLOYEE]
2026-02-17T16:44:10.582+01:00 DEBUG 2504 --- [beauty-center-api] [           main] beauty_center.security.JwtService        : Generating refresh token for user: auth-emp2@test.com
2026-02-17T16:44:10.582+01:00 DEBUG 2504 --- [beauty-center-api] [           main] b.modules.auth.service.AuthService       : Tokens generated for user: auth-emp2@test.com
2026-02-17T16:44:10.582+01:00  INFO 2504 --- [beauty-center-api] [           main] b.modules.auth.AuthController            : User logged in successfully: auth-emp2@test.com
2026-02-17T16:44:10.587+01:00 DEBUG 2504 --- [beauty-center-api] [           main] o.s.security.web.FilterChainProxy        : Securing POST /api/auth/login
2026-02-17T16:44:10.588+01:00 DEBUG 2504 --- [beauty-center-api] [           main] o.s.s.w.a.AnonymousAuthenticationFilter  : Set SecurityContextHolder to anonymous SecurityContext
2026-02-17T16:44:10.589+01:00 DEBUG 2504 --- [beauty-center-api] [           main] o.s.security.web.FilterChainProxy        : Secured POST /api/auth/login
2026-02-17T16:44:10.591+01:00  INFO 2504 --- [beauty-center-api] [           main] b.modules.auth.AuthController            : Login request for email: auth-admin@test.com
2026-02-17T16:44:10.593+01:00  INFO 2504 --- [beauty-center-api] [           main] b.modules.auth.service.AuthService       : Login attempt for user: auth-admin@test.com
2026-02-17T16:44:10.593+01:00 DEBUG 2504 --- [beauty-center-api] [           main] b.security.CustomUserDetailsService      : Loading user details for email: auth-admin@test.com
2026-02-17T16:44:10.593+01:00 DEBUG 2504 --- [beauty-center-api] [           main] b.security.CustomUserDetailsService      : Added authority: ROLE_ADMIN
2026-02-17T16:44:10.593+01:00 DEBUG 2504 --- [beauty-center-api] [           main] b.security.CustomUserDetailsService      : User auth-admin@test.com loaded with authorities: [ROLE_ADMIN]
2026-02-17T16:44:10.671+01:00 DEBUG 2504 --- [beauty-center-api] [           main] o.s.s.a.dao.DaoAuthenticationProvider    : Authenticated user
2026-02-17T16:44:10.672+01:00  INFO 2504 --- [beauty-center-api] [           main] b.modules.auth.service.AuthService       : User authenticated successfully: auth-admin@test.com
2026-02-17T16:44:10.672+01:00 DEBUG 2504 --- [beauty-center-api] [           main] beauty_center.security.JwtService        : Generating access token for user: auth-admin@test.com with roles: [ROLE_ADMIN]
2026-02-17T16:44:10.673+01:00 DEBUG 2504 --- [beauty-center-api] [           main] beauty_center.security.JwtService        : Generating refresh token for user: auth-admin@test.com
2026-02-17T16:44:10.675+01:00 DEBUG 2504 --- [beauty-center-api] [           main] b.modules.auth.service.AuthService       : Tokens generated for user: auth-admin@test.com
2026-02-17T16:44:10.675+01:00  INFO 2504 --- [beauty-center-api] [           main] b.modules.auth.AuthController            : User logged in successfully: auth-admin@test.com
2026-02-17T16:44:10.680+01:00 DEBUG 2504 --- [beauty-center-api] [           main] o.s.security.web.FilterChainProxy        : Securing POST /api/appointments/8b497611-d968-4bf0-a17b-28242b244fb8/complete
2026-02-17T16:44:10.680+01:00 DEBUG 2504 --- [beauty-center-api] [           main] beauty_center.security.JwtService        : Token validation successful
2026-02-17T16:44:10.680+01:00 DEBUG 2504 --- [beauty-center-api] [           main] beauty_center.security.JwtAuthFilter     : Authenticated user: auth-emp1@test.com with authorities: [ROLE_EMPLOYEE]
2026-02-17T16:44:10.680+01:00 DEBUG 2504 --- [beauty-center-api] [           main] o.s.security.web.FilterChainProxy        : Secured POST /api/appointments/8b497611-d968-4bf0-a17b-28242b244fb8/complete
2026-02-17T16:44:10.684+01:00 DEBUG 2504 --- [beauty-center-api] [           main] horizationManagerBeforeMethodInterceptor : Authorizing method invocation ReflectiveMethodInvocation: public org.springframework.http.ResponseEntity beauty_center.modules.appointments.controller.AppointmentController.completeAppointment(java.util.UUID); target is of class [beauty_center.modules.appointments.controller.AppointmentController]
2026-02-17T16:44:10.684+01:00 DEBUG 2504 --- [beauty-center-api] [           main] horizationManagerBeforeMethodInterceptor : Authorized method invocation ReflectiveMethodInvocation: public org.springframework.http.ResponseEntity beauty_center.modules.appointments.controller.AppointmentController.completeAppointment(java.util.UUID); target is of class [beauty_center.modules.appointments.controller.AppointmentController]
2026-02-17T16:44:10.684+01:00  INFO 2504 --- [beauty-center-api] [           main] b.m.a.controller.AppointmentController   : Complete appointment 8b497611-d968-4bf0-a17b-28242b244fb8 requested by: auth-emp1@test.com
2026-02-17T16:44:10.689+01:00  INFO 2504 --- [beauty-center-api] [           main] b.m.a.service.AppointmentService         : Appointment 8b497611-d968-4bf0-a17b-28242b244fb8 marked as completed
2026-02-17T16:44:10.695+01:00  INFO 2504 --- [beauty-center-api] [           main] b.modules.audit.service.AuditService     : Audit entry created: entityType=Appointment, entityId=8b497611-d968-4bf0-a17b-28242b244fb8, action=UPDATE, actorId=92a88d6e-2d2f-45c8-8572-5345cc5d2ab8
[ERROR] Tests run: 5, Failures: 1, Errors: 0, Skipped: 0, Time elapsed: 8.367 s <<< FAILURE! -- in Appointment Authorization Integration Tests
[ERROR] beauty_center.modules.appointments.AppointmentAuthorizationIntegrationTest.testAssignedEmployeeCanReschedule -- Time elapsed: 0.724 s <<< FAILURE!
java.lang.AssertionError: Status expected:<200> but was:<409>
	at org.springframework.test.util.AssertionErrors.fail(AssertionErrors.java:61)
	at org.springframework.test.util.AssertionErrors.assertEquals(AssertionErrors.java:128)
	at org.springframework.test.web.servlet.result.StatusResultMatchers.lambda$matcher$9(StatusResultMatchers.java:640)
	at org.springframework.test.web.servlet.MockMvc$1.andExpect(MockMvc.java:214)
	at beauty_center.modules.appointments.AppointmentAuthorizationIntegrationTest.testAssignedEmployeeCanReschedule(AppointmentAuthorizationIntegrationTest.java:231)
	at java.base/java.lang.reflect.Method.invoke(Method.java:568)
	at java.base/java.util.ArrayList.forEach(ArrayList.java:1511)
	at java.base/java.util.ArrayList.forEach(ArrayList.java:1511)

[INFO] Running Appointment Back-to-Back Integration Tests
2026-02-17T16:44:10.713+01:00  INFO 2504 --- [beauty-center-api] [           main] .b.t.c.SpringBootTestContextBootstrapper : Found @SpringBootConfiguration beauty_center.BeautyCenterApplication for test class beauty_center.modules.appointments.AppointmentBackToBackIntegrationTest
2026-02-17T16:44:10.911+01:00 DEBUG 2504 --- [beauty-center-api] [           main] o.s.security.web.FilterChainProxy        : Securing POST /api/auth/login
2026-02-17T16:44:10.911+01:00 DEBUG 2504 --- [beauty-center-api] [           main] o.s.s.w.a.AnonymousAuthenticationFilter  : Set SecurityContextHolder to anonymous SecurityContext
2026-02-17T16:44:10.911+01:00 DEBUG 2504 --- [beauty-center-api] [           main] o.s.security.web.FilterChainProxy        : Secured POST /api/auth/login
2026-02-17T16:44:10.913+01:00  INFO 2504 --- [beauty-center-api] [           main] b.modules.auth.AuthController            : Login request for email: backtests@test.com
2026-02-17T16:44:10.916+01:00  INFO 2504 --- [beauty-center-api] [           main] b.modules.auth.service.AuthService       : Login attempt for user: backtests@test.com
2026-02-17T16:44:10.916+01:00 DEBUG 2504 --- [beauty-center-api] [           main] b.security.CustomUserDetailsService      : Loading user details for email: backtests@test.com
2026-02-17T16:44:10.928+01:00 DEBUG 2504 --- [beauty-center-api] [           main] b.security.CustomUserDetailsService      : Added authority: ROLE_CLIENT
2026-02-17T16:44:10.928+01:00 DEBUG 2504 --- [beauty-center-api] [           main] b.security.CustomUserDetailsService      : User backtests@test.com loaded with authorities: [ROLE_CLIENT]
2026-02-17T16:44:11.005+01:00 DEBUG 2504 --- [beauty-center-api] [           main] o.s.s.a.dao.DaoAuthenticationProvider    : Authenticated user
2026-02-17T16:44:11.005+01:00  INFO 2504 --- [beauty-center-api] [           main] b.modules.auth.service.AuthService       : User authenticated successfully: backtests@test.com
2026-02-17T16:44:11.005+01:00 DEBUG 2504 --- [beauty-center-api] [           main] beauty_center.security.JwtService        : Generating access token for user: backtests@test.com with roles: [ROLE_CLIENT]
2026-02-17T16:44:11.008+01:00 DEBUG 2504 --- [beauty-center-api] [           main] beauty_center.security.JwtService        : Generating refresh token for user: backtests@test.com
2026-02-17T16:44:11.008+01:00 DEBUG 2504 --- [beauty-center-api] [           main] b.modules.auth.service.AuthService       : Tokens generated for user: backtests@test.com
2026-02-17T16:44:11.008+01:00  INFO 2504 --- [beauty-center-api] [           main] b.modules.auth.AuthController            : User logged in successfully: backtests@test.com
2026-02-17T16:44:11.017+01:00 DEBUG 2504 --- [beauty-center-api] [           main] o.s.security.web.FilterChainProxy        : Securing POST /api/appointments
2026-02-17T16:44:11.018+01:00 DEBUG 2504 --- [beauty-center-api] [           main] beauty_center.security.JwtService        : Token validation successful
2026-02-17T16:44:11.021+01:00 DEBUG 2504 --- [beauty-center-api] [           main] beauty_center.security.JwtAuthFilter     : Authenticated user: backtests@test.com with authorities: [ROLE_CLIENT]
2026-02-17T16:44:11.023+01:00 DEBUG 2504 --- [beauty-center-api] [           main] o.s.security.web.FilterChainProxy        : Secured POST /api/appointments
2026-02-17T16:44:11.028+01:00 DEBUG 2504 --- [beauty-center-api] [           main] horizationManagerBeforeMethodInterceptor : Authorizing method invocation ReflectiveMethodInvocation: public org.springframework.http.ResponseEntity beauty_center.modules.appointments.controller.AppointmentController.createAppointment(beauty_center.modules.appointments.dto.AppointmentCreateRequest); target is of class [beauty_center.modules.appointments.controller.AppointmentController]
2026-02-17T16:44:11.028+01:00 DEBUG 2504 --- [beauty-center-api] [           main] horizationManagerBeforeMethodInterceptor : Authorized method invocation ReflectiveMethodInvocation: public org.springframework.http.ResponseEntity beauty_center.modules.appointments.controller.AppointmentController.createAppointment(beauty_center.modules.appointments.dto.AppointmentCreateRequest); target is of class [beauty_center.modules.appointments.controller.AppointmentController]
2026-02-17T16:44:11.028+01:00  INFO 2504 --- [beauty-center-api] [           main] b.m.a.controller.AppointmentController   : Create appointment request by: backtests@test.com
2026-02-17T16:44:11.028+01:00  WARN 2504 --- [beauty-center-api] [           main] b.m.a.controller.AppointmentController   : Non-admin user 9343ad98-c4bd-43ed-8ed1-3aded6afd472 attempted to book for client 9343ad98-c4bd-43ed-8ed1-3aded6afd472

MockHttpServletRequest:
      HTTP Method = POST
      Request URI = /api/auth/login
       Parameters = {}
          Headers = [Content-Type:"application/json;charset=UTF-8", Content-Length:"54"]
             Body = {"email":"backtests@test.com","password":"Client@123"}
    Session Attrs = {}

Handler:
             Type = beauty_center.modules.auth.AuthController
           Method = beauty_center.modules.auth.AuthController#login(LoginRequest)

Async:
    Async started = false
     Async result = null

Resolved Exception:
             Type = null

ModelAndView:
        View name = null
             View = null
            Model = null

FlashMap:
       Attributes = null

MockHttpServletResponse:
           Status = 200
    Error message = null
          Headers = [Vary:"Origin", "Access-Control-Request-Method", "Access-Control-Request-Headers", Content-Type:"application/json", X-Content-Type-Options:"nosniff", X-XSS-Protection:"0", Cache-Control:"no-cache, no-store, max-age=0, must-revalidate", Pragma:"no-cache", Expires:"0", X-Frame-Options:"DENY"]
     Content type = application/json
             Body = {"success":true,"message":"Login successful","data":{"accessToken":"eyJhbGciOiJIUzM4NCJ9.eyJzdWIiOiJiYWNrdGVzdHNAdGVzdC5jb20iLCJyb2xlcyI6WyJST0xFX0NMSUVOVCJdLCJpYXQiOjE3NzEzNDMwNTEsImV4cCI6MTc3MTM0NjY1MX0.XN3Gcui1AckNGeZhbo_l69pq8tR2AwEDTvEuP6DAVAg3IQnJ8EzWMJXCFnbKlOed","refreshToken":"eyJhbGciOiJIUzM4NCJ9.eyJzdWIiOiJiYWNrdGVzdHNAdGVzdC5jb20iLCJyb2xlcyI6WyJST0xFX0NMSUVOVCJdLCJpYXQiOjE3NzEzNDMwNTEsImV4cCI6MTc3MTk0Nzg1MX0.uhCSriXob31qxMfEMxuUkFGnWfLfISmZ4uaJIVUAx4aEMpF49UuEFz-hqyFUe5eH","tokenType":"Bearer","expiresIn":3600}}
    Forwarded URL = null
   Redirected URL = null
          Cookies = []

MockHttpServletRequest:
      HTTP Method = POST
      Request URI = /api/appointments
       Parameters = {}
          Headers = [Content-Type:"application/json;charset=UTF-8", Authorization:"Bearer eyJhbGciOiJIUzM4NCJ9.eyJzdWIiOiJiYWNrdGVzdHNAdGVzdC5jb20iLCJyb2xlcyI6WyJST0xFX0NMSUVOVCJdLCJpYXQiOjE3NzEzNDMwNTEsImV4cCI6MTc3MTM0NjY1MX0.XN3Gcui1AckNGeZhbo_l69pq8tR2AwEDTvEuP6DAVAg3IQnJ8EzWMJXCFnbKlOed", Content-Length:"220"]
             Body = {"clientId":"9343ad98-c4bd-43ed-8ed1-3aded6afd472","serviceId":"75d9f71d-ebbf-4463-aeed-dd9615d7a1d2","employeeId":"1cc687ad-ded2-4d0c-9f0a-9b337d929251","startAt":"2026-02-17T10:00:00+01:00","notes":"First appointment"}
    Session Attrs = {}

Handler:
             Type = beauty_center.modules.appointments.controller.AppointmentController
           Method = beauty_center.modules.appointments.controller.AppointmentController#createAppointment(AppointmentCreateRequest)

Async:
    Async started = false
     Async result = null

Resolved Exception:
             Type = null

ModelAndView:
        View name = null
             View = null
            Model = null

FlashMap:
       Attributes = null

MockHttpServletResponse:
           Status = 403
    Error message = null
          Headers = [Vary:"Origin", "Access-Control-Request-Method", "Access-Control-Request-Headers", Content-Type:"application/json", X-Content-Type-Options:"nosniff", X-XSS-Protection:"0", Cache-Control:"no-cache, no-store, max-age=0, must-revalidate", Pragma:"no-cache", Expires:"0", X-Frame-Options:"DENY"]
     Content type = application/json
             Body = {"success":false,"message":"Only admins can book for other clients","status":403}
    Forwarded URL = null
   Redirected URL = null
          Cookies = []
2026-02-17T16:44:11.206+01:00 DEBUG 2504 --- [beauty-center-api] [           main] o.s.security.web.FilterChainProxy        : Securing POST /api/auth/login
2026-02-17T16:44:11.208+01:00 DEBUG 2504 --- [beauty-center-api] [           main] o.s.s.w.a.AnonymousAuthenticationFilter  : Set SecurityContextHolder to anonymous SecurityContext
2026-02-17T16:44:11.209+01:00 DEBUG 2504 --- [beauty-center-api] [           main] o.s.security.web.FilterChainProxy        : Secured POST /api/auth/login
2026-02-17T16:44:11.210+01:00  INFO 2504 --- [beauty-center-api] [           main] b.modules.auth.AuthController            : Login request for email: backtests@test.com
2026-02-17T16:44:11.210+01:00  INFO 2504 --- [beauty-center-api] [           main] b.modules.auth.service.AuthService       : Login attempt for user: backtests@test.com
2026-02-17T16:44:11.210+01:00 DEBUG 2504 --- [beauty-center-api] [           main] b.security.CustomUserDetailsService      : Loading user details for email: backtests@test.com
2026-02-17T16:44:11.213+01:00 DEBUG 2504 --- [beauty-center-api] [           main] b.security.CustomUserDetailsService      : Added authority: ROLE_CLIENT
2026-02-17T16:44:11.213+01:00 DEBUG 2504 --- [beauty-center-api] [           main] b.security.CustomUserDetailsService      : User backtests@test.com loaded with authorities: [ROLE_CLIENT]
2026-02-17T16:44:11.284+01:00 DEBUG 2504 --- [beauty-center-api] [           main] o.s.s.a.dao.DaoAuthenticationProvider    : Authenticated user
2026-02-17T16:44:11.284+01:00  INFO 2504 --- [beauty-center-api] [           main] b.modules.auth.service.AuthService       : User authenticated successfully: backtests@test.com
2026-02-17T16:44:11.284+01:00 DEBUG 2504 --- [beauty-center-api] [           main] beauty_center.security.JwtService        : Generating access token for user: backtests@test.com with roles: [ROLE_CLIENT]
2026-02-17T16:44:11.286+01:00 DEBUG 2504 --- [beauty-center-api] [           main] beauty_center.security.JwtService        : Generating refresh token for user: backtests@test.com
2026-02-17T16:44:11.286+01:00 DEBUG 2504 --- [beauty-center-api] [           main] b.modules.auth.service.AuthService       : Tokens generated for user: backtests@test.com
2026-02-17T16:44:11.286+01:00  INFO 2504 --- [beauty-center-api] [           main] b.modules.auth.AuthController            : User logged in successfully: backtests@test.com
2026-02-17T16:44:11.294+01:00 DEBUG 2504 --- [beauty-center-api] [           main] o.s.security.web.FilterChainProxy        : Securing POST /api/appointments
2026-02-17T16:44:11.294+01:00 DEBUG 2504 --- [beauty-center-api] [           main] beauty_center.security.JwtService        : Token validation successful
2026-02-17T16:44:11.298+01:00 DEBUG 2504 --- [beauty-center-api] [           main] beauty_center.security.JwtAuthFilter     : Authenticated user: backtests@test.com with authorities: [ROLE_CLIENT]
2026-02-17T16:44:11.298+01:00 DEBUG 2504 --- [beauty-center-api] [           main] o.s.security.web.FilterChainProxy        : Secured POST /api/appointments
2026-02-17T16:44:11.300+01:00 DEBUG 2504 --- [beauty-center-api] [           main] horizationManagerBeforeMethodInterceptor : Authorizing method invocation ReflectiveMethodInvocation: public org.springframework.http.ResponseEntity beauty_center.modules.appointments.controller.AppointmentController.createAppointment(beauty_center.modules.appointments.dto.AppointmentCreateRequest); target is of class [beauty_center.modules.appointments.controller.AppointmentController]
2026-02-17T16:44:11.300+01:00 DEBUG 2504 --- [beauty-center-api] [           main] horizationManagerBeforeMethodInterceptor : Authorized method invocation ReflectiveMethodInvocation: public org.springframework.http.ResponseEntity beauty_center.modules.appointments.controller.AppointmentController.createAppointment(beauty_center.modules.appointments.dto.AppointmentCreateRequest); target is of class [beauty_center.modules.appointments.controller.AppointmentController]
2026-02-17T16:44:11.302+01:00  INFO 2504 --- [beauty-center-api] [           main] b.m.a.controller.AppointmentController   : Create appointment request by: backtests@test.com
2026-02-17T16:44:11.302+01:00  WARN 2504 --- [beauty-center-api] [           main] b.m.a.controller.AppointmentController   : Non-admin user 3ec4da6b-31c5-48a1-b079-d604a0f4c335 attempted to book for client 3ec4da6b-31c5-48a1-b079-d604a0f4c335

MockHttpServletRequest:
      HTTP Method = POST
      Request URI = /api/auth/login
       Parameters = {}
          Headers = [Content-Type:"application/json;charset=UTF-8", Content-Length:"54"]
             Body = {"email":"backtests@test.com","password":"Client@123"}
    Session Attrs = {}

Handler:
             Type = beauty_center.modules.auth.AuthController
           Method = beauty_center.modules.auth.AuthController#login(LoginRequest)

Async:
    Async started = false
     Async result = null

Resolved Exception:
             Type = null

ModelAndView:
        View name = null
             View = null
            Model = null

FlashMap:
       Attributes = null

MockHttpServletResponse:
           Status = 200
    Error message = null
          Headers = [Vary:"Origin", "Access-Control-Request-Method", "Access-Control-Request-Headers", Content-Type:"application/json", X-Content-Type-Options:"nosniff", X-XSS-Protection:"0", Cache-Control:"no-cache, no-store, max-age=0, must-revalidate", Pragma:"no-cache", Expires:"0", X-Frame-Options:"DENY"]
     Content type = application/json
             Body = {"success":true,"message":"Login successful","data":{"accessToken":"eyJhbGciOiJIUzM4NCJ9.eyJzdWIiOiJiYWNrdGVzdHNAdGVzdC5jb20iLCJyb2xlcyI6WyJST0xFX0NMSUVOVCJdLCJpYXQiOjE3NzEzNDMwNTEsImV4cCI6MTc3MTM0NjY1MX0.XN3Gcui1AckNGeZhbo_l69pq8tR2AwEDTvEuP6DAVAg3IQnJ8EzWMJXCFnbKlOed","refreshToken":"eyJhbGciOiJIUzM4NCJ9.eyJzdWIiOiJiYWNrdGVzdHNAdGVzdC5jb20iLCJyb2xlcyI6WyJST0xFX0NMSUVOVCJdLCJpYXQiOjE3NzEzNDMwNTEsImV4cCI6MTc3MTk0Nzg1MX0.uhCSriXob31qxMfEMxuUkFGnWfLfISmZ4uaJIVUAx4aEMpF49UuEFz-hqyFUe5eH","tokenType":"Bearer","expiresIn":3600}}
    Forwarded URL = null
   Redirected URL = null
          Cookies = []

MockHttpServletRequest:
      HTTP Method = POST
      Request URI = /api/appointments
       Parameters = {}
          Headers = [Content-Type:"application/json;charset=UTF-8", Authorization:"Bearer eyJhbGciOiJIUzM4NCJ9.eyJzdWIiOiJiYWNrdGVzdHNAdGVzdC5jb20iLCJyb2xlcyI6WyJST0xFX0NMSUVOVCJdLCJpYXQiOjE3NzEzNDMwNTEsImV4cCI6MTc3MTM0NjY1MX0.XN3Gcui1AckNGeZhbo_l69pq8tR2AwEDTvEuP6DAVAg3IQnJ8EzWMJXCFnbKlOed", Content-Length:"220"]
             Body = {"clientId":"3ec4da6b-31c5-48a1-b079-d604a0f4c335","serviceId":"7d77ffc5-ca68-49a1-8a4f-7b079767945d","employeeId":"206c7f9a-20a3-410d-8abb-b12f76b40670","startAt":"2026-02-17T10:00:00+01:00","notes":"First appointment"}
    Session Attrs = {}

Handler:
             Type = beauty_center.modules.appointments.controller.AppointmentController
           Method = beauty_center.modules.appointments.controller.AppointmentController#createAppointment(AppointmentCreateRequest)

Async:
    Async started = false
     Async result = null

Resolved Exception:
             Type = null

ModelAndView:
        View name = null
             View = null
            Model = null

FlashMap:
       Attributes = null

MockHttpServletResponse:
           Status = 403
    Error message = null
          Headers = [Vary:"Origin", "Access-Control-Request-Method", "Access-Control-Request-Headers", Content-Type:"application/json", X-Content-Type-Options:"nosniff", X-XSS-Protection:"0", Cache-Control:"no-cache, no-store, max-age=0, must-revalidate", Pragma:"no-cache", Expires:"0", X-Frame-Options:"DENY"]
     Content type = application/json
             Body = {"success":false,"message":"Only admins can book for other clients","status":403}
    Forwarded URL = null
   Redirected URL = null
          Cookies = []
[ERROR] Tests run: 2, Failures: 2, Errors: 0, Skipped: 0, Time elapsed: 0.604 s <<< FAILURE! -- in Appointment Back-to-Back Integration Tests
[ERROR] beauty_center.modules.appointments.AppointmentBackToBackIntegrationTest.testOverlappingAppointmentsRejected -- Time elapsed: 0.325 s <<< FAILURE!
java.lang.AssertionError: Status expected:<201> but was:<403>
	at org.springframework.test.util.AssertionErrors.fail(AssertionErrors.java:61)
	at org.springframework.test.util.AssertionErrors.assertEquals(AssertionErrors.java:128)
	at org.springframework.test.web.servlet.result.StatusResultMatchers.lambda$matcher$9(StatusResultMatchers.java:640)
	at org.springframework.test.web.servlet.MockMvc$1.andExpect(MockMvc.java:214)
	at beauty_center.modules.appointments.AppointmentBackToBackIntegrationTest.testOverlappingAppointmentsRejected(AppointmentBackToBackIntegrationTest.java:219)
	at java.base/java.lang.reflect.Method.invoke(Method.java:568)
	at java.base/java.util.ArrayList.forEach(ArrayList.java:1511)
	at java.base/java.util.ArrayList.forEach(ArrayList.java:1511)

[ERROR] beauty_center.modules.appointments.AppointmentBackToBackIntegrationTest.testBackToBackAppointmentsAllowed -- Time elapsed: 0.268 s <<< FAILURE!
java.lang.AssertionError: Status expected:<201> but was:<403>
	at org.springframework.test.util.AssertionErrors.fail(AssertionErrors.java:61)
	at org.springframework.test.util.AssertionErrors.assertEquals(AssertionErrors.java:128)
	at org.springframework.test.web.servlet.result.StatusResultMatchers.lambda$matcher$9(StatusResultMatchers.java:640)
	at org.springframework.test.web.servlet.MockMvc$1.andExpect(MockMvc.java:214)
	at beauty_center.modules.appointments.AppointmentBackToBackIntegrationTest.testBackToBackAppointmentsAllowed(AppointmentBackToBackIntegrationTest.java:176)
	at java.base/java.lang.reflect.Method.invoke(Method.java:568)
	at java.base/java.util.ArrayList.forEach(ArrayList.java:1511)
	at java.base/java.util.ArrayList.forEach(ArrayList.java:1511)

[INFO] Running Concurrent Booking Integration Tests
2026-02-17T16:44:11.315+01:00  INFO 2504 --- [beauty-center-api] [           main] .b.t.c.SpringBootTestContextBootstrapper : Found @SpringBootConfiguration beauty_center.BeautyCenterApplication for test class beauty_center.modules.appointments.ConcurrentBookingIntegrationTest
2026-02-17T16:44:11.323+01:00  INFO 2504 --- [beauty-center-api] [           main] b.m.a.ConcurrentBookingIntegrationTest   : Setting up concurrent booking test
2026-02-17T16:44:11.398+01:00 DEBUG 2504 --- [beauty-center-api] [           main] b.m.a.ConcurrentBookingIntegrationTest   : Created test user: client1@test.com with role CLIENT
2026-02-17T16:44:11.474+01:00 DEBUG 2504 --- [beauty-center-api] [           main] b.m.a.ConcurrentBookingIntegrationTest   : Created test user: client2@test.com with role CLIENT
2026-02-17T16:44:11.571+01:00 DEBUG 2504 --- [beauty-center-api] [           main] b.m.a.ConcurrentBookingIntegrationTest   : Created test user: employee@test.com with role EMPLOYEE
2026-02-17T16:44:11.576+01:00 DEBUG 2504 --- [beauty-center-api] [           main] b.m.a.ConcurrentBookingIntegrationTest   : Created working hours for employee 6897fa6e-6fa2-4aa2-9569-9b436a00fd1a on MON: 09:00 - 17:00
2026-02-17T16:44:11.580+01:00 DEBUG 2504 --- [beauty-center-api] [           main] b.m.a.ConcurrentBookingIntegrationTest   : Created beauty service: Facial Treatment (60 min, 50.00)
2026-02-17T16:44:11.582+01:00 DEBUG 2504 --- [beauty-center-api] [           main] o.s.security.web.FilterChainProxy        : Securing POST /api/auth/login
2026-02-17T16:44:11.582+01:00 DEBUG 2504 --- [beauty-center-api] [           main] o.s.s.w.a.AnonymousAuthenticationFilter  : Set SecurityContextHolder to anonymous SecurityContext
2026-02-17T16:44:11.582+01:00 DEBUG 2504 --- [beauty-center-api] [           main] o.s.security.web.FilterChainProxy        : Secured POST /api/auth/login
2026-02-17T16:44:11.582+01:00  INFO 2504 --- [beauty-center-api] [           main] b.modules.auth.AuthController            : Login request for email: client1@test.com
2026-02-17T16:44:11.584+01:00  INFO 2504 --- [beauty-center-api] [           main] b.modules.auth.service.AuthService       : Login attempt for user: client1@test.com
2026-02-17T16:44:11.584+01:00 DEBUG 2504 --- [beauty-center-api] [           main] b.security.CustomUserDetailsService      : Loading user details for email: client1@test.com
2026-02-17T16:44:11.589+01:00 DEBUG 2504 --- [beauty-center-api] [           main] b.security.CustomUserDetailsService      : Added authority: ROLE_CLIENT
2026-02-17T16:44:11.589+01:00 DEBUG 2504 --- [beauty-center-api] [           main] b.security.CustomUserDetailsService      : User client1@test.com loaded with authorities: [ROLE_CLIENT]
2026-02-17T16:44:11.664+01:00 DEBUG 2504 --- [beauty-center-api] [           main] o.s.s.a.dao.DaoAuthenticationProvider    : Authenticated user
2026-02-17T16:44:11.664+01:00  INFO 2504 --- [beauty-center-api] [           main] b.modules.auth.service.AuthService       : User authenticated successfully: client1@test.com
2026-02-17T16:44:11.664+01:00 DEBUG 2504 --- [beauty-center-api] [           main] beauty_center.security.JwtService        : Generating access token for user: client1@test.com with roles: [ROLE_CLIENT]
2026-02-17T16:44:11.664+01:00 DEBUG 2504 --- [beauty-center-api] [           main] beauty_center.security.JwtService        : Generating refresh token for user: client1@test.com
2026-02-17T16:44:11.664+01:00 DEBUG 2504 --- [beauty-center-api] [           main] b.modules.auth.service.AuthService       : Tokens generated for user: client1@test.com
2026-02-17T16:44:11.666+01:00  INFO 2504 --- [beauty-center-api] [           main] b.modules.auth.AuthController            : User logged in successfully: client1@test.com
2026-02-17T16:44:11.668+01:00 DEBUG 2504 --- [beauty-center-api] [           main] b.m.a.ConcurrentBookingIntegrationTest   : Obtained token for user: client1@test.com
2026-02-17T16:44:11.668+01:00 DEBUG 2504 --- [beauty-center-api] [           main] o.s.security.web.FilterChainProxy        : Securing POST /api/auth/login
2026-02-17T16:44:11.668+01:00 DEBUG 2504 --- [beauty-center-api] [           main] o.s.s.w.a.AnonymousAuthenticationFilter  : Set SecurityContextHolder to anonymous SecurityContext
2026-02-17T16:44:11.668+01:00 DEBUG 2504 --- [beauty-center-api] [           main] o.s.security.web.FilterChainProxy        : Secured POST /api/auth/login
2026-02-17T16:44:11.670+01:00  INFO 2504 --- [beauty-center-api] [           main] b.modules.auth.AuthController            : Login request for email: client2@test.com
2026-02-17T16:44:11.670+01:00  INFO 2504 --- [beauty-center-api] [           main] b.modules.auth.service.AuthService       : Login attempt for user: client2@test.com
2026-02-17T16:44:11.670+01:00 DEBUG 2504 --- [beauty-center-api] [           main] b.security.CustomUserDetailsService      : Loading user details for email: client2@test.com
2026-02-17T16:44:11.675+01:00 DEBUG 2504 --- [beauty-center-api] [           main] b.security.CustomUserDetailsService      : Added authority: ROLE_CLIENT
2026-02-17T16:44:11.676+01:00 DEBUG 2504 --- [beauty-center-api] [           main] b.security.CustomUserDetailsService      : User client2@test.com loaded with authorities: [ROLE_CLIENT]
2026-02-17T16:44:11.748+01:00 DEBUG 2504 --- [beauty-center-api] [           main] o.s.s.a.dao.DaoAuthenticationProvider    : Authenticated user
2026-02-17T16:44:11.748+01:00  INFO 2504 --- [beauty-center-api] [           main] b.modules.auth.service.AuthService       : User authenticated successfully: client2@test.com
2026-02-17T16:44:11.750+01:00 DEBUG 2504 --- [beauty-center-api] [           main] beauty_center.security.JwtService        : Generating access token for user: client2@test.com with roles: [ROLE_CLIENT]
2026-02-17T16:44:11.750+01:00 DEBUG 2504 --- [beauty-center-api] [           main] beauty_center.security.JwtService        : Generating refresh token for user: client2@test.com
2026-02-17T16:44:11.750+01:00 DEBUG 2504 --- [beauty-center-api] [           main] b.modules.auth.service.AuthService       : Tokens generated for user: client2@test.com
2026-02-17T16:44:11.750+01:00  INFO 2504 --- [beauty-center-api] [           main] b.modules.auth.AuthController            : User logged in successfully: client2@test.com
2026-02-17T16:44:11.752+01:00 DEBUG 2504 --- [beauty-center-api] [           main] b.m.a.ConcurrentBookingIntegrationTest   : Obtained token for user: client2@test.com
2026-02-17T16:44:11.752+01:00  INFO 2504 --- [beauty-center-api] [           main] b.m.a.ConcurrentBookingIntegrationTest   : Test setup complete - Employee: 6897fa6e-6fa2-4aa2-9569-9b436a00fd1a, Service: d24420c5-ec96-480a-a348-25e98c269dd2
2026-02-17T16:44:11.752+01:00  INFO 2504 --- [beauty-center-api] [           main] b.m.a.ConcurrentBookingIntegrationTest   : Starting concurrent booking test
2026-02-17T16:44:11.752+01:00  INFO 2504 --- [beauty-center-api] [           main] b.m.a.ConcurrentBookingIntegrationTest   : Attempting to book slot at: 2026-02-23T10:00+01:00
2026-02-17T16:44:11.754+01:00  INFO 2504 --- [beauty-center-api] [           main] b.m.a.ConcurrentBookingIntegrationTest   : Releasing both concurrent requests
2026-02-17T16:44:11.758+01:00 DEBUG 2504 --- [beauty-center-api] [pool-3-thread-1] o.s.security.web.FilterChainProxy        : Securing POST /api/appointments
2026-02-17T16:44:11.758+01:00 DEBUG 2504 --- [beauty-center-api] [pool-3-thread-2] o.s.security.web.FilterChainProxy        : Securing POST /api/appointments
2026-02-17T16:44:11.758+01:00 DEBUG 2504 --- [beauty-center-api] [pool-3-thread-2] beauty_center.security.JwtService        : Token validation successful
2026-02-17T16:44:11.760+01:00 DEBUG 2504 --- [beauty-center-api] [pool-3-thread-1] beauty_center.security.JwtService        : Token validation successful
2026-02-17T16:44:11.760+01:00 DEBUG 2504 --- [beauty-center-api] [pool-3-thread-2] beauty_center.security.JwtAuthFilter     : Authenticated user: client2@test.com with authorities: [ROLE_CLIENT]
2026-02-17T16:44:11.760+01:00 DEBUG 2504 --- [beauty-center-api] [pool-3-thread-1] beauty_center.security.JwtAuthFilter     : Authenticated user: client1@test.com with authorities: [ROLE_CLIENT]
2026-02-17T16:44:11.760+01:00 DEBUG 2504 --- [beauty-center-api] [pool-3-thread-2] o.s.security.web.FilterChainProxy        : Secured POST /api/appointments
2026-02-17T16:44:11.760+01:00 DEBUG 2504 --- [beauty-center-api] [pool-3-thread-1] o.s.security.web.FilterChainProxy        : Secured POST /api/appointments
2026-02-17T16:44:11.760+01:00 DEBUG 2504 --- [beauty-center-api] [pool-3-thread-2] horizationManagerBeforeMethodInterceptor : Authorizing method invocation ReflectiveMethodInvocation: public org.springframework.http.ResponseEntity beauty_center.modules.appointments.controller.AppointmentController.createAppointment(beauty_center.modules.appointments.dto.AppointmentCreateRequest); target is of class [beauty_center.modules.appointments.controller.AppointmentController]
2026-02-17T16:44:11.760+01:00 DEBUG 2504 --- [beauty-center-api] [pool-3-thread-1] horizationManagerBeforeMethodInterceptor : Authorizing method invocation ReflectiveMethodInvocation: public org.springframework.http.ResponseEntity beauty_center.modules.appointments.controller.AppointmentController.createAppointment(beauty_center.modules.appointments.dto.AppointmentCreateRequest); target is of class [beauty_center.modules.appointments.controller.AppointmentController]
2026-02-17T16:44:11.760+01:00 DEBUG 2504 --- [beauty-center-api] [pool-3-thread-2] horizationManagerBeforeMethodInterceptor : Authorized method invocation ReflectiveMethodInvocation: public org.springframework.http.ResponseEntity beauty_center.modules.appointments.controller.AppointmentController.createAppointment(beauty_center.modules.appointments.dto.AppointmentCreateRequest); target is of class [beauty_center.modules.appointments.controller.AppointmentController]
2026-02-17T16:44:11.760+01:00 DEBUG 2504 --- [beauty-center-api] [pool-3-thread-1] horizationManagerBeforeMethodInterceptor : Authorized method invocation ReflectiveMethodInvocation: public org.springframework.http.ResponseEntity beauty_center.modules.appointments.controller.AppointmentController.createAppointment(beauty_center.modules.appointments.dto.AppointmentCreateRequest); target is of class [beauty_center.modules.appointments.controller.AppointmentController]
2026-02-17T16:44:11.760+01:00  INFO 2504 --- [beauty-center-api] [pool-3-thread-2] b.m.a.controller.AppointmentController   : Create appointment request by: client2@test.com
2026-02-17T16:44:11.760+01:00  INFO 2504 --- [beauty-center-api] [pool-3-thread-1] b.m.a.controller.AppointmentController   : Create appointment request by: client1@test.com
2026-02-17T16:44:11.760+01:00  INFO 2504 --- [beauty-center-api] [pool-3-thread-2] b.m.appointments.service.BookingService  : Creating appointment for client f7406c80-41a7-401c-87b0-eb1fdf9e3239 with employee 6897fa6e-6fa2-4aa2-9569-9b436a00fd1a at 2026-02-23T09:00Z
2026-02-17T16:44:11.760+01:00  INFO 2504 --- [beauty-center-api] [pool-3-thread-1] b.m.appointments.service.BookingService  : Creating appointment for client 70919c00-60b2-40e8-a5a1-2480ca739db1 with employee 6897fa6e-6fa2-4aa2-9569-9b436a00fd1a at 2026-02-23T09:00Z
2026-02-17T16:44:11.791+01:00 DEBUG 2504 --- [beauty-center-api] [pool-3-thread-2] b.m.s.service.AvailabilityService        : Checking availability for employee 6897fa6e-6fa2-4aa2-9569-9b436a00fd1a from 2026-02-23T09:00Z to 2026-02-23T10:00Z
2026-02-17T16:44:11.808+01:00  INFO 2504 --- [beauty-center-api] [pool-3-thread-2] b.m.appointments.service.BookingService  : Appointment created successfully: 23002e23-6aa2-474b-9c9e-1164b7e99d05
2026-02-17T16:44:11.809+01:00  INFO 2504 --- [beauty-center-api] [pool-3-thread-2] b.modules.audit.service.AuditService     : Audit entry created: entityType=Appointment, entityId=23002e23-6aa2-474b-9c9e-1164b7e99d05, action=CREATE, actorId=f7406c80-41a7-401c-87b0-eb1fdf9e3239
2026-02-17T16:44:11.825+01:00  INFO 2504 --- [beauty-center-api] [pool-3-thread-2] b.m.n.service.NotificationService        : Notification scheduled: type=BOOKING_CONFIRMATION, channel=EMAIL, appointment=23002e23-6aa2-474b-9c9e-1164b7e99d05, scheduledAt=2026-02-17T16:44:11.819989600+01:00
2026-02-17T16:44:11.825+01:00  INFO 2504 --- [beauty-center-api] [pool-3-thread-2] b.m.n.service.NotificationService        : Notification scheduled: type=REMINDER_24H, channel=EMAIL, appointment=23002e23-6aa2-474b-9c9e-1164b7e99d05, scheduledAt=2026-02-22T09:00Z
2026-02-17T16:44:11.828+01:00  INFO 2504 --- [beauty-center-api] [pool-3-thread-2] b.m.n.service.NotificationService        : Notification scheduled: type=REMINDER_2H, channel=SMS, appointment=23002e23-6aa2-474b-9c9e-1164b7e99d05, scheduledAt=2026-02-23T07:00Z
2026-02-17T16:44:11.834+01:00  INFO 2504 --- [beauty-center-api] [pool-3-thread-2] b.m.a.ConcurrentBookingIntegrationTest   : Client 2 received status: 201
2026-02-17T16:44:11.834+01:00  WARN 2504 --- [beauty-center-api] [pool-3-thread-1] b.m.appointments.service.BookingService  : Time slot not available for employee 6897fa6e-6fa2-4aa2-9569-9b436a00fd1a from 2026-02-23T09:00Z to 2026-02-23T10:00Z - found 1 overlapping appointments
2026-02-17T16:44:11.836+01:00  WARN 2504 --- [beauty-center-api] [pool-3-thread-1] b.common.error.GlobalExceptionHandler    : Appointment conflict: The requested time slot is not available. Please choose another time.
2026-02-17T16:44:11.838+01:00  INFO 2504 --- [beauty-center-api] [pool-3-thread-1] b.m.a.ConcurrentBookingIntegrationTest   : Client 1 received status: 409
2026-02-17T16:44:11.839+01:00  INFO 2504 --- [beauty-center-api] [           main] b.m.a.ConcurrentBookingIntegrationTest   : Concurrent booking test complete - Success: 1, Conflict: 1
[INFO] Tests run: 1, Failures: 0, Errors: 0, Skipped: 0, Time elapsed: 0.596 s -- in Concurrent Booking Integration Tests
[INFO] Running Employee-Service Validation Integration Tests
2026-02-17T16:44:11.914+01:00  INFO 2504 --- [beauty-center-api] [           main] .b.t.c.SpringBootTestContextBootstrapper : Found @SpringBootConfiguration beauty_center.BeautyCenterApplication for test class beauty_center.modules.appointments.EmployeeServiceValidationIntegrationTest
2026-02-17T16:44:12.251+01:00 DEBUG 2504 --- [beauty-center-api] [           main] o.s.security.web.FilterChainProxy        : Securing POST /api/auth/login
2026-02-17T16:44:12.251+01:00 DEBUG 2504 --- [beauty-center-api] [           main] o.s.s.w.a.AnonymousAuthenticationFilter  : Set SecurityContextHolder to anonymous SecurityContext
2026-02-17T16:44:12.251+01:00 DEBUG 2504 --- [beauty-center-api] [           main] o.s.security.web.FilterChainProxy        : Secured POST /api/auth/login
2026-02-17T16:44:12.253+01:00  INFO 2504 --- [beauty-center-api] [           main] b.modules.auth.AuthController            : Login request for email: sv-client@test.com
2026-02-17T16:44:12.253+01:00  INFO 2504 --- [beauty-center-api] [           main] b.modules.auth.service.AuthService       : Login attempt for user: sv-client@test.com
2026-02-17T16:44:12.253+01:00 DEBUG 2504 --- [beauty-center-api] [           main] b.security.CustomUserDetailsService      : Loading user details for email: sv-client@test.com
2026-02-17T16:44:12.259+01:00 DEBUG 2504 --- [beauty-center-api] [           main] b.security.CustomUserDetailsService      : Added authority: ROLE_CLIENT
2026-02-17T16:44:12.259+01:00 DEBUG 2504 --- [beauty-center-api] [           main] b.security.CustomUserDetailsService      : User sv-client@test.com loaded with authorities: [ROLE_CLIENT]
2026-02-17T16:44:12.338+01:00 DEBUG 2504 --- [beauty-center-api] [           main] o.s.s.a.dao.DaoAuthenticationProvider    : Authenticated user
2026-02-17T16:44:12.338+01:00  INFO 2504 --- [beauty-center-api] [           main] b.modules.auth.service.AuthService       : User authenticated successfully: sv-client@test.com
2026-02-17T16:44:12.338+01:00 DEBUG 2504 --- [beauty-center-api] [           main] beauty_center.security.JwtService        : Generating access token for user: sv-client@test.com with roles: [ROLE_CLIENT]
2026-02-17T16:44:12.340+01:00 DEBUG 2504 --- [beauty-center-api] [           main] beauty_center.security.JwtService        : Generating refresh token for user: sv-client@test.com
2026-02-17T16:44:12.340+01:00 DEBUG 2504 --- [beauty-center-api] [           main] b.modules.auth.service.AuthService       : Tokens generated for user: sv-client@test.com
2026-02-17T16:44:12.340+01:00  INFO 2504 --- [beauty-center-api] [           main] b.modules.auth.AuthController            : User logged in successfully: sv-client@test.com
2026-02-17T16:44:12.343+01:00 DEBUG 2504 --- [beauty-center-api] [           main] o.s.security.web.FilterChainProxy        : Securing POST /api/appointments
2026-02-17T16:44:12.348+01:00 DEBUG 2504 --- [beauty-center-api] [           main] beauty_center.security.JwtService        : Token validation successful
2026-02-17T16:44:12.348+01:00 DEBUG 2504 --- [beauty-center-api] [           main] beauty_center.security.JwtAuthFilter     : Authenticated user: sv-client@test.com with authorities: [ROLE_CLIENT]
2026-02-17T16:44:12.348+01:00 DEBUG 2504 --- [beauty-center-api] [           main] o.s.security.web.FilterChainProxy        : Secured POST /api/appointments
2026-02-17T16:44:12.351+01:00 DEBUG 2504 --- [beauty-center-api] [           main] horizationManagerBeforeMethodInterceptor : Authorizing method invocation ReflectiveMethodInvocation: public org.springframework.http.ResponseEntity beauty_center.modules.appointments.controller.AppointmentController.createAppointment(beauty_center.modules.appointments.dto.AppointmentCreateRequest); target is of class [beauty_center.modules.appointments.controller.AppointmentController]
2026-02-17T16:44:12.351+01:00 DEBUG 2504 --- [beauty-center-api] [           main] horizationManagerBeforeMethodInterceptor : Authorized method invocation ReflectiveMethodInvocation: public org.springframework.http.ResponseEntity beauty_center.modules.appointments.controller.AppointmentController.createAppointment(beauty_center.modules.appointments.dto.AppointmentCreateRequest); target is of class [beauty_center.modules.appointments.controller.AppointmentController]
2026-02-17T16:44:12.351+01:00  INFO 2504 --- [beauty-center-api] [           main] b.m.a.controller.AppointmentController   : Create appointment request by: sv-client@test.com
2026-02-17T16:44:12.360+01:00  WARN 2504 --- [beauty-center-api] [           main] b.m.a.controller.AppointmentController   : Non-admin user 488e0c63-1716-464c-a075-a3d3eb9ba729 attempted to book for client 488e0c63-1716-464c-a075-a3d3eb9ba729

MockHttpServletRequest:
      HTTP Method = POST
      Request URI = /api/auth/login
       Parameters = {}
          Headers = [Content-Type:"application/json;charset=UTF-8", Content-Length:"54"]
             Body = {"email":"sv-client@test.com","password":"Client@123"}
    Session Attrs = {}

Handler:
             Type = beauty_center.modules.auth.AuthController
           Method = beauty_center.modules.auth.AuthController#login(LoginRequest)

Async:
    Async started = false
     Async result = null

Resolved Exception:
             Type = null

ModelAndView:
        View name = null
             View = null
            Model = null

FlashMap:
       Attributes = null

MockHttpServletResponse:
           Status = 200
    Error message = null
          Headers = [Vary:"Origin", "Access-Control-Request-Method", "Access-Control-Request-Headers", Content-Type:"application/json", X-Content-Type-Options:"nosniff", X-XSS-Protection:"0", Cache-Control:"no-cache, no-store, max-age=0, must-revalidate", Pragma:"no-cache", Expires:"0", X-Frame-Options:"DENY"]
     Content type = application/json
             Body = {"success":true,"message":"Login successful","data":{"accessToken":"eyJhbGciOiJIUzM4NCJ9.eyJzdWIiOiJzdi1jbGllbnRAdGVzdC5jb20iLCJyb2xlcyI6WyJST0xFX0NMSUVOVCJdLCJpYXQiOjE3NzEzNDMwNTIsImV4cCI6MTc3MTM0NjY1Mn0.v0y_JskgZhNn0YBbAbKydXlBsnRA6qFV6bQOPYXM8pR7jfg0jFmfRKlHYiOhElhY","refreshToken":"eyJhbGciOiJIUzM4NCJ9.eyJzdWIiOiJzdi1jbGllbnRAdGVzdC5jb20iLCJyb2xlcyI6WyJST0xFX0NMSUVOVCJdLCJpYXQiOjE3NzEzNDMwNTIsImV4cCI6MTc3MTk0Nzg1Mn0.zis3jS3YuhwV14xtA06fkTiBJ8smButj_D873NSIWLTVg_l1I755Ux9Zhb--2Mfn","tokenType":"Bearer","expiresIn":3600}}
    Forwarded URL = null
   Redirected URL = null
          Cookies = []

MockHttpServletRequest:
      HTTP Method = POST
      Request URI = /api/appointments
       Parameters = {}
          Headers = [Content-Type:"application/json;charset=UTF-8", Authorization:"Bearer eyJhbGciOiJIUzM4NCJ9.eyJzdWIiOiJzdi1jbGllbnRAdGVzdC5jb20iLCJyb2xlcyI6WyJST0xFX0NMSUVOVCJdLCJpYXQiOjE3NzEzNDMwNTIsImV4cCI6MTc3MTM0NjY1Mn0.v0y_JskgZhNn0YBbAbKydXlBsnRA6qFV6bQOPYXM8pR7jfg0jFmfRKlHYiOhElhY", Content-Length:"224"]
             Body = {"clientId":"488e0c63-1716-464c-a075-a3d3eb9ba729","serviceId":"ce91a4cc-b727-4f0c-a7ab-55c7fde5bd09","employeeId":"c2b808d5-1c61-4c7f-b043-41c6477e4621","startAt":"2026-02-17T10:00:00+01:00","notes":"Valid service booking"}
    Session Attrs = {}

Handler:
             Type = beauty_center.modules.appointments.controller.AppointmentController
           Method = beauty_center.modules.appointments.controller.AppointmentController#createAppointment(AppointmentCreateRequest)

Async:
    Async started = false
     Async result = null

Resolved Exception:
             Type = null

ModelAndView:
        View name = null
             View = null
            Model = null

FlashMap:
       Attributes = null

MockHttpServletResponse:
           Status = 403
    Error message = null
          Headers = [Vary:"Origin", "Access-Control-Request-Method", "Access-Control-Request-Headers", Content-Type:"application/json", X-Content-Type-Options:"nosniff", X-XSS-Protection:"0", Cache-Control:"no-cache, no-store, max-age=0, must-revalidate", Pragma:"no-cache", Expires:"0", X-Frame-Options:"DENY"]
     Content type = application/json
             Body = {"success":false,"message":"Only admins can book for other clients","status":403}
    Forwarded URL = null
   Redirected URL = null
          Cookies = []
2026-02-17T16:44:12.610+01:00 DEBUG 2504 --- [beauty-center-api] [           main] o.s.security.web.FilterChainProxy        : Securing POST /api/auth/login
2026-02-17T16:44:12.610+01:00 DEBUG 2504 --- [beauty-center-api] [           main] o.s.s.w.a.AnonymousAuthenticationFilter  : Set SecurityContextHolder to anonymous SecurityContext
2026-02-17T16:44:12.610+01:00 DEBUG 2504 --- [beauty-center-api] [           main] o.s.security.web.FilterChainProxy        : Secured POST /api/auth/login
2026-02-17T16:44:12.610+01:00  INFO 2504 --- [beauty-center-api] [           main] b.modules.auth.AuthController            : Login request for email: sv-client@test.com
2026-02-17T16:44:12.610+01:00  INFO 2504 --- [beauty-center-api] [           main] b.modules.auth.service.AuthService       : Login attempt for user: sv-client@test.com
2026-02-17T16:44:12.610+01:00 DEBUG 2504 --- [beauty-center-api] [           main] b.security.CustomUserDetailsService      : Loading user details for email: sv-client@test.com
2026-02-17T16:44:12.610+01:00 DEBUG 2504 --- [beauty-center-api] [           main] b.security.CustomUserDetailsService      : Added authority: ROLE_CLIENT
2026-02-17T16:44:12.610+01:00 DEBUG 2504 --- [beauty-center-api] [           main] b.security.CustomUserDetailsService      : User sv-client@test.com loaded with authorities: [ROLE_CLIENT]
2026-02-17T16:44:12.696+01:00 DEBUG 2504 --- [beauty-center-api] [           main] o.s.s.a.dao.DaoAuthenticationProvider    : Authenticated user
2026-02-17T16:44:12.696+01:00  INFO 2504 --- [beauty-center-api] [           main] b.modules.auth.service.AuthService       : User authenticated successfully: sv-client@test.com
2026-02-17T16:44:12.696+01:00 DEBUG 2504 --- [beauty-center-api] [           main] beauty_center.security.JwtService        : Generating access token for user: sv-client@test.com with roles: [ROLE_CLIENT]
2026-02-17T16:44:12.696+01:00 DEBUG 2504 --- [beauty-center-api] [           main] beauty_center.security.JwtService        : Generating refresh token for user: sv-client@test.com
2026-02-17T16:44:12.698+01:00 DEBUG 2504 --- [beauty-center-api] [           main] b.modules.auth.service.AuthService       : Tokens generated for user: sv-client@test.com
2026-02-17T16:44:12.698+01:00  INFO 2504 --- [beauty-center-api] [           main] b.modules.auth.AuthController            : User logged in successfully: sv-client@test.com
2026-02-17T16:44:12.700+01:00 DEBUG 2504 --- [beauty-center-api] [           main] o.s.security.web.FilterChainProxy        : Securing POST /api/appointments
2026-02-17T16:44:12.703+01:00 DEBUG 2504 --- [beauty-center-api] [           main] beauty_center.security.JwtService        : Token validation successful
2026-02-17T16:44:12.709+01:00 DEBUG 2504 --- [beauty-center-api] [           main] beauty_center.security.JwtAuthFilter     : Authenticated user: sv-client@test.com with authorities: [ROLE_CLIENT]
2026-02-17T16:44:12.711+01:00 DEBUG 2504 --- [beauty-center-api] [           main] o.s.security.web.FilterChainProxy        : Secured POST /api/appointments
2026-02-17T16:44:12.713+01:00 DEBUG 2504 --- [beauty-center-api] [           main] horizationManagerBeforeMethodInterceptor : Authorizing method invocation ReflectiveMethodInvocation: public org.springframework.http.ResponseEntity beauty_center.modules.appointments.controller.AppointmentController.createAppointment(beauty_center.modules.appointments.dto.AppointmentCreateRequest); target is of class [beauty_center.modules.appointments.controller.AppointmentController]
2026-02-17T16:44:12.713+01:00 DEBUG 2504 --- [beauty-center-api] [           main] horizationManagerBeforeMethodInterceptor : Authorized method invocation ReflectiveMethodInvocation: public org.springframework.http.ResponseEntity beauty_center.modules.appointments.controller.AppointmentController.createAppointment(beauty_center.modules.appointments.dto.AppointmentCreateRequest); target is of class [beauty_center.modules.appointments.controller.AppointmentController]
2026-02-17T16:44:12.713+01:00  INFO 2504 --- [beauty-center-api] [           main] b.m.a.controller.AppointmentController   : Create appointment request by: sv-client@test.com
2026-02-17T16:44:12.715+01:00  WARN 2504 --- [beauty-center-api] [           main] b.m.a.controller.AppointmentController   : Non-admin user 9ba5fe70-f657-4d82-b03e-0f5cbdcdbfcb attempted to book for client 9ba5fe70-f657-4d82-b03e-0f5cbdcdbfcb

MockHttpServletRequest:
      HTTP Method = POST
      Request URI = /api/auth/login
       Parameters = {}
          Headers = [Content-Type:"application/json;charset=UTF-8", Content-Length:"54"]
             Body = {"email":"sv-client@test.com","password":"Client@123"}
    Session Attrs = {}

Handler:
             Type = beauty_center.modules.auth.AuthController
           Method = beauty_center.modules.auth.AuthController#login(LoginRequest)

Async:
    Async started = false
     Async result = null

Resolved Exception:
             Type = null

ModelAndView:
        View name = null
             View = null
            Model = null

FlashMap:
       Attributes = null

MockHttpServletResponse:
           Status = 200
    Error message = null
          Headers = [Vary:"Origin", "Access-Control-Request-Method", "Access-Control-Request-Headers", Content-Type:"application/json", X-Content-Type-Options:"nosniff", X-XSS-Protection:"0", Cache-Control:"no-cache, no-store, max-age=0, must-revalidate", Pragma:"no-cache", Expires:"0", X-Frame-Options:"DENY"]
     Content type = application/json
             Body = {"success":true,"message":"Login successful","data":{"accessToken":"eyJhbGciOiJIUzM4NCJ9.eyJzdWIiOiJzdi1jbGllbnRAdGVzdC5jb20iLCJyb2xlcyI6WyJST0xFX0NMSUVOVCJdLCJpYXQiOjE3NzEzNDMwNTIsImV4cCI6MTc3MTM0NjY1Mn0.v0y_JskgZhNn0YBbAbKydXlBsnRA6qFV6bQOPYXM8pR7jfg0jFmfRKlHYiOhElhY","refreshToken":"eyJhbGciOiJIUzM4NCJ9.eyJzdWIiOiJzdi1jbGllbnRAdGVzdC5jb20iLCJyb2xlcyI6WyJST0xFX0NMSUVOVCJdLCJpYXQiOjE3NzEzNDMwNTIsImV4cCI6MTc3MTk0Nzg1Mn0.zis3jS3YuhwV14xtA06fkTiBJ8smButj_D873NSIWLTVg_l1I755Ux9Zhb--2Mfn","tokenType":"Bearer","expiresIn":3600}}
    Forwarded URL = null
   Redirected URL = null
          Cookies = []

MockHttpServletRequest:
      HTTP Method = POST
      Request URI = /api/appointments
       Parameters = {}
          Headers = [Content-Type:"application/json;charset=UTF-8", Authorization:"Bearer eyJhbGciOiJIUzM4NCJ9.eyJzdWIiOiJzdi1jbGllbnRAdGVzdC5jb20iLCJyb2xlcyI6WyJST0xFX0NMSUVOVCJdLCJpYXQiOjE3NzEzNDMwNTIsImV4cCI6MTc3MTM0NjY1Mn0.v0y_JskgZhNn0YBbAbKydXlBsnRA6qFV6bQOPYXM8pR7jfg0jFmfRKlHYiOhElhY", Content-Length:"226"]
             Body = {"clientId":"9ba5fe70-f657-4d82-b03e-0f5cbdcdbfcb","serviceId":"4d01e8c7-7a91-4cc5-88ee-b7158d209951","employeeId":"cff453c5-529b-4acd-87ba-d45c610b69c1","startAt":"2026-02-17T10:00:00+01:00","notes":"Invalid service booking"}
    Session Attrs = {}

Handler:
             Type = beauty_center.modules.appointments.controller.AppointmentController
           Method = beauty_center.modules.appointments.controller.AppointmentController#createAppointment(AppointmentCreateRequest)

Async:
    Async started = false
     Async result = null

Resolved Exception:
             Type = null

ModelAndView:
        View name = null
             View = null
            Model = null

FlashMap:
       Attributes = null

MockHttpServletResponse:
           Status = 403
    Error message = null
          Headers = [Vary:"Origin", "Access-Control-Request-Method", "Access-Control-Request-Headers", Content-Type:"application/json", X-Content-Type-Options:"nosniff", X-XSS-Protection:"0", Cache-Control:"no-cache, no-store, max-age=0, must-revalidate", Pragma:"no-cache", Expires:"0", X-Frame-Options:"DENY"]
     Content type = application/json
             Body = {"success":false,"message":"Only admins can book for other clients","status":403}
    Forwarded URL = null
   Redirected URL = null
          Cookies = []
[ERROR] Tests run: 2, Failures: 2, Errors: 0, Skipped: 0, Time elapsed: 0.820 s <<< FAILURE! -- in Employee-Service Validation Integration Tests
[ERROR] beauty_center.modules.appointments.EmployeeServiceValidationIntegrationTest.testAllowedEmployeeCanBookService -- Time elapsed: 0.444 s <<< FAILURE!
java.lang.AssertionError: Status expected:<201> but was:<403>
	at org.springframework.test.util.AssertionErrors.fail(AssertionErrors.java:61)
	at org.springframework.test.util.AssertionErrors.assertEquals(AssertionErrors.java:128)
	at org.springframework.test.web.servlet.result.StatusResultMatchers.lambda$matcher$9(StatusResultMatchers.java:640)
	at org.springframework.test.web.servlet.MockMvc$1.andExpect(MockMvc.java:214)
	at beauty_center.modules.appointments.EmployeeServiceValidationIntegrationTest.testAllowedEmployeeCanBookService(EmployeeServiceValidationIntegrationTest.java:156)
	at java.base/java.lang.reflect.Method.invoke(Method.java:568)
	at java.base/java.util.ArrayList.forEach(ArrayList.java:1511)
	at java.base/java.util.ArrayList.forEach(ArrayList.java:1511)

[ERROR] beauty_center.modules.appointments.EmployeeServiceValidationIntegrationTest.testForbiddenEmployeeCannotBookService -- Time elapsed: 0.352 s <<< FAILURE!
java.lang.AssertionError: Status expected:<400> but was:<403>
	at org.springframework.test.util.AssertionErrors.fail(AssertionErrors.java:61)
	at org.springframework.test.util.AssertionErrors.assertEquals(AssertionErrors.java:128)
	at org.springframework.test.web.servlet.result.StatusResultMatchers.lambda$matcher$9(StatusResultMatchers.java:640)
	at org.springframework.test.web.servlet.MockMvc$1.andExpect(MockMvc.java:214)
	at beauty_center.modules.appointments.EmployeeServiceValidationIntegrationTest.testForbiddenEmployeeCannotBookService(EmployeeServiceValidationIntegrationTest.java:178)
	at java.base/java.lang.reflect.Method.invoke(Method.java:568)
	at java.base/java.util.ArrayList.forEach(ArrayList.java:1511)
	at java.base/java.util.ArrayList.forEach(ArrayList.java:1511)

[INFO] Running Authentication Integration Tests
2026-02-17T16:44:12.884+01:00  INFO 2504 --- [beauty-center-api] [           main] .b.t.c.SpringBootTestContextBootstrapper : Found @SpringBootConfiguration beauty_center.BeautyCenterApplication for test class beauty_center.modules.auth.AuthenticationIntegrationTest
2026-02-17T16:44:13.200+01:00 DEBUG 2504 --- [beauty-center-api] [           main] o.s.security.web.FilterChainProxy        : Securing POST /api/auth/login
2026-02-17T16:44:13.202+01:00 DEBUG 2504 --- [beauty-center-api] [           main] o.s.s.w.a.AnonymousAuthenticationFilter  : Set SecurityContextHolder to anonymous SecurityContext
2026-02-17T16:44:13.205+01:00 DEBUG 2504 --- [beauty-center-api] [           main] o.s.security.web.FilterChainProxy        : Secured POST /api/auth/login
2026-02-17T16:44:13.210+01:00  INFO 2504 --- [beauty-center-api] [           main] b.modules.auth.AuthController            : Login request for email: admin@test.com
2026-02-17T16:44:13.210+01:00  INFO 2504 --- [beauty-center-api] [           main] b.modules.auth.service.AuthService       : Login attempt for user: admin@test.com
2026-02-17T16:44:13.210+01:00 DEBUG 2504 --- [beauty-center-api] [           main] b.security.CustomUserDetailsService      : Loading user details for email: admin@test.com
2026-02-17T16:44:13.224+01:00 DEBUG 2504 --- [beauty-center-api] [           main] b.security.CustomUserDetailsService      : Added authority: ROLE_ADMIN
2026-02-17T16:44:13.225+01:00 DEBUG 2504 --- [beauty-center-api] [           main] b.security.CustomUserDetailsService      : User admin@test.com loaded with authorities: [ROLE_ADMIN]
2026-02-17T16:44:13.303+01:00 DEBUG 2504 --- [beauty-center-api] [           main] o.s.s.a.dao.DaoAuthenticationProvider    : Authenticated user
2026-02-17T16:44:13.304+01:00  INFO 2504 --- [beauty-center-api] [           main] b.modules.auth.service.AuthService       : User authenticated successfully: admin@test.com
2026-02-17T16:44:13.304+01:00 DEBUG 2504 --- [beauty-center-api] [           main] beauty_center.security.JwtService        : Generating access token for user: admin@test.com with roles: [ROLE_ADMIN]
2026-02-17T16:44:13.306+01:00 DEBUG 2504 --- [beauty-center-api] [           main] beauty_center.security.JwtService        : Generating refresh token for user: admin@test.com
2026-02-17T16:44:13.307+01:00 DEBUG 2504 --- [beauty-center-api] [           main] b.modules.auth.service.AuthService       : Tokens generated for user: admin@test.com
2026-02-17T16:44:13.307+01:00  INFO 2504 --- [beauty-center-api] [           main] b.modules.auth.AuthController            : User logged in successfully: admin@test.com
2026-02-17T16:44:13.310+01:00 DEBUG 2504 --- [beauty-center-api] [           main] o.s.security.web.FilterChainProxy        : Securing POST /api/auth/login
2026-02-17T16:44:13.311+01:00 DEBUG 2504 --- [beauty-center-api] [           main] o.s.s.w.a.AnonymousAuthenticationFilter  : Set SecurityContextHolder to anonymous SecurityContext
2026-02-17T16:44:13.312+01:00 DEBUG 2504 --- [beauty-center-api] [           main] o.s.security.web.FilterChainProxy        : Secured POST /api/auth/login
2026-02-17T16:44:13.313+01:00  INFO 2504 --- [beauty-center-api] [           main] b.modules.auth.AuthController            : Login request for email: employee@test.com
2026-02-17T16:44:13.313+01:00  INFO 2504 --- [beauty-center-api] [           main] b.modules.auth.service.AuthService       : Login attempt for user: employee@test.com
2026-02-17T16:44:13.313+01:00 DEBUG 2504 --- [beauty-center-api] [           main] b.security.CustomUserDetailsService      : Loading user details for email: employee@test.com
2026-02-17T16:44:13.316+01:00 DEBUG 2504 --- [beauty-center-api] [           main] b.security.CustomUserDetailsService      : Added authority: ROLE_EMPLOYEE
2026-02-17T16:44:13.316+01:00 DEBUG 2504 --- [beauty-center-api] [           main] b.security.CustomUserDetailsService      : User employee@test.com loaded with authorities: [ROLE_EMPLOYEE]
2026-02-17T16:44:13.415+01:00 DEBUG 2504 --- [beauty-center-api] [           main] o.s.s.a.dao.DaoAuthenticationProvider    : Authenticated user
2026-02-17T16:44:13.415+01:00  INFO 2504 --- [beauty-center-api] [           main] b.modules.auth.service.AuthService       : User authenticated successfully: employee@test.com
2026-02-17T16:44:13.415+01:00 DEBUG 2504 --- [beauty-center-api] [           main] beauty_center.security.JwtService        : Generating access token for user: employee@test.com with roles: [ROLE_EMPLOYEE]
2026-02-17T16:44:13.415+01:00 DEBUG 2504 --- [beauty-center-api] [           main] beauty_center.security.JwtService        : Generating refresh token for user: employee@test.com
2026-02-17T16:44:13.415+01:00 DEBUG 2504 --- [beauty-center-api] [           main] b.modules.auth.service.AuthService       : Tokens generated for user: employee@test.com
2026-02-17T16:44:13.417+01:00  INFO 2504 --- [beauty-center-api] [           main] b.modules.auth.AuthController            : User logged in successfully: employee@test.com
2026-02-17T16:44:13.420+01:00 DEBUG 2504 --- [beauty-center-api] [           main] o.s.security.web.FilterChainProxy        : Securing POST /api/auth/login
2026-02-17T16:44:13.420+01:00 DEBUG 2504 --- [beauty-center-api] [           main] o.s.s.w.a.AnonymousAuthenticationFilter  : Set SecurityContextHolder to anonymous SecurityContext
2026-02-17T16:44:13.422+01:00 DEBUG 2504 --- [beauty-center-api] [           main] o.s.security.web.FilterChainProxy        : Secured POST /api/auth/login
2026-02-17T16:44:13.423+01:00  INFO 2504 --- [beauty-center-api] [           main] b.modules.auth.AuthController            : Login request for email: client@test.com
2026-02-17T16:44:13.423+01:00  INFO 2504 --- [beauty-center-api] [           main] b.modules.auth.service.AuthService       : Login attempt for user: client@test.com
2026-02-17T16:44:13.423+01:00 DEBUG 2504 --- [beauty-center-api] [           main] b.security.CustomUserDetailsService      : Loading user details for email: client@test.com
2026-02-17T16:44:13.425+01:00 DEBUG 2504 --- [beauty-center-api] [           main] b.security.CustomUserDetailsService      : Added authority: ROLE_CLIENT
2026-02-17T16:44:13.427+01:00 DEBUG 2504 --- [beauty-center-api] [           main] b.security.CustomUserDetailsService      : User client@test.com loaded with authorities: [ROLE_CLIENT]
2026-02-17T16:44:13.503+01:00 DEBUG 2504 --- [beauty-center-api] [           main] o.s.s.a.dao.DaoAuthenticationProvider    : Authenticated user
2026-02-17T16:44:13.503+01:00  INFO 2504 --- [beauty-center-api] [           main] b.modules.auth.service.AuthService       : User authenticated successfully: client@test.com
2026-02-17T16:44:13.503+01:00 DEBUG 2504 --- [beauty-center-api] [           main] beauty_center.security.JwtService        : Generating access token for user: client@test.com with roles: [ROLE_CLIENT]
2026-02-17T16:44:13.503+01:00 DEBUG 2504 --- [beauty-center-api] [           main] beauty_center.security.JwtService        : Generating refresh token for user: client@test.com
2026-02-17T16:44:13.503+01:00 DEBUG 2504 --- [beauty-center-api] [           main] b.modules.auth.service.AuthService       : Tokens generated for user: client@test.com
2026-02-17T16:44:13.503+01:00  INFO 2504 --- [beauty-center-api] [           main] b.modules.auth.AuthController            : User logged in successfully: client@test.com
2026-02-17T16:44:13.508+01:00 DEBUG 2504 --- [beauty-center-api] [           main] o.s.security.web.FilterChainProxy        : Securing GET /api/admin/employees
2026-02-17T16:44:13.508+01:00 DEBUG 2504 --- [beauty-center-api] [           main] beauty_center.security.JwtService        : Token validation successful
2026-02-17T16:44:13.508+01:00 DEBUG 2504 --- [beauty-center-api] [           main] beauty_center.security.JwtAuthFilter     : Authenticated user: admin@test.com with authorities: [ROLE_ADMIN]
2026-02-17T16:44:13.508+01:00 DEBUG 2504 --- [beauty-center-api] [           main] o.s.security.web.FilterChainProxy        : Secured GET /api/admin/employees
2026-02-17T16:44:13.511+01:00 DEBUG 2504 --- [beauty-center-api] [           main] horizationManagerBeforeMethodInterceptor : Authorizing method invocation ReflectiveMethodInvocation: public org.springframework.http.ResponseEntity beauty_center.modules.scheduling.controller.AdminEmployeeController.getAllEmployees(java.lang.Boolean); target is of class [beauty_center.modules.scheduling.controller.AdminEmployeeController]
2026-02-17T16:44:13.511+01:00 DEBUG 2504 --- [beauty-center-api] [           main] horizationManagerBeforeMethodInterceptor : Authorized method invocation ReflectiveMethodInvocation: public org.springframework.http.ResponseEntity beauty_center.modules.scheduling.controller.AdminEmployeeController.getAllEmployees(java.lang.Boolean); target is of class [beauty_center.modules.scheduling.controller.AdminEmployeeController]
2026-02-17T16:44:13.511+01:00  INFO 2504 --- [beauty-center-api] [           main] b.m.s.c.AdminEmployeeController          : Admin fetching employees (isActive: null)
2026-02-17T16:44:13.678+01:00 DEBUG 2504 --- [beauty-center-api] [           main] o.s.security.web.FilterChainProxy        : Securing POST /api/auth/login
2026-02-17T16:44:13.678+01:00 DEBUG 2504 --- [beauty-center-api] [           main] o.s.s.w.a.AnonymousAuthenticationFilter  : Set SecurityContextHolder to anonymous SecurityContext
2026-02-17T16:44:13.678+01:00 DEBUG 2504 --- [beauty-center-api] [           main] o.s.security.web.FilterChainProxy        : Secured POST /api/auth/login
2026-02-17T16:44:13.678+01:00  INFO 2504 --- [beauty-center-api] [           main] b.modules.auth.AuthController            : Login request for email: admin@test.com
2026-02-17T16:44:13.678+01:00  INFO 2504 --- [beauty-center-api] [           main] b.modules.auth.service.AuthService       : Login attempt for user: admin@test.com
2026-02-17T16:44:13.678+01:00 DEBUG 2504 --- [beauty-center-api] [           main] b.security.CustomUserDetailsService      : Loading user details for email: admin@test.com
2026-02-17T16:44:13.683+01:00 DEBUG 2504 --- [beauty-center-api] [           main] b.security.CustomUserDetailsService      : Added authority: ROLE_ADMIN
2026-02-17T16:44:13.683+01:00 DEBUG 2504 --- [beauty-center-api] [           main] b.security.CustomUserDetailsService      : User admin@test.com loaded with authorities: [ROLE_ADMIN]
2026-02-17T16:44:13.748+01:00 DEBUG 2504 --- [beauty-center-api] [           main] o.s.s.a.dao.DaoAuthenticationProvider    : Authenticated user
2026-02-17T16:44:13.748+01:00  INFO 2504 --- [beauty-center-api] [           main] b.modules.auth.service.AuthService       : User authenticated successfully: admin@test.com
2026-02-17T16:44:13.748+01:00 DEBUG 2504 --- [beauty-center-api] [           main] beauty_center.security.JwtService        : Generating access token for user: admin@test.com with roles: [ROLE_ADMIN]
2026-02-17T16:44:13.748+01:00 DEBUG 2504 --- [beauty-center-api] [           main] beauty_center.security.JwtService        : Generating refresh token for user: admin@test.com
2026-02-17T16:44:13.748+01:00 DEBUG 2504 --- [beauty-center-api] [           main] b.modules.auth.service.AuthService       : Tokens generated for user: admin@test.com
2026-02-17T16:44:13.748+01:00  INFO 2504 --- [beauty-center-api] [           main] b.modules.auth.AuthController            : User logged in successfully: admin@test.com
2026-02-17T16:44:13.752+01:00 DEBUG 2504 --- [beauty-center-api] [           main] o.s.security.web.FilterChainProxy        : Securing POST /api/auth/login
2026-02-17T16:44:13.752+01:00 DEBUG 2504 --- [beauty-center-api] [           main] o.s.s.w.a.AnonymousAuthenticationFilter  : Set SecurityContextHolder to anonymous SecurityContext
2026-02-17T16:44:13.752+01:00 DEBUG 2504 --- [beauty-center-api] [           main] o.s.security.web.FilterChainProxy        : Secured POST /api/auth/login
2026-02-17T16:44:13.752+01:00  INFO 2504 --- [beauty-center-api] [           main] b.modules.auth.AuthController            : Login request for email: employee@test.com
2026-02-17T16:44:13.752+01:00  INFO 2504 --- [beauty-center-api] [           main] b.modules.auth.service.AuthService       : Login attempt for user: employee@test.com
2026-02-17T16:44:13.752+01:00 DEBUG 2504 --- [beauty-center-api] [           main] b.security.CustomUserDetailsService      : Loading user details for email: employee@test.com
2026-02-17T16:44:13.756+01:00 DEBUG 2504 --- [beauty-center-api] [           main] b.security.CustomUserDetailsService      : Added authority: ROLE_EMPLOYEE
2026-02-17T16:44:13.756+01:00 DEBUG 2504 --- [beauty-center-api] [           main] b.security.CustomUserDetailsService      : User employee@test.com loaded with authorities: [ROLE_EMPLOYEE]
2026-02-17T16:44:13.821+01:00 DEBUG 2504 --- [beauty-center-api] [           main] o.s.s.a.dao.DaoAuthenticationProvider    : Authenticated user
2026-02-17T16:44:13.822+01:00  INFO 2504 --- [beauty-center-api] [           main] b.modules.auth.service.AuthService       : User authenticated successfully: employee@test.com
2026-02-17T16:44:13.822+01:00 DEBUG 2504 --- [beauty-center-api] [           main] beauty_center.security.JwtService        : Generating access token for user: employee@test.com with roles: [ROLE_EMPLOYEE]
2026-02-17T16:44:13.822+01:00 DEBUG 2504 --- [beauty-center-api] [           main] beauty_center.security.JwtService        : Generating refresh token for user: employee@test.com
2026-02-17T16:44:13.822+01:00 DEBUG 2504 --- [beauty-center-api] [           main] b.modules.auth.service.AuthService       : Tokens generated for user: employee@test.com
2026-02-17T16:44:13.822+01:00  INFO 2504 --- [beauty-center-api] [           main] b.modules.auth.AuthController            : User logged in successfully: employee@test.com
2026-02-17T16:44:13.825+01:00 DEBUG 2504 --- [beauty-center-api] [           main] o.s.security.web.FilterChainProxy        : Securing POST /api/auth/login
2026-02-17T16:44:13.825+01:00 DEBUG 2504 --- [beauty-center-api] [           main] o.s.s.w.a.AnonymousAuthenticationFilter  : Set SecurityContextHolder to anonymous SecurityContext
2026-02-17T16:44:13.825+01:00 DEBUG 2504 --- [beauty-center-api] [           main] o.s.security.web.FilterChainProxy        : Secured POST /api/auth/login
2026-02-17T16:44:13.826+01:00  INFO 2504 --- [beauty-center-api] [           main] b.modules.auth.AuthController            : Login request for email: client@test.com
2026-02-17T16:44:13.826+01:00  INFO 2504 --- [beauty-center-api] [           main] b.modules.auth.service.AuthService       : Login attempt for user: client@test.com
2026-02-17T16:44:13.826+01:00 DEBUG 2504 --- [beauty-center-api] [           main] b.security.CustomUserDetailsService      : Loading user details for email: client@test.com
2026-02-17T16:44:13.828+01:00 DEBUG 2504 --- [beauty-center-api] [           main] b.security.CustomUserDetailsService      : Added authority: ROLE_CLIENT
2026-02-17T16:44:13.828+01:00 DEBUG 2504 --- [beauty-center-api] [           main] b.security.CustomUserDetailsService      : User client@test.com loaded with authorities: [ROLE_CLIENT]
2026-02-17T16:44:13.892+01:00 DEBUG 2504 --- [beauty-center-api] [           main] o.s.s.a.dao.DaoAuthenticationProvider    : Authenticated user
2026-02-17T16:44:13.893+01:00  INFO 2504 --- [beauty-center-api] [           main] b.modules.auth.service.AuthService       : User authenticated successfully: client@test.com
2026-02-17T16:44:13.893+01:00 DEBUG 2504 --- [beauty-center-api] [           main] beauty_center.security.JwtService        : Generating access token for user: client@test.com with roles: [ROLE_CLIENT]
2026-02-17T16:44:13.893+01:00 DEBUG 2504 --- [beauty-center-api] [           main] beauty_center.security.JwtService        : Generating refresh token for user: client@test.com
2026-02-17T16:44:13.893+01:00 DEBUG 2504 --- [beauty-center-api] [           main] b.modules.auth.service.AuthService       : Tokens generated for user: client@test.com
2026-02-17T16:44:13.893+01:00  INFO 2504 --- [beauty-center-api] [           main] b.modules.auth.AuthController            : User logged in successfully: client@test.com
2026-02-17T16:44:13.896+01:00 DEBUG 2504 --- [beauty-center-api] [           main] o.s.security.web.FilterChainProxy        : Securing POST /api/auth/login
2026-02-17T16:44:13.896+01:00 DEBUG 2504 --- [beauty-center-api] [           main] o.s.s.w.a.AnonymousAuthenticationFilter  : Set SecurityContextHolder to anonymous SecurityContext
2026-02-17T16:44:13.896+01:00 DEBUG 2504 --- [beauty-center-api] [           main] o.s.security.web.FilterChainProxy        : Secured POST /api/auth/login
2026-02-17T16:44:13.897+01:00  INFO 2504 --- [beauty-center-api] [           main] b.modules.auth.AuthController            : Login request for email: admin@test.com
2026-02-17T16:44:13.897+01:00  INFO 2504 --- [beauty-center-api] [           main] b.modules.auth.service.AuthService       : Login attempt for user: admin@test.com
2026-02-17T16:44:13.897+01:00 DEBUG 2504 --- [beauty-center-api] [           main] b.security.CustomUserDetailsService      : Loading user details for email: admin@test.com
2026-02-17T16:44:13.898+01:00 DEBUG 2504 --- [beauty-center-api] [           main] b.security.CustomUserDetailsService      : Added authority: ROLE_ADMIN
2026-02-17T16:44:13.898+01:00 DEBUG 2504 --- [beauty-center-api] [           main] b.security.CustomUserDetailsService      : User admin@test.com loaded with authorities: [ROLE_ADMIN]
2026-02-17T16:44:13.968+01:00 DEBUG 2504 --- [beauty-center-api] [           main] o.s.s.a.dao.DaoAuthenticationProvider    : Authenticated user
2026-02-17T16:44:13.968+01:00  INFO 2504 --- [beauty-center-api] [           main] b.modules.auth.service.AuthService       : User authenticated successfully: admin@test.com
2026-02-17T16:44:13.968+01:00 DEBUG 2504 --- [beauty-center-api] [           main] beauty_center.security.JwtService        : Generating access token for user: admin@test.com with roles: [ROLE_ADMIN]
2026-02-17T16:44:13.969+01:00 DEBUG 2504 --- [beauty-center-api] [           main] beauty_center.security.JwtService        : Generating refresh token for user: admin@test.com
2026-02-17T16:44:13.969+01:00 DEBUG 2504 --- [beauty-center-api] [           main] b.modules.auth.service.AuthService       : Tokens generated for user: admin@test.com
2026-02-17T16:44:13.969+01:00  INFO 2504 --- [beauty-center-api] [           main] b.modules.auth.AuthController            : User logged in successfully: admin@test.com
2026-02-17T16:44:14.133+01:00 DEBUG 2504 --- [beauty-center-api] [           main] o.s.security.web.FilterChainProxy        : Securing POST /api/auth/login
2026-02-17T16:44:14.135+01:00 DEBUG 2504 --- [beauty-center-api] [           main] o.s.s.w.a.AnonymousAuthenticationFilter  : Set SecurityContextHolder to anonymous SecurityContext
2026-02-17T16:44:14.135+01:00 DEBUG 2504 --- [beauty-center-api] [           main] o.s.security.web.FilterChainProxy        : Secured POST /api/auth/login
2026-02-17T16:44:14.136+01:00  INFO 2504 --- [beauty-center-api] [           main] b.modules.auth.AuthController            : Login request for email: admin@test.com
2026-02-17T16:44:14.136+01:00  INFO 2504 --- [beauty-center-api] [           main] b.modules.auth.service.AuthService       : Login attempt for user: admin@test.com
2026-02-17T16:44:14.136+01:00 DEBUG 2504 --- [beauty-center-api] [           main] b.security.CustomUserDetailsService      : Loading user details for email: admin@test.com
2026-02-17T16:44:14.141+01:00 DEBUG 2504 --- [beauty-center-api] [           main] b.security.CustomUserDetailsService      : Added authority: ROLE_ADMIN
2026-02-17T16:44:14.141+01:00 DEBUG 2504 --- [beauty-center-api] [           main] b.security.CustomUserDetailsService      : User admin@test.com loaded with authorities: [ROLE_ADMIN]
2026-02-17T16:44:14.212+01:00 DEBUG 2504 --- [beauty-center-api] [           main] o.s.s.a.dao.DaoAuthenticationProvider    : Authenticated user
2026-02-17T16:44:14.212+01:00  INFO 2504 --- [beauty-center-api] [           main] b.modules.auth.service.AuthService       : User authenticated successfully: admin@test.com
2026-02-17T16:44:14.212+01:00 DEBUG 2504 --- [beauty-center-api] [           main] beauty_center.security.JwtService        : Generating access token for user: admin@test.com with roles: [ROLE_ADMIN]
2026-02-17T16:44:14.212+01:00 DEBUG 2504 --- [beauty-center-api] [           main] beauty_center.security.JwtService        : Generating refresh token for user: admin@test.com
2026-02-17T16:44:14.212+01:00 DEBUG 2504 --- [beauty-center-api] [           main] b.modules.auth.service.AuthService       : Tokens generated for user: admin@test.com
2026-02-17T16:44:14.212+01:00  INFO 2504 --- [beauty-center-api] [           main] b.modules.auth.AuthController            : User logged in successfully: admin@test.com
2026-02-17T16:44:14.215+01:00 DEBUG 2504 --- [beauty-center-api] [           main] o.s.security.web.FilterChainProxy        : Securing POST /api/auth/login
2026-02-17T16:44:14.215+01:00 DEBUG 2504 --- [beauty-center-api] [           main] o.s.s.w.a.AnonymousAuthenticationFilter  : Set SecurityContextHolder to anonymous SecurityContext
2026-02-17T16:44:14.215+01:00 DEBUG 2504 --- [beauty-center-api] [           main] o.s.security.web.FilterChainProxy        : Secured POST /api/auth/login
2026-02-17T16:44:14.217+01:00  INFO 2504 --- [beauty-center-api] [           main] b.modules.auth.AuthController            : Login request for email: employee@test.com
2026-02-17T16:44:14.217+01:00  INFO 2504 --- [beauty-center-api] [           main] b.modules.auth.service.AuthService       : Login attempt for user: employee@test.com
2026-02-17T16:44:14.218+01:00 DEBUG 2504 --- [beauty-center-api] [           main] b.security.CustomUserDetailsService      : Loading user details for email: employee@test.com
2026-02-17T16:44:14.222+01:00 DEBUG 2504 --- [beauty-center-api] [           main] b.security.CustomUserDetailsService      : Added authority: ROLE_EMPLOYEE
2026-02-17T16:44:14.222+01:00 DEBUG 2504 --- [beauty-center-api] [           main] b.security.CustomUserDetailsService      : User employee@test.com loaded with authorities: [ROLE_EMPLOYEE]
2026-02-17T16:44:14.296+01:00 DEBUG 2504 --- [beauty-center-api] [           main] o.s.s.a.dao.DaoAuthenticationProvider    : Authenticated user
2026-02-17T16:44:14.296+01:00  INFO 2504 --- [beauty-center-api] [           main] b.modules.auth.service.AuthService       : User authenticated successfully: employee@test.com
2026-02-17T16:44:14.296+01:00 DEBUG 2504 --- [beauty-center-api] [           main] beauty_center.security.JwtService        : Generating access token for user: employee@test.com with roles: [ROLE_EMPLOYEE]
2026-02-17T16:44:14.298+01:00 DEBUG 2504 --- [beauty-center-api] [           main] beauty_center.security.JwtService        : Generating refresh token for user: employee@test.com
2026-02-17T16:44:14.298+01:00 DEBUG 2504 --- [beauty-center-api] [           main] b.modules.auth.service.AuthService       : Tokens generated for user: employee@test.com
2026-02-17T16:44:14.298+01:00  INFO 2504 --- [beauty-center-api] [           main] b.modules.auth.AuthController            : User logged in successfully: employee@test.com
2026-02-17T16:44:14.299+01:00 DEBUG 2504 --- [beauty-center-api] [           main] o.s.security.web.FilterChainProxy        : Securing POST /api/auth/login
2026-02-17T16:44:14.300+01:00 DEBUG 2504 --- [beauty-center-api] [           main] o.s.s.w.a.AnonymousAuthenticationFilter  : Set SecurityContextHolder to anonymous SecurityContext
2026-02-17T16:44:14.300+01:00 DEBUG 2504 --- [beauty-center-api] [           main] o.s.security.web.FilterChainProxy        : Secured POST /api/auth/login
2026-02-17T16:44:14.300+01:00  INFO 2504 --- [beauty-center-api] [           main] b.modules.auth.AuthController            : Login request for email: client@test.com
2026-02-17T16:44:14.300+01:00  INFO 2504 --- [beauty-center-api] [           main] b.modules.auth.service.AuthService       : Login attempt for user: client@test.com
2026-02-17T16:44:14.301+01:00 DEBUG 2504 --- [beauty-center-api] [           main] b.security.CustomUserDetailsService      : Loading user details for email: client@test.com
2026-02-17T16:44:14.302+01:00 DEBUG 2504 --- [beauty-center-api] [           main] b.security.CustomUserDetailsService      : Added authority: ROLE_CLIENT
2026-02-17T16:44:14.302+01:00 DEBUG 2504 --- [beauty-center-api] [           main] b.security.CustomUserDetailsService      : User client@test.com loaded with authorities: [ROLE_CLIENT]
2026-02-17T16:44:14.374+01:00 DEBUG 2504 --- [beauty-center-api] [           main] o.s.s.a.dao.DaoAuthenticationProvider    : Authenticated user
2026-02-17T16:44:14.374+01:00  INFO 2504 --- [beauty-center-api] [           main] b.modules.auth.service.AuthService       : User authenticated successfully: client@test.com
2026-02-17T16:44:14.374+01:00 DEBUG 2504 --- [beauty-center-api] [           main] beauty_center.security.JwtService        : Generating access token for user: client@test.com with roles: [ROLE_CLIENT]
2026-02-17T16:44:14.374+01:00 DEBUG 2504 --- [beauty-center-api] [           main] beauty_center.security.JwtService        : Generating refresh token for user: client@test.com
2026-02-17T16:44:14.374+01:00 DEBUG 2504 --- [beauty-center-api] [           main] b.modules.auth.service.AuthService       : Tokens generated for user: client@test.com
2026-02-17T16:44:14.374+01:00  INFO 2504 --- [beauty-center-api] [           main] b.modules.auth.AuthController            : User logged in successfully: client@test.com
2026-02-17T16:44:14.378+01:00 DEBUG 2504 --- [beauty-center-api] [           main] o.s.security.web.FilterChainProxy        : Securing GET /api/admin/employees
2026-02-17T16:44:14.380+01:00 DEBUG 2504 --- [beauty-center-api] [           main] beauty_center.security.JwtService        : Token validation successful
2026-02-17T16:44:14.380+01:00 DEBUG 2504 --- [beauty-center-api] [           main] beauty_center.security.JwtAuthFilter     : Authenticated user: employee@test.com with authorities: [ROLE_EMPLOYEE]
2026-02-17T16:44:14.380+01:00 DEBUG 2504 --- [beauty-center-api] [           main] o.s.security.web.FilterChainProxy        : Secured GET /api/admin/employees
2026-02-17T16:44:14.382+01:00 DEBUG 2504 --- [beauty-center-api] [           main] horizationManagerBeforeMethodInterceptor : Authorizing method invocation ReflectiveMethodInvocation: public org.springframework.http.ResponseEntity beauty_center.modules.scheduling.controller.AdminEmployeeController.getAllEmployees(java.lang.Boolean); target is of class [beauty_center.modules.scheduling.controller.AdminEmployeeController]
2026-02-17T16:44:14.384+01:00 DEBUG 2504 --- [beauty-center-api] [           main] horizationManagerBeforeMethodInterceptor : Failed to authorize ReflectiveMethodInvocation: public org.springframework.http.ResponseEntity beauty_center.modules.scheduling.controller.AdminEmployeeController.getAllEmployees(java.lang.Boolean); target is of class [beauty_center.modules.scheduling.controller.AdminEmployeeController] with authorization manager org.springframework.security.authorization.ObservationAuthorizationManager@efcc91d and result ExpressionAuthorizationDecision [granted=false, expressionAttribute=hasRole('ADMIN')]
2026-02-17T16:44:14.386+01:00  WARN 2504 --- [beauty-center-api] [           main] b.common.error.GlobalExceptionHandler    : Access denied: Access Denied
2026-02-17T16:44:14.562+01:00 DEBUG 2504 --- [beauty-center-api] [           main] o.s.security.web.FilterChainProxy        : Securing POST /api/auth/login
2026-02-17T16:44:14.562+01:00 DEBUG 2504 --- [beauty-center-api] [           main] o.s.s.w.a.AnonymousAuthenticationFilter  : Set SecurityContextHolder to anonymous SecurityContext
2026-02-17T16:44:14.563+01:00 DEBUG 2504 --- [beauty-center-api] [           main] o.s.security.web.FilterChainProxy        : Secured POST /api/auth/login
2026-02-17T16:44:14.564+01:00  INFO 2504 --- [beauty-center-api] [           main] b.modules.auth.AuthController            : Login request for email: admin@test.com
2026-02-17T16:44:14.564+01:00  INFO 2504 --- [beauty-center-api] [           main] b.modules.auth.service.AuthService       : Login attempt for user: admin@test.com
2026-02-17T16:44:14.564+01:00 DEBUG 2504 --- [beauty-center-api] [           main] b.security.CustomUserDetailsService      : Loading user details for email: admin@test.com
2026-02-17T16:44:14.566+01:00 DEBUG 2504 --- [beauty-center-api] [           main] b.security.CustomUserDetailsService      : Added authority: ROLE_ADMIN
2026-02-17T16:44:14.566+01:00 DEBUG 2504 --- [beauty-center-api] [           main] b.security.CustomUserDetailsService      : User admin@test.com loaded with authorities: [ROLE_ADMIN]
2026-02-17T16:44:14.640+01:00 DEBUG 2504 --- [beauty-center-api] [           main] o.s.s.a.dao.DaoAuthenticationProvider    : Authenticated user
2026-02-17T16:44:14.640+01:00  INFO 2504 --- [beauty-center-api] [           main] b.modules.auth.service.AuthService       : User authenticated successfully: admin@test.com
2026-02-17T16:44:14.640+01:00 DEBUG 2504 --- [beauty-center-api] [           main] beauty_center.security.JwtService        : Generating access token for user: admin@test.com with roles: [ROLE_ADMIN]
2026-02-17T16:44:14.640+01:00 DEBUG 2504 --- [beauty-center-api] [           main] beauty_center.security.JwtService        : Generating refresh token for user: admin@test.com
2026-02-17T16:44:14.640+01:00 DEBUG 2504 --- [beauty-center-api] [           main] b.modules.auth.service.AuthService       : Tokens generated for user: admin@test.com
2026-02-17T16:44:14.640+01:00  INFO 2504 --- [beauty-center-api] [           main] b.modules.auth.AuthController            : User logged in successfully: admin@test.com
2026-02-17T16:44:14.645+01:00 DEBUG 2504 --- [beauty-center-api] [           main] o.s.security.web.FilterChainProxy        : Securing POST /api/auth/login
2026-02-17T16:44:14.645+01:00 DEBUG 2504 --- [beauty-center-api] [           main] o.s.s.w.a.AnonymousAuthenticationFilter  : Set SecurityContextHolder to anonymous SecurityContext
2026-02-17T16:44:14.645+01:00 DEBUG 2504 --- [beauty-center-api] [           main] o.s.security.web.FilterChainProxy        : Secured POST /api/auth/login
2026-02-17T16:44:14.648+01:00  INFO 2504 --- [beauty-center-api] [           main] b.modules.auth.AuthController            : Login request for email: employee@test.com
2026-02-17T16:44:14.648+01:00  INFO 2504 --- [beauty-center-api] [           main] b.modules.auth.service.AuthService       : Login attempt for user: employee@test.com
2026-02-17T16:44:14.648+01:00 DEBUG 2504 --- [beauty-center-api] [           main] b.security.CustomUserDetailsService      : Loading user details for email: employee@test.com
2026-02-17T16:44:14.650+01:00 DEBUG 2504 --- [beauty-center-api] [           main] b.security.CustomUserDetailsService      : Added authority: ROLE_EMPLOYEE
2026-02-17T16:44:14.650+01:00 DEBUG 2504 --- [beauty-center-api] [           main] b.security.CustomUserDetailsService      : User employee@test.com loaded with authorities: [ROLE_EMPLOYEE]
2026-02-17T16:44:14.728+01:00 DEBUG 2504 --- [beauty-center-api] [           main] o.s.s.a.dao.DaoAuthenticationProvider    : Authenticated user
2026-02-17T16:44:14.729+01:00  INFO 2504 --- [beauty-center-api] [           main] b.modules.auth.service.AuthService       : User authenticated successfully: employee@test.com
2026-02-17T16:44:14.729+01:00 DEBUG 2504 --- [beauty-center-api] [           main] beauty_center.security.JwtService        : Generating access token for user: employee@test.com with roles: [ROLE_EMPLOYEE]
2026-02-17T16:44:14.729+01:00 DEBUG 2504 --- [beauty-center-api] [           main] beauty_center.security.JwtService        : Generating refresh token for user: employee@test.com
2026-02-17T16:44:14.730+01:00 DEBUG 2504 --- [beauty-center-api] [           main] b.modules.auth.service.AuthService       : Tokens generated for user: employee@test.com
2026-02-17T16:44:14.730+01:00  INFO 2504 --- [beauty-center-api] [           main] b.modules.auth.AuthController            : User logged in successfully: employee@test.com
2026-02-17T16:44:14.733+01:00 DEBUG 2504 --- [beauty-center-api] [           main] o.s.security.web.FilterChainProxy        : Securing POST /api/auth/login
2026-02-17T16:44:14.733+01:00 DEBUG 2504 --- [beauty-center-api] [           main] o.s.s.w.a.AnonymousAuthenticationFilter  : Set SecurityContextHolder to anonymous SecurityContext
2026-02-17T16:44:14.733+01:00 DEBUG 2504 --- [beauty-center-api] [           main] o.s.security.web.FilterChainProxy        : Secured POST /api/auth/login
2026-02-17T16:44:14.734+01:00  INFO 2504 --- [beauty-center-api] [           main] b.modules.auth.AuthController            : Login request for email: client@test.com
2026-02-17T16:44:14.734+01:00  INFO 2504 --- [beauty-center-api] [           main] b.modules.auth.service.AuthService       : Login attempt for user: client@test.com
2026-02-17T16:44:14.734+01:00 DEBUG 2504 --- [beauty-center-api] [           main] b.security.CustomUserDetailsService      : Loading user details for email: client@test.com
2026-02-17T16:44:14.736+01:00 DEBUG 2504 --- [beauty-center-api] [           main] b.security.CustomUserDetailsService      : Added authority: ROLE_CLIENT
2026-02-17T16:44:14.736+01:00 DEBUG 2504 --- [beauty-center-api] [           main] b.security.CustomUserDetailsService      : User client@test.com loaded with authorities: [ROLE_CLIENT]
2026-02-17T16:44:14.810+01:00 DEBUG 2504 --- [beauty-center-api] [           main] o.s.s.a.dao.DaoAuthenticationProvider    : Authenticated user
2026-02-17T16:44:14.810+01:00  INFO 2504 --- [beauty-center-api] [           main] b.modules.auth.service.AuthService       : User authenticated successfully: client@test.com
2026-02-17T16:44:14.810+01:00 DEBUG 2504 --- [beauty-center-api] [           main] beauty_center.security.JwtService        : Generating access token for user: client@test.com with roles: [ROLE_CLIENT]
2026-02-17T16:44:14.810+01:00 DEBUG 2504 --- [beauty-center-api] [           main] beauty_center.security.JwtService        : Generating refresh token for user: client@test.com
2026-02-17T16:44:14.810+01:00 DEBUG 2504 --- [beauty-center-api] [           main] b.modules.auth.service.AuthService       : Tokens generated for user: client@test.com
2026-02-17T16:44:14.810+01:00  INFO 2504 --- [beauty-center-api] [           main] b.modules.auth.AuthController            : User logged in successfully: client@test.com
2026-02-17T16:44:14.813+01:00 DEBUG 2504 --- [beauty-center-api] [           main] o.s.security.web.FilterChainProxy        : Securing GET /api/auth/me
2026-02-17T16:44:14.815+01:00  WARN 2504 --- [beauty-center-api] [           main] beauty_center.security.JwtService        : Token validation failed: Malformed protected header JSON: Unable to deserialize: Unexpected character ('?' (code 65533 / 0xfffd)): expected a valid value (JSON String, Number, Array, Object or token 'null', 'true' or 'false')
 at [Source: REDACTED (`StreamReadFeature.INCLUDE_SOURCE_IN_LOCATION` disabled); line: 1, column: 1]
2026-02-17T16:44:14.815+01:00 DEBUG 2504 --- [beauty-center-api] [           main] o.s.s.w.a.AnonymousAuthenticationFilter  : Set SecurityContextHolder to anonymous SecurityContext
2026-02-17T16:44:14.816+01:00  WARN 2504 --- [beauty-center-api] [           main] b.security.JwtAuthenticationEntryPoint   : Authentication failed: Full authentication is required to access this resource - /api/auth/me
2026-02-17T16:44:14.972+01:00 DEBUG 2504 --- [beauty-center-api] [           main] o.s.security.web.FilterChainProxy        : Securing POST /api/auth/login
2026-02-17T16:44:14.972+01:00 DEBUG 2504 --- [beauty-center-api] [           main] o.s.s.w.a.AnonymousAuthenticationFilter  : Set SecurityContextHolder to anonymous SecurityContext
2026-02-17T16:44:14.972+01:00 DEBUG 2504 --- [beauty-center-api] [           main] o.s.security.web.FilterChainProxy        : Secured POST /api/auth/login
2026-02-17T16:44:14.972+01:00  INFO 2504 --- [beauty-center-api] [           main] b.modules.auth.AuthController            : Login request for email: admin@test.com
2026-02-17T16:44:14.972+01:00  INFO 2504 --- [beauty-center-api] [           main] b.modules.auth.service.AuthService       : Login attempt for user: admin@test.com
2026-02-17T16:44:14.972+01:00 DEBUG 2504 --- [beauty-center-api] [           main] b.security.CustomUserDetailsService      : Loading user details for email: admin@test.com
2026-02-17T16:44:14.972+01:00 DEBUG 2504 --- [beauty-center-api] [           main] b.security.CustomUserDetailsService      : Added authority: ROLE_ADMIN
2026-02-17T16:44:14.972+01:00 DEBUG 2504 --- [beauty-center-api] [           main] b.security.CustomUserDetailsService      : User admin@test.com loaded with authorities: [ROLE_ADMIN]
2026-02-17T16:44:15.043+01:00 DEBUG 2504 --- [beauty-center-api] [           main] o.s.s.a.dao.DaoAuthenticationProvider    : Authenticated user
2026-02-17T16:44:15.043+01:00  INFO 2504 --- [beauty-center-api] [           main] b.modules.auth.service.AuthService       : User authenticated successfully: admin@test.com
2026-02-17T16:44:15.043+01:00 DEBUG 2504 --- [beauty-center-api] [           main] beauty_center.security.JwtService        : Generating access token for user: admin@test.com with roles: [ROLE_ADMIN]
2026-02-17T16:44:15.043+01:00 DEBUG 2504 --- [beauty-center-api] [           main] beauty_center.security.JwtService        : Generating refresh token for user: admin@test.com
2026-02-17T16:44:15.043+01:00 DEBUG 2504 --- [beauty-center-api] [           main] b.modules.auth.service.AuthService       : Tokens generated for user: admin@test.com
2026-02-17T16:44:15.043+01:00  INFO 2504 --- [beauty-center-api] [           main] b.modules.auth.AuthController            : User logged in successfully: admin@test.com
2026-02-17T16:44:15.044+01:00 DEBUG 2504 --- [beauty-center-api] [           main] o.s.security.web.FilterChainProxy        : Securing POST /api/auth/login
2026-02-17T16:44:15.045+01:00 DEBUG 2504 --- [beauty-center-api] [           main] o.s.s.w.a.AnonymousAuthenticationFilter  : Set SecurityContextHolder to anonymous SecurityContext
2026-02-17T16:44:15.045+01:00 DEBUG 2504 --- [beauty-center-api] [           main] o.s.security.web.FilterChainProxy        : Secured POST /api/auth/login
2026-02-17T16:44:15.045+01:00  INFO 2504 --- [beauty-center-api] [           main] b.modules.auth.AuthController            : Login request for email: employee@test.com
2026-02-17T16:44:15.045+01:00  INFO 2504 --- [beauty-center-api] [           main] b.modules.auth.service.AuthService       : Login attempt for user: employee@test.com
2026-02-17T16:44:15.045+01:00 DEBUG 2504 --- [beauty-center-api] [           main] b.security.CustomUserDetailsService      : Loading user details for email: employee@test.com
2026-02-17T16:44:15.048+01:00 DEBUG 2504 --- [beauty-center-api] [           main] b.security.CustomUserDetailsService      : Added authority: ROLE_EMPLOYEE
2026-02-17T16:44:15.048+01:00 DEBUG 2504 --- [beauty-center-api] [           main] b.security.CustomUserDetailsService      : User employee@test.com loaded with authorities: [ROLE_EMPLOYEE]
2026-02-17T16:44:15.108+01:00 DEBUG 2504 --- [beauty-center-api] [           main] o.s.s.a.dao.DaoAuthenticationProvider    : Authenticated user
2026-02-17T16:44:15.108+01:00  INFO 2504 --- [beauty-center-api] [           main] b.modules.auth.service.AuthService       : User authenticated successfully: employee@test.com
2026-02-17T16:44:15.108+01:00 DEBUG 2504 --- [beauty-center-api] [           main] beauty_center.security.JwtService        : Generating access token for user: employee@test.com with roles: [ROLE_EMPLOYEE]
2026-02-17T16:44:15.108+01:00 DEBUG 2504 --- [beauty-center-api] [           main] beauty_center.security.JwtService        : Generating refresh token for user: employee@test.com
2026-02-17T16:44:15.113+01:00 DEBUG 2504 --- [beauty-center-api] [           main] b.modules.auth.service.AuthService       : Tokens generated for user: employee@test.com
2026-02-17T16:44:15.113+01:00  INFO 2504 --- [beauty-center-api] [           main] b.modules.auth.AuthController            : User logged in successfully: employee@test.com
2026-02-17T16:44:15.113+01:00 DEBUG 2504 --- [beauty-center-api] [           main] o.s.security.web.FilterChainProxy        : Securing POST /api/auth/login
2026-02-17T16:44:15.113+01:00 DEBUG 2504 --- [beauty-center-api] [           main] o.s.s.w.a.AnonymousAuthenticationFilter  : Set SecurityContextHolder to anonymous SecurityContext
2026-02-17T16:44:15.113+01:00 DEBUG 2504 --- [beauty-center-api] [           main] o.s.security.web.FilterChainProxy        : Secured POST /api/auth/login
2026-02-17T16:44:15.113+01:00  INFO 2504 --- [beauty-center-api] [           main] b.modules.auth.AuthController            : Login request for email: client@test.com
2026-02-17T16:44:15.113+01:00  INFO 2504 --- [beauty-center-api] [           main] b.modules.auth.service.AuthService       : Login attempt for user: client@test.com
2026-02-17T16:44:15.116+01:00 DEBUG 2504 --- [beauty-center-api] [           main] b.security.CustomUserDetailsService      : Loading user details for email: client@test.com
2026-02-17T16:44:15.116+01:00 DEBUG 2504 --- [beauty-center-api] [           main] b.security.CustomUserDetailsService      : Added authority: ROLE_CLIENT
2026-02-17T16:44:15.116+01:00 DEBUG 2504 --- [beauty-center-api] [           main] b.security.CustomUserDetailsService      : User client@test.com loaded with authorities: [ROLE_CLIENT]
2026-02-17T16:44:15.186+01:00 DEBUG 2504 --- [beauty-center-api] [           main] o.s.s.a.dao.DaoAuthenticationProvider    : Authenticated user
2026-02-17T16:44:15.186+01:00  INFO 2504 --- [beauty-center-api] [           main] b.modules.auth.service.AuthService       : User authenticated successfully: client@test.com
2026-02-17T16:44:15.186+01:00 DEBUG 2504 --- [beauty-center-api] [           main] beauty_center.security.JwtService        : Generating access token for user: client@test.com with roles: [ROLE_CLIENT]
2026-02-17T16:44:15.187+01:00 DEBUG 2504 --- [beauty-center-api] [           main] beauty_center.security.JwtService        : Generating refresh token for user: client@test.com
2026-02-17T16:44:15.187+01:00 DEBUG 2504 --- [beauty-center-api] [           main] b.modules.auth.service.AuthService       : Tokens generated for user: client@test.com
2026-02-17T16:44:15.187+01:00  INFO 2504 --- [beauty-center-api] [           main] b.modules.auth.AuthController            : User logged in successfully: client@test.com
2026-02-17T16:44:15.189+01:00 DEBUG 2504 --- [beauty-center-api] [           main] o.s.security.web.FilterChainProxy        : Securing POST /api/auth/login
2026-02-17T16:44:15.189+01:00 DEBUG 2504 --- [beauty-center-api] [           main] o.s.s.w.a.AnonymousAuthenticationFilter  : Set SecurityContextHolder to anonymous SecurityContext
2026-02-17T16:44:15.189+01:00 DEBUG 2504 --- [beauty-center-api] [           main] o.s.security.web.FilterChainProxy        : Secured POST /api/auth/login
2026-02-17T16:44:15.189+01:00  INFO 2504 --- [beauty-center-api] [           main] b.modules.auth.AuthController            : Login request for email: nonexistent@test.com
2026-02-17T16:44:15.189+01:00  INFO 2504 --- [beauty-center-api] [           main] b.modules.auth.service.AuthService       : Login attempt for user: nonexistent@test.com
2026-02-17T16:44:15.189+01:00 DEBUG 2504 --- [beauty-center-api] [           main] b.security.CustomUserDetailsService      : Loading user details for email: nonexistent@test.com
2026-02-17T16:44:15.189+01:00  WARN 2504 --- [beauty-center-api] [           main] b.security.CustomUserDetailsService      : User not found with email: nonexistent@test.com
2026-02-17T16:44:15.254+01:00 DEBUG 2504 --- [beauty-center-api] [           main] o.s.s.a.dao.DaoAuthenticationProvider    : Failed to find user 'nonexistent@test.com'
2026-02-17T16:44:15.254+01:00 DEBUG 2504 --- [beauty-center-api] [           main] o.s.s.authentication.ProviderManager     : Authentication failed with provider DaoAuthenticationProvider since Bad credentials
2026-02-17T16:44:15.254+01:00  WARN 2504 --- [beauty-center-api] [           main] b.modules.auth.service.AuthService       : Login failed for user: nonexistent@test.com - Bad credentials
2026-02-17T16:44:15.254+01:00  WARN 2504 --- [beauty-center-api] [           main] b.modules.auth.AuthController            : Login failed for email: nonexistent@test.com
2026-02-17T16:44:15.408+01:00 DEBUG 2504 --- [beauty-center-api] [           main] o.s.security.web.FilterChainProxy        : Securing POST /api/auth/login
2026-02-17T16:44:15.408+01:00 DEBUG 2504 --- [beauty-center-api] [           main] o.s.s.w.a.AnonymousAuthenticationFilter  : Set SecurityContextHolder to anonymous SecurityContext
2026-02-17T16:44:15.408+01:00 DEBUG 2504 --- [beauty-center-api] [           main] o.s.security.web.FilterChainProxy        : Secured POST /api/auth/login
2026-02-17T16:44:15.408+01:00  INFO 2504 --- [beauty-center-api] [           main] b.modules.auth.AuthController            : Login request for email: admin@test.com
2026-02-17T16:44:15.408+01:00  INFO 2504 --- [beauty-center-api] [           main] b.modules.auth.service.AuthService       : Login attempt for user: admin@test.com
2026-02-17T16:44:15.408+01:00 DEBUG 2504 --- [beauty-center-api] [           main] b.security.CustomUserDetailsService      : Loading user details for email: admin@test.com
2026-02-17T16:44:15.413+01:00 DEBUG 2504 --- [beauty-center-api] [           main] b.security.CustomUserDetailsService      : Added authority: ROLE_ADMIN
2026-02-17T16:44:15.413+01:00 DEBUG 2504 --- [beauty-center-api] [           main] b.security.CustomUserDetailsService      : User admin@test.com loaded with authorities: [ROLE_ADMIN]
2026-02-17T16:44:15.499+01:00 DEBUG 2504 --- [beauty-center-api] [           main] o.s.s.a.dao.DaoAuthenticationProvider    : Authenticated user
2026-02-17T16:44:15.499+01:00  INFO 2504 --- [beauty-center-api] [           main] b.modules.auth.service.AuthService       : User authenticated successfully: admin@test.com
2026-02-17T16:44:15.499+01:00 DEBUG 2504 --- [beauty-center-api] [           main] beauty_center.security.JwtService        : Generating access token for user: admin@test.com with roles: [ROLE_ADMIN]
2026-02-17T16:44:15.502+01:00 DEBUG 2504 --- [beauty-center-api] [           main] beauty_center.security.JwtService        : Generating refresh token for user: admin@test.com
2026-02-17T16:44:15.502+01:00 DEBUG 2504 --- [beauty-center-api] [           main] b.modules.auth.service.AuthService       : Tokens generated for user: admin@test.com
2026-02-17T16:44:15.502+01:00  INFO 2504 --- [beauty-center-api] [           main] b.modules.auth.AuthController            : User logged in successfully: admin@test.com
2026-02-17T16:44:15.503+01:00 DEBUG 2504 --- [beauty-center-api] [           main] o.s.security.web.FilterChainProxy        : Securing POST /api/auth/login
2026-02-17T16:44:15.503+01:00 DEBUG 2504 --- [beauty-center-api] [           main] o.s.s.w.a.AnonymousAuthenticationFilter  : Set SecurityContextHolder to anonymous SecurityContext
2026-02-17T16:44:15.503+01:00 DEBUG 2504 --- [beauty-center-api] [           main] o.s.security.web.FilterChainProxy        : Secured POST /api/auth/login
2026-02-17T16:44:15.506+01:00  INFO 2504 --- [beauty-center-api] [           main] b.modules.auth.AuthController            : Login request for email: employee@test.com
2026-02-17T16:44:15.506+01:00  INFO 2504 --- [beauty-center-api] [           main] b.modules.auth.service.AuthService       : Login attempt for user: employee@test.com
2026-02-17T16:44:15.506+01:00 DEBUG 2504 --- [beauty-center-api] [           main] b.security.CustomUserDetailsService      : Loading user details for email: employee@test.com
2026-02-17T16:44:15.508+01:00 DEBUG 2504 --- [beauty-center-api] [           main] b.security.CustomUserDetailsService      : Added authority: ROLE_EMPLOYEE
2026-02-17T16:44:15.508+01:00 DEBUG 2504 --- [beauty-center-api] [           main] b.security.CustomUserDetailsService      : User employee@test.com loaded with authorities: [ROLE_EMPLOYEE]
2026-02-17T16:44:15.589+01:00 DEBUG 2504 --- [beauty-center-api] [           main] o.s.s.a.dao.DaoAuthenticationProvider    : Authenticated user
2026-02-17T16:44:15.589+01:00  INFO 2504 --- [beauty-center-api] [           main] b.modules.auth.service.AuthService       : User authenticated successfully: employee@test.com
2026-02-17T16:44:15.589+01:00 DEBUG 2504 --- [beauty-center-api] [           main] beauty_center.security.JwtService        : Generating access token for user: employee@test.com with roles: [ROLE_EMPLOYEE]
2026-02-17T16:44:15.589+01:00 DEBUG 2504 --- [beauty-center-api] [           main] beauty_center.security.JwtService        : Generating refresh token for user: employee@test.com
2026-02-17T16:44:15.589+01:00 DEBUG 2504 --- [beauty-center-api] [           main] b.modules.auth.service.AuthService       : Tokens generated for user: employee@test.com
2026-02-17T16:44:15.589+01:00  INFO 2504 --- [beauty-center-api] [           main] b.modules.auth.AuthController            : User logged in successfully: employee@test.com
2026-02-17T16:44:15.589+01:00 DEBUG 2504 --- [beauty-center-api] [           main] o.s.security.web.FilterChainProxy        : Securing POST /api/auth/login
2026-02-17T16:44:15.593+01:00 DEBUG 2504 --- [beauty-center-api] [           main] o.s.s.w.a.AnonymousAuthenticationFilter  : Set SecurityContextHolder to anonymous SecurityContext
2026-02-17T16:44:15.593+01:00 DEBUG 2504 --- [beauty-center-api] [           main] o.s.security.web.FilterChainProxy        : Secured POST /api/auth/login
2026-02-17T16:44:15.593+01:00  INFO 2504 --- [beauty-center-api] [           main] b.modules.auth.AuthController            : Login request for email: client@test.com
2026-02-17T16:44:15.593+01:00  INFO 2504 --- [beauty-center-api] [           main] b.modules.auth.service.AuthService       : Login attempt for user: client@test.com
2026-02-17T16:44:15.593+01:00 DEBUG 2504 --- [beauty-center-api] [           main] b.security.CustomUserDetailsService      : Loading user details for email: client@test.com
2026-02-17T16:44:15.595+01:00 DEBUG 2504 --- [beauty-center-api] [           main] b.security.CustomUserDetailsService      : Added authority: ROLE_CLIENT
2026-02-17T16:44:15.595+01:00 DEBUG 2504 --- [beauty-center-api] [           main] b.security.CustomUserDetailsService      : User client@test.com loaded with authorities: [ROLE_CLIENT]
2026-02-17T16:44:15.670+01:00 DEBUG 2504 --- [beauty-center-api] [           main] o.s.s.a.dao.DaoAuthenticationProvider    : Authenticated user
2026-02-17T16:44:15.670+01:00  INFO 2504 --- [beauty-center-api] [           main] b.modules.auth.service.AuthService       : User authenticated successfully: client@test.com
2026-02-17T16:44:15.670+01:00 DEBUG 2504 --- [beauty-center-api] [           main] beauty_center.security.JwtService        : Generating access token for user: client@test.com with roles: [ROLE_CLIENT]
2026-02-17T16:44:15.671+01:00 DEBUG 2504 --- [beauty-center-api] [           main] beauty_center.security.JwtService        : Generating refresh token for user: client@test.com
2026-02-17T16:44:15.671+01:00 DEBUG 2504 --- [beauty-center-api] [           main] b.modules.auth.service.AuthService       : Tokens generated for user: client@test.com
2026-02-17T16:44:15.672+01:00  INFO 2504 --- [beauty-center-api] [           main] b.modules.auth.AuthController            : User logged in successfully: client@test.com
2026-02-17T16:44:15.677+01:00 DEBUG 2504 --- [beauty-center-api] [           main] o.s.security.web.FilterChainProxy        : Securing GET /api/admin/employees
2026-02-17T16:44:15.678+01:00 DEBUG 2504 --- [beauty-center-api] [           main] beauty_center.security.JwtService        : Token validation successful
2026-02-17T16:44:15.680+01:00 DEBUG 2504 --- [beauty-center-api] [           main] beauty_center.security.JwtAuthFilter     : Authenticated user: client@test.com with authorities: [ROLE_CLIENT]
2026-02-17T16:44:15.680+01:00 DEBUG 2504 --- [beauty-center-api] [           main] o.s.security.web.FilterChainProxy        : Secured GET /api/admin/employees
2026-02-17T16:44:15.682+01:00 DEBUG 2504 --- [beauty-center-api] [           main] horizationManagerBeforeMethodInterceptor : Authorizing method invocation ReflectiveMethodInvocation: public org.springframework.http.ResponseEntity beauty_center.modules.scheduling.controller.AdminEmployeeController.getAllEmployees(java.lang.Boolean); target is of class [beauty_center.modules.scheduling.controller.AdminEmployeeController]
2026-02-17T16:44:15.682+01:00 DEBUG 2504 --- [beauty-center-api] [           main] horizationManagerBeforeMethodInterceptor : Failed to authorize ReflectiveMethodInvocation: public org.springframework.http.ResponseEntity beauty_center.modules.scheduling.controller.AdminEmployeeController.getAllEmployees(java.lang.Boolean); target is of class [beauty_center.modules.scheduling.controller.AdminEmployeeController] with authorization manager org.springframework.security.authorization.ObservationAuthorizationManager@efcc91d and result ExpressionAuthorizationDecision [granted=false, expressionAttribute=hasRole('ADMIN')]
2026-02-17T16:44:15.683+01:00  WARN 2504 --- [beauty-center-api] [           main] b.common.error.GlobalExceptionHandler    : Access denied: Access Denied
2026-02-17T16:44:15.842+01:00 DEBUG 2504 --- [beauty-center-api] [           main] o.s.security.web.FilterChainProxy        : Securing POST /api/auth/login
2026-02-17T16:44:15.844+01:00 DEBUG 2504 --- [beauty-center-api] [           main] o.s.s.w.a.AnonymousAuthenticationFilter  : Set SecurityContextHolder to anonymous SecurityContext
2026-02-17T16:44:15.844+01:00 DEBUG 2504 --- [beauty-center-api] [           main] o.s.security.web.FilterChainProxy        : Secured POST /api/auth/login
2026-02-17T16:44:15.844+01:00  INFO 2504 --- [beauty-center-api] [           main] b.modules.auth.AuthController            : Login request for email: admin@test.com
2026-02-17T16:44:15.844+01:00  INFO 2504 --- [beauty-center-api] [           main] b.modules.auth.service.AuthService       : Login attempt for user: admin@test.com
2026-02-17T16:44:15.844+01:00 DEBUG 2504 --- [beauty-center-api] [           main] b.security.CustomUserDetailsService      : Loading user details for email: admin@test.com
2026-02-17T16:44:15.846+01:00 DEBUG 2504 --- [beauty-center-api] [           main] b.security.CustomUserDetailsService      : Added authority: ROLE_ADMIN
2026-02-17T16:44:15.846+01:00 DEBUG 2504 --- [beauty-center-api] [           main] b.security.CustomUserDetailsService      : User admin@test.com loaded with authorities: [ROLE_ADMIN]
2026-02-17T16:44:15.910+01:00 DEBUG 2504 --- [beauty-center-api] [           main] o.s.s.a.dao.DaoAuthenticationProvider    : Authenticated user
2026-02-17T16:44:15.910+01:00  INFO 2504 --- [beauty-center-api] [           main] b.modules.auth.service.AuthService       : User authenticated successfully: admin@test.com
2026-02-17T16:44:15.910+01:00 DEBUG 2504 --- [beauty-center-api] [           main] beauty_center.security.JwtService        : Generating access token for user: admin@test.com with roles: [ROLE_ADMIN]
2026-02-17T16:44:15.910+01:00 DEBUG 2504 --- [beauty-center-api] [           main] beauty_center.security.JwtService        : Generating refresh token for user: admin@test.com
2026-02-17T16:44:15.910+01:00 DEBUG 2504 --- [beauty-center-api] [           main] b.modules.auth.service.AuthService       : Tokens generated for user: admin@test.com
2026-02-17T16:44:15.910+01:00  INFO 2504 --- [beauty-center-api] [           main] b.modules.auth.AuthController            : User logged in successfully: admin@test.com
2026-02-17T16:44:15.912+01:00 DEBUG 2504 --- [beauty-center-api] [           main] o.s.security.web.FilterChainProxy        : Securing POST /api/auth/login
2026-02-17T16:44:15.913+01:00 DEBUG 2504 --- [beauty-center-api] [           main] o.s.s.w.a.AnonymousAuthenticationFilter  : Set SecurityContextHolder to anonymous SecurityContext
2026-02-17T16:44:15.913+01:00 DEBUG 2504 --- [beauty-center-api] [           main] o.s.security.web.FilterChainProxy        : Secured POST /api/auth/login
2026-02-17T16:44:15.913+01:00  INFO 2504 --- [beauty-center-api] [           main] b.modules.auth.AuthController            : Login request for email: employee@test.com
2026-02-17T16:44:15.913+01:00  INFO 2504 --- [beauty-center-api] [           main] b.modules.auth.service.AuthService       : Login attempt for user: employee@test.com
2026-02-17T16:44:15.913+01:00 DEBUG 2504 --- [beauty-center-api] [           main] b.security.CustomUserDetailsService      : Loading user details for email: employee@test.com
2026-02-17T16:44:15.916+01:00 DEBUG 2504 --- [beauty-center-api] [           main] b.security.CustomUserDetailsService      : Added authority: ROLE_EMPLOYEE
2026-02-17T16:44:15.916+01:00 DEBUG 2504 --- [beauty-center-api] [           main] b.security.CustomUserDetailsService      : User employee@test.com loaded with authorities: [ROLE_EMPLOYEE]
2026-02-17T16:44:15.985+01:00 DEBUG 2504 --- [beauty-center-api] [           main] o.s.s.a.dao.DaoAuthenticationProvider    : Authenticated user
2026-02-17T16:44:15.986+01:00  INFO 2504 --- [beauty-center-api] [           main] b.modules.auth.service.AuthService       : User authenticated successfully: employee@test.com
2026-02-17T16:44:15.986+01:00 DEBUG 2504 --- [beauty-center-api] [           main] beauty_center.security.JwtService        : Generating access token for user: employee@test.com with roles: [ROLE_EMPLOYEE]
2026-02-17T16:44:15.987+01:00 DEBUG 2504 --- [beauty-center-api] [           main] beauty_center.security.JwtService        : Generating refresh token for user: employee@test.com
2026-02-17T16:44:15.988+01:00 DEBUG 2504 --- [beauty-center-api] [           main] b.modules.auth.service.AuthService       : Tokens generated for user: employee@test.com
2026-02-17T16:44:15.988+01:00  INFO 2504 --- [beauty-center-api] [           main] b.modules.auth.AuthController            : User logged in successfully: employee@test.com
2026-02-17T16:44:15.989+01:00 DEBUG 2504 --- [beauty-center-api] [           main] o.s.security.web.FilterChainProxy        : Securing POST /api/auth/login
2026-02-17T16:44:15.989+01:00 DEBUG 2504 --- [beauty-center-api] [           main] o.s.s.w.a.AnonymousAuthenticationFilter  : Set SecurityContextHolder to anonymous SecurityContext
2026-02-17T16:44:15.990+01:00 DEBUG 2504 --- [beauty-center-api] [           main] o.s.security.web.FilterChainProxy        : Secured POST /api/auth/login
2026-02-17T16:44:15.990+01:00  INFO 2504 --- [beauty-center-api] [           main] b.modules.auth.AuthController            : Login request for email: client@test.com
2026-02-17T16:44:15.990+01:00  INFO 2504 --- [beauty-center-api] [           main] b.modules.auth.service.AuthService       : Login attempt for user: client@test.com
2026-02-17T16:44:15.990+01:00 DEBUG 2504 --- [beauty-center-api] [           main] b.security.CustomUserDetailsService      : Loading user details for email: client@test.com
2026-02-17T16:44:15.990+01:00 DEBUG 2504 --- [beauty-center-api] [           main] b.security.CustomUserDetailsService      : Added authority: ROLE_CLIENT
2026-02-17T16:44:15.994+01:00 DEBUG 2504 --- [beauty-center-api] [           main] b.security.CustomUserDetailsService      : User client@test.com loaded with authorities: [ROLE_CLIENT]
2026-02-17T16:44:16.065+01:00 DEBUG 2504 --- [beauty-center-api] [           main] o.s.s.a.dao.DaoAuthenticationProvider    : Authenticated user
2026-02-17T16:44:16.066+01:00  INFO 2504 --- [beauty-center-api] [           main] b.modules.auth.service.AuthService       : User authenticated successfully: client@test.com
2026-02-17T16:44:16.066+01:00 DEBUG 2504 --- [beauty-center-api] [           main] beauty_center.security.JwtService        : Generating access token for user: client@test.com with roles: [ROLE_CLIENT]
2026-02-17T16:44:16.066+01:00 DEBUG 2504 --- [beauty-center-api] [           main] beauty_center.security.JwtService        : Generating refresh token for user: client@test.com
2026-02-17T16:44:16.067+01:00 DEBUG 2504 --- [beauty-center-api] [           main] b.modules.auth.service.AuthService       : Tokens generated for user: client@test.com
2026-02-17T16:44:16.067+01:00  INFO 2504 --- [beauty-center-api] [           main] b.modules.auth.AuthController            : User logged in successfully: client@test.com
2026-02-17T16:44:16.069+01:00 DEBUG 2504 --- [beauty-center-api] [           main] o.s.security.web.FilterChainProxy        : Securing GET /api/auth/me
2026-02-17T16:44:16.070+01:00 DEBUG 2504 --- [beauty-center-api] [           main] o.s.s.w.a.AnonymousAuthenticationFilter  : Set SecurityContextHolder to anonymous SecurityContext
2026-02-17T16:44:16.071+01:00  WARN 2504 --- [beauty-center-api] [           main] b.security.JwtAuthenticationEntryPoint   : Authentication failed: Full authentication is required to access this resource - /api/auth/me
2026-02-17T16:44:16.228+01:00 DEBUG 2504 --- [beauty-center-api] [           main] o.s.security.web.FilterChainProxy        : Securing POST /api/auth/login
2026-02-17T16:44:16.228+01:00 DEBUG 2504 --- [beauty-center-api] [           main] o.s.s.w.a.AnonymousAuthenticationFilter  : Set SecurityContextHolder to anonymous SecurityContext
2026-02-17T16:44:16.228+01:00 DEBUG 2504 --- [beauty-center-api] [           main] o.s.security.web.FilterChainProxy        : Secured POST /api/auth/login
2026-02-17T16:44:16.228+01:00  INFO 2504 --- [beauty-center-api] [           main] b.modules.auth.AuthController            : Login request for email: admin@test.com
2026-02-17T16:44:16.228+01:00  INFO 2504 --- [beauty-center-api] [           main] b.modules.auth.service.AuthService       : Login attempt for user: admin@test.com
2026-02-17T16:44:16.228+01:00 DEBUG 2504 --- [beauty-center-api] [           main] b.security.CustomUserDetailsService      : Loading user details for email: admin@test.com
2026-02-17T16:44:16.232+01:00 DEBUG 2504 --- [beauty-center-api] [           main] b.security.CustomUserDetailsService      : Added authority: ROLE_ADMIN
2026-02-17T16:44:16.232+01:00 DEBUG 2504 --- [beauty-center-api] [           main] b.security.CustomUserDetailsService      : User admin@test.com loaded with authorities: [ROLE_ADMIN]
2026-02-17T16:44:16.302+01:00 DEBUG 2504 --- [beauty-center-api] [           main] o.s.s.a.dao.DaoAuthenticationProvider    : Authenticated user
2026-02-17T16:44:16.302+01:00  INFO 2504 --- [beauty-center-api] [           main] b.modules.auth.service.AuthService       : User authenticated successfully: admin@test.com
2026-02-17T16:44:16.302+01:00 DEBUG 2504 --- [beauty-center-api] [           main] beauty_center.security.JwtService        : Generating access token for user: admin@test.com with roles: [ROLE_ADMIN]
2026-02-17T16:44:16.303+01:00 DEBUG 2504 --- [beauty-center-api] [           main] beauty_center.security.JwtService        : Generating refresh token for user: admin@test.com
2026-02-17T16:44:16.303+01:00 DEBUG 2504 --- [beauty-center-api] [           main] b.modules.auth.service.AuthService       : Tokens generated for user: admin@test.com
2026-02-17T16:44:16.303+01:00  INFO 2504 --- [beauty-center-api] [           main] b.modules.auth.AuthController            : User logged in successfully: admin@test.com
2026-02-17T16:44:16.305+01:00 DEBUG 2504 --- [beauty-center-api] [           main] o.s.security.web.FilterChainProxy        : Securing POST /api/auth/login
2026-02-17T16:44:16.305+01:00 DEBUG 2504 --- [beauty-center-api] [           main] o.s.s.w.a.AnonymousAuthenticationFilter  : Set SecurityContextHolder to anonymous SecurityContext
2026-02-17T16:44:16.305+01:00 DEBUG 2504 --- [beauty-center-api] [           main] o.s.security.web.FilterChainProxy        : Secured POST /api/auth/login
2026-02-17T16:44:16.306+01:00  INFO 2504 --- [beauty-center-api] [           main] b.modules.auth.AuthController            : Login request for email: employee@test.com
2026-02-17T16:44:16.306+01:00  INFO 2504 --- [beauty-center-api] [           main] b.modules.auth.service.AuthService       : Login attempt for user: employee@test.com
2026-02-17T16:44:16.306+01:00 DEBUG 2504 --- [beauty-center-api] [           main] b.security.CustomUserDetailsService      : Loading user details for email: employee@test.com
2026-02-17T16:44:16.308+01:00 DEBUG 2504 --- [beauty-center-api] [           main] b.security.CustomUserDetailsService      : Added authority: ROLE_EMPLOYEE
2026-02-17T16:44:16.308+01:00 DEBUG 2504 --- [beauty-center-api] [           main] b.security.CustomUserDetailsService      : User employee@test.com loaded with authorities: [ROLE_EMPLOYEE]
2026-02-17T16:44:16.376+01:00 DEBUG 2504 --- [beauty-center-api] [           main] o.s.s.a.dao.DaoAuthenticationProvider    : Authenticated user
2026-02-17T16:44:16.376+01:00  INFO 2504 --- [beauty-center-api] [           main] b.modules.auth.service.AuthService       : User authenticated successfully: employee@test.com
2026-02-17T16:44:16.376+01:00 DEBUG 2504 --- [beauty-center-api] [           main] beauty_center.security.JwtService        : Generating access token for user: employee@test.com with roles: [ROLE_EMPLOYEE]
2026-02-17T16:44:16.376+01:00 DEBUG 2504 --- [beauty-center-api] [           main] beauty_center.security.JwtService        : Generating refresh token for user: employee@test.com
2026-02-17T16:44:16.376+01:00 DEBUG 2504 --- [beauty-center-api] [           main] b.modules.auth.service.AuthService       : Tokens generated for user: employee@test.com
2026-02-17T16:44:16.376+01:00  INFO 2504 --- [beauty-center-api] [           main] b.modules.auth.AuthController            : User logged in successfully: employee@test.com
2026-02-17T16:44:16.378+01:00 DEBUG 2504 --- [beauty-center-api] [           main] o.s.security.web.FilterChainProxy        : Securing POST /api/auth/login
2026-02-17T16:44:16.378+01:00 DEBUG 2504 --- [beauty-center-api] [           main] o.s.s.w.a.AnonymousAuthenticationFilter  : Set SecurityContextHolder to anonymous SecurityContext
2026-02-17T16:44:16.378+01:00 DEBUG 2504 --- [beauty-center-api] [           main] o.s.security.web.FilterChainProxy        : Secured POST /api/auth/login
2026-02-17T16:44:16.378+01:00  INFO 2504 --- [beauty-center-api] [           main] b.modules.auth.AuthController            : Login request for email: client@test.com
2026-02-17T16:44:16.378+01:00  INFO 2504 --- [beauty-center-api] [           main] b.modules.auth.service.AuthService       : Login attempt for user: client@test.com
2026-02-17T16:44:16.378+01:00 DEBUG 2504 --- [beauty-center-api] [           main] b.security.CustomUserDetailsService      : Loading user details for email: client@test.com
2026-02-17T16:44:16.378+01:00 DEBUG 2504 --- [beauty-center-api] [           main] b.security.CustomUserDetailsService      : Added authority: ROLE_CLIENT
2026-02-17T16:44:16.378+01:00 DEBUG 2504 --- [beauty-center-api] [           main] b.security.CustomUserDetailsService      : User client@test.com loaded with authorities: [ROLE_CLIENT]
2026-02-17T16:44:16.443+01:00 DEBUG 2504 --- [beauty-center-api] [           main] o.s.s.a.dao.DaoAuthenticationProvider    : Authenticated user
2026-02-17T16:44:16.443+01:00  INFO 2504 --- [beauty-center-api] [           main] b.modules.auth.service.AuthService       : User authenticated successfully: client@test.com
2026-02-17T16:44:16.443+01:00 DEBUG 2504 --- [beauty-center-api] [           main] beauty_center.security.JwtService        : Generating access token for user: client@test.com with roles: [ROLE_CLIENT]
2026-02-17T16:44:16.443+01:00 DEBUG 2504 --- [beauty-center-api] [           main] beauty_center.security.JwtService        : Generating refresh token for user: client@test.com
2026-02-17T16:44:16.443+01:00 DEBUG 2504 --- [beauty-center-api] [           main] b.modules.auth.service.AuthService       : Tokens generated for user: client@test.com
2026-02-17T16:44:16.443+01:00  INFO 2504 --- [beauty-center-api] [           main] b.modules.auth.AuthController            : User logged in successfully: client@test.com
2026-02-17T16:44:16.448+01:00 DEBUG 2504 --- [beauty-center-api] [           main] o.s.security.web.FilterChainProxy        : Securing POST /api/auth/login
2026-02-17T16:44:16.448+01:00 DEBUG 2504 --- [beauty-center-api] [           main] o.s.s.w.a.AnonymousAuthenticationFilter  : Set SecurityContextHolder to anonymous SecurityContext
2026-02-17T16:44:16.448+01:00 DEBUG 2504 --- [beauty-center-api] [           main] o.s.security.web.FilterChainProxy        : Secured POST /api/auth/login
2026-02-17T16:44:16.450+01:00  INFO 2504 --- [beauty-center-api] [           main] b.modules.auth.AuthController            : Login request for email: admin@test.com
2026-02-17T16:44:16.450+01:00  INFO 2504 --- [beauty-center-api] [           main] b.modules.auth.service.AuthService       : Login attempt for user: admin@test.com
2026-02-17T16:44:16.450+01:00 DEBUG 2504 --- [beauty-center-api] [           main] b.security.CustomUserDetailsService      : Loading user details for email: admin@test.com
2026-02-17T16:44:16.450+01:00 DEBUG 2504 --- [beauty-center-api] [           main] b.security.CustomUserDetailsService      : Added authority: ROLE_ADMIN
2026-02-17T16:44:16.450+01:00 DEBUG 2504 --- [beauty-center-api] [           main] b.security.CustomUserDetailsService      : User admin@test.com loaded with authorities: [ROLE_ADMIN]
2026-02-17T16:44:16.514+01:00 DEBUG 2504 --- [beauty-center-api] [           main] o.s.s.a.dao.DaoAuthenticationProvider    : Authenticated user
2026-02-17T16:44:16.514+01:00  INFO 2504 --- [beauty-center-api] [           main] b.modules.auth.service.AuthService       : User authenticated successfully: admin@test.com
2026-02-17T16:44:16.514+01:00 DEBUG 2504 --- [beauty-center-api] [           main] beauty_center.security.JwtService        : Generating access token for user: admin@test.com with roles: [ROLE_ADMIN]
2026-02-17T16:44:16.514+01:00 DEBUG 2504 --- [beauty-center-api] [           main] beauty_center.security.JwtService        : Generating refresh token for user: admin@test.com
2026-02-17T16:44:16.514+01:00 DEBUG 2504 --- [beauty-center-api] [           main] b.modules.auth.service.AuthService       : Tokens generated for user: admin@test.com
2026-02-17T16:44:16.514+01:00  INFO 2504 --- [beauty-center-api] [           main] b.modules.auth.AuthController            : User logged in successfully: admin@test.com
2026-02-17T16:44:16.523+01:00 DEBUG 2504 --- [beauty-center-api] [           main] o.s.security.web.FilterChainProxy        : Securing POST /api/auth/refresh
2026-02-17T16:44:16.523+01:00 DEBUG 2504 --- [beauty-center-api] [           main] o.s.s.w.a.AnonymousAuthenticationFilter  : Set SecurityContextHolder to anonymous SecurityContext
2026-02-17T16:44:16.523+01:00 DEBUG 2504 --- [beauty-center-api] [           main] o.s.security.web.FilterChainProxy        : Secured POST /api/auth/refresh
2026-02-17T16:44:16.527+01:00 DEBUG 2504 --- [beauty-center-api] [           main] b.modules.auth.AuthController            : Refresh token request
2026-02-17T16:44:16.527+01:00 DEBUG 2504 --- [beauty-center-api] [           main] b.modules.auth.service.AuthService       : Refreshing token
2026-02-17T16:44:16.528+01:00 DEBUG 2504 --- [beauty-center-api] [           main] beauty_center.security.JwtService        : Token validation successful
2026-02-17T16:44:16.529+01:00 DEBUG 2504 --- [beauty-center-api] [           main] b.modules.auth.service.AuthService       : Generating new access token for user: admin@test.com
2026-02-17T16:44:16.529+01:00 DEBUG 2504 --- [beauty-center-api] [           main] b.modules.auth.AuthController            : Token refreshed successfully
2026-02-17T16:44:16.676+01:00 DEBUG 2504 --- [beauty-center-api] [           main] o.s.security.web.FilterChainProxy        : Securing POST /api/auth/login
2026-02-17T16:44:16.676+01:00 DEBUG 2504 --- [beauty-center-api] [           main] o.s.s.w.a.AnonymousAuthenticationFilter  : Set SecurityContextHolder to anonymous SecurityContext
2026-02-17T16:44:16.676+01:00 DEBUG 2504 --- [beauty-center-api] [           main] o.s.security.web.FilterChainProxy        : Secured POST /api/auth/login
2026-02-17T16:44:16.678+01:00  INFO 2504 --- [beauty-center-api] [           main] b.modules.auth.AuthController            : Login request for email: admin@test.com
2026-02-17T16:44:16.678+01:00  INFO 2504 --- [beauty-center-api] [           main] b.modules.auth.service.AuthService       : Login attempt for user: admin@test.com
2026-02-17T16:44:16.678+01:00 DEBUG 2504 --- [beauty-center-api] [           main] b.security.CustomUserDetailsService      : Loading user details for email: admin@test.com
2026-02-17T16:44:16.680+01:00 DEBUG 2504 --- [beauty-center-api] [           main] b.security.CustomUserDetailsService      : Added authority: ROLE_ADMIN
2026-02-17T16:44:16.682+01:00 DEBUG 2504 --- [beauty-center-api] [           main] b.security.CustomUserDetailsService      : User admin@test.com loaded with authorities: [ROLE_ADMIN]
2026-02-17T16:44:16.754+01:00 DEBUG 2504 --- [beauty-center-api] [           main] o.s.s.a.dao.DaoAuthenticationProvider    : Authenticated user
2026-02-17T16:44:16.754+01:00  INFO 2504 --- [beauty-center-api] [           main] b.modules.auth.service.AuthService       : User authenticated successfully: admin@test.com
2026-02-17T16:44:16.754+01:00 DEBUG 2504 --- [beauty-center-api] [           main] beauty_center.security.JwtService        : Generating access token for user: admin@test.com with roles: [ROLE_ADMIN]
2026-02-17T16:44:16.754+01:00 DEBUG 2504 --- [beauty-center-api] [           main] beauty_center.security.JwtService        : Generating refresh token for user: admin@test.com
2026-02-17T16:44:16.754+01:00 DEBUG 2504 --- [beauty-center-api] [           main] b.modules.auth.service.AuthService       : Tokens generated for user: admin@test.com
2026-02-17T16:44:16.754+01:00  INFO 2504 --- [beauty-center-api] [           main] b.modules.auth.AuthController            : User logged in successfully: admin@test.com
2026-02-17T16:44:16.758+01:00 DEBUG 2504 --- [beauty-center-api] [           main] o.s.security.web.FilterChainProxy        : Securing POST /api/auth/login
2026-02-17T16:44:16.758+01:00 DEBUG 2504 --- [beauty-center-api] [           main] o.s.s.w.a.AnonymousAuthenticationFilter  : Set SecurityContextHolder to anonymous SecurityContext
2026-02-17T16:44:16.758+01:00 DEBUG 2504 --- [beauty-center-api] [           main] o.s.security.web.FilterChainProxy        : Secured POST /api/auth/login
2026-02-17T16:44:16.760+01:00  INFO 2504 --- [beauty-center-api] [           main] b.modules.auth.AuthController            : Login request for email: employee@test.com
2026-02-17T16:44:16.760+01:00  INFO 2504 --- [beauty-center-api] [           main] b.modules.auth.service.AuthService       : Login attempt for user: employee@test.com
2026-02-17T16:44:16.760+01:00 DEBUG 2504 --- [beauty-center-api] [           main] b.security.CustomUserDetailsService      : Loading user details for email: employee@test.com
2026-02-17T16:44:16.760+01:00 DEBUG 2504 --- [beauty-center-api] [           main] b.security.CustomUserDetailsService      : Added authority: ROLE_EMPLOYEE
2026-02-17T16:44:16.760+01:00 DEBUG 2504 --- [beauty-center-api] [           main] b.security.CustomUserDetailsService      : User employee@test.com loaded with authorities: [ROLE_EMPLOYEE]
2026-02-17T16:44:16.834+01:00 DEBUG 2504 --- [beauty-center-api] [           main] o.s.s.a.dao.DaoAuthenticationProvider    : Authenticated user
2026-02-17T16:44:16.834+01:00  INFO 2504 --- [beauty-center-api] [           main] b.modules.auth.service.AuthService       : User authenticated successfully: employee@test.com
2026-02-17T16:44:16.834+01:00 DEBUG 2504 --- [beauty-center-api] [           main] beauty_center.security.JwtService        : Generating access token for user: employee@test.com with roles: [ROLE_EMPLOYEE]
2026-02-17T16:44:16.834+01:00 DEBUG 2504 --- [beauty-center-api] [           main] beauty_center.security.JwtService        : Generating refresh token for user: employee@test.com
2026-02-17T16:44:16.834+01:00 DEBUG 2504 --- [beauty-center-api] [           main] b.modules.auth.service.AuthService       : Tokens generated for user: employee@test.com
2026-02-17T16:44:16.834+01:00  INFO 2504 --- [beauty-center-api] [           main] b.modules.auth.AuthController            : User logged in successfully: employee@test.com
2026-02-17T16:44:16.838+01:00 DEBUG 2504 --- [beauty-center-api] [           main] o.s.security.web.FilterChainProxy        : Securing POST /api/auth/login
2026-02-17T16:44:16.838+01:00 DEBUG 2504 --- [beauty-center-api] [           main] o.s.s.w.a.AnonymousAuthenticationFilter  : Set SecurityContextHolder to anonymous SecurityContext
2026-02-17T16:44:16.838+01:00 DEBUG 2504 --- [beauty-center-api] [           main] o.s.security.web.FilterChainProxy        : Secured POST /api/auth/login
2026-02-17T16:44:16.838+01:00  INFO 2504 --- [beauty-center-api] [           main] b.modules.auth.AuthController            : Login request for email: client@test.com
2026-02-17T16:44:16.838+01:00  INFO 2504 --- [beauty-center-api] [           main] b.modules.auth.service.AuthService       : Login attempt for user: client@test.com
2026-02-17T16:44:16.838+01:00 DEBUG 2504 --- [beauty-center-api] [           main] b.security.CustomUserDetailsService      : Loading user details for email: client@test.com
2026-02-17T16:44:16.844+01:00 DEBUG 2504 --- [beauty-center-api] [           main] b.security.CustomUserDetailsService      : Added authority: ROLE_CLIENT
2026-02-17T16:44:16.844+01:00 DEBUG 2504 --- [beauty-center-api] [           main] b.security.CustomUserDetailsService      : User client@test.com loaded with authorities: [ROLE_CLIENT]
2026-02-17T16:44:16.914+01:00 DEBUG 2504 --- [beauty-center-api] [           main] o.s.s.a.dao.DaoAuthenticationProvider    : Authenticated user
2026-02-17T16:44:16.914+01:00  INFO 2504 --- [beauty-center-api] [           main] b.modules.auth.service.AuthService       : User authenticated successfully: client@test.com
2026-02-17T16:44:16.914+01:00 DEBUG 2504 --- [beauty-center-api] [           main] beauty_center.security.JwtService        : Generating access token for user: client@test.com with roles: [ROLE_CLIENT]
2026-02-17T16:44:16.914+01:00 DEBUG 2504 --- [beauty-center-api] [           main] beauty_center.security.JwtService        : Generating refresh token for user: client@test.com
2026-02-17T16:44:16.914+01:00 DEBUG 2504 --- [beauty-center-api] [           main] b.modules.auth.service.AuthService       : Tokens generated for user: client@test.com
2026-02-17T16:44:16.916+01:00  INFO 2504 --- [beauty-center-api] [           main] b.modules.auth.AuthController            : User logged in successfully: client@test.com
2026-02-17T16:44:16.916+01:00 DEBUG 2504 --- [beauty-center-api] [           main] o.s.security.web.FilterChainProxy        : Securing GET /api/auth/me
2026-02-17T16:44:16.918+01:00 DEBUG 2504 --- [beauty-center-api] [           main] beauty_center.security.JwtService        : Token validation successful
2026-02-17T16:44:16.919+01:00 DEBUG 2504 --- [beauty-center-api] [           main] beauty_center.security.JwtAuthFilter     : Authenticated user: admin@test.com with authorities: [ROLE_ADMIN]
2026-02-17T16:44:16.919+01:00 DEBUG 2504 --- [beauty-center-api] [           main] o.s.security.web.FilterChainProxy        : Secured GET /api/auth/me
2026-02-17T16:44:16.919+01:00 DEBUG 2504 --- [beauty-center-api] [           main] horizationManagerBeforeMethodInterceptor : Authorizing method invocation ReflectiveMethodInvocation: public org.springframework.http.ResponseEntity beauty_center.modules.auth.AuthController.getCurrentUser(); target is of class [beauty_center.modules.auth.AuthController]
2026-02-17T16:44:16.921+01:00 DEBUG 2504 --- [beauty-center-api] [           main] horizationManagerBeforeMethodInterceptor : Authorized method invocation ReflectiveMethodInvocation: public org.springframework.http.ResponseEntity beauty_center.modules.auth.AuthController.getCurrentUser(); target is of class [beauty_center.modules.auth.AuthController]
2026-02-17T16:44:16.921+01:00 DEBUG 2504 --- [beauty-center-api] [           main] b.modules.auth.AuthController            : Fetching current user details
2026-02-17T16:44:16.921+01:00 DEBUG 2504 --- [beauty-center-api] [           main] b.modules.auth.service.AuthService       : Fetching current user details for: admin@test.com
2026-02-17T16:44:17.094+01:00 DEBUG 2504 --- [beauty-center-api] [           main] o.s.security.web.FilterChainProxy        : Securing POST /api/auth/login
2026-02-17T16:44:17.094+01:00 DEBUG 2504 --- [beauty-center-api] [           main] o.s.s.w.a.AnonymousAuthenticationFilter  : Set SecurityContextHolder to anonymous SecurityContext
2026-02-17T16:44:17.094+01:00 DEBUG 2504 --- [beauty-center-api] [           main] o.s.security.web.FilterChainProxy        : Secured POST /api/auth/login
2026-02-17T16:44:17.095+01:00  INFO 2504 --- [beauty-center-api] [           main] b.modules.auth.AuthController            : Login request for email: admin@test.com
2026-02-17T16:44:17.095+01:00  INFO 2504 --- [beauty-center-api] [           main] b.modules.auth.service.AuthService       : Login attempt for user: admin@test.com
2026-02-17T16:44:17.095+01:00 DEBUG 2504 --- [beauty-center-api] [           main] b.security.CustomUserDetailsService      : Loading user details for email: admin@test.com
2026-02-17T16:44:17.096+01:00 DEBUG 2504 --- [beauty-center-api] [           main] b.security.CustomUserDetailsService      : Added authority: ROLE_ADMIN
2026-02-17T16:44:17.098+01:00 DEBUG 2504 --- [beauty-center-api] [           main] b.security.CustomUserDetailsService      : User admin@test.com loaded with authorities: [ROLE_ADMIN]
2026-02-17T16:44:17.159+01:00 DEBUG 2504 --- [beauty-center-api] [           main] o.s.s.a.dao.DaoAuthenticationProvider    : Authenticated user
2026-02-17T16:44:17.159+01:00  INFO 2504 --- [beauty-center-api] [           main] b.modules.auth.service.AuthService       : User authenticated successfully: admin@test.com
2026-02-17T16:44:17.159+01:00 DEBUG 2504 --- [beauty-center-api] [           main] beauty_center.security.JwtService        : Generating access token for user: admin@test.com with roles: [ROLE_ADMIN]
2026-02-17T16:44:17.159+01:00 DEBUG 2504 --- [beauty-center-api] [           main] beauty_center.security.JwtService        : Generating refresh token for user: admin@test.com
2026-02-17T16:44:17.163+01:00 DEBUG 2504 --- [beauty-center-api] [           main] b.modules.auth.service.AuthService       : Tokens generated for user: admin@test.com
2026-02-17T16:44:17.163+01:00  INFO 2504 --- [beauty-center-api] [           main] b.modules.auth.AuthController            : User logged in successfully: admin@test.com
2026-02-17T16:44:17.163+01:00 DEBUG 2504 --- [beauty-center-api] [           main] o.s.security.web.FilterChainProxy        : Securing POST /api/auth/login
2026-02-17T16:44:17.163+01:00 DEBUG 2504 --- [beauty-center-api] [           main] o.s.s.w.a.AnonymousAuthenticationFilter  : Set SecurityContextHolder to anonymous SecurityContext
2026-02-17T16:44:17.163+01:00 DEBUG 2504 --- [beauty-center-api] [           main] o.s.security.web.FilterChainProxy        : Secured POST /api/auth/login
2026-02-17T16:44:17.163+01:00  INFO 2504 --- [beauty-center-api] [           main] b.modules.auth.AuthController            : Login request for email: employee@test.com
2026-02-17T16:44:17.163+01:00  INFO 2504 --- [beauty-center-api] [           main] b.modules.auth.service.AuthService       : Login attempt for user: employee@test.com
2026-02-17T16:44:17.163+01:00 DEBUG 2504 --- [beauty-center-api] [           main] b.security.CustomUserDetailsService      : Loading user details for email: employee@test.com
2026-02-17T16:44:17.167+01:00 DEBUG 2504 --- [beauty-center-api] [           main] b.security.CustomUserDetailsService      : Added authority: ROLE_EMPLOYEE
2026-02-17T16:44:17.167+01:00 DEBUG 2504 --- [beauty-center-api] [           main] b.security.CustomUserDetailsService      : User employee@test.com loaded with authorities: [ROLE_EMPLOYEE]
2026-02-17T16:44:17.233+01:00 DEBUG 2504 --- [beauty-center-api] [           main] o.s.s.a.dao.DaoAuthenticationProvider    : Authenticated user
2026-02-17T16:44:17.233+01:00  INFO 2504 --- [beauty-center-api] [           main] b.modules.auth.service.AuthService       : User authenticated successfully: employee@test.com
2026-02-17T16:44:17.233+01:00 DEBUG 2504 --- [beauty-center-api] [           main] beauty_center.security.JwtService        : Generating access token for user: employee@test.com with roles: [ROLE_EMPLOYEE]
2026-02-17T16:44:17.234+01:00 DEBUG 2504 --- [beauty-center-api] [           main] beauty_center.security.JwtService        : Generating refresh token for user: employee@test.com
2026-02-17T16:44:17.234+01:00 DEBUG 2504 --- [beauty-center-api] [           main] b.modules.auth.service.AuthService       : Tokens generated for user: employee@test.com
2026-02-17T16:44:17.234+01:00  INFO 2504 --- [beauty-center-api] [           main] b.modules.auth.AuthController            : User logged in successfully: employee@test.com
2026-02-17T16:44:17.235+01:00 DEBUG 2504 --- [beauty-center-api] [           main] o.s.security.web.FilterChainProxy        : Securing POST /api/auth/login
2026-02-17T16:44:17.237+01:00 DEBUG 2504 --- [beauty-center-api] [           main] o.s.s.w.a.AnonymousAuthenticationFilter  : Set SecurityContextHolder to anonymous SecurityContext
2026-02-17T16:44:17.237+01:00 DEBUG 2504 --- [beauty-center-api] [           main] o.s.security.web.FilterChainProxy        : Secured POST /api/auth/login
2026-02-17T16:44:17.238+01:00  INFO 2504 --- [beauty-center-api] [           main] b.modules.auth.AuthController            : Login request for email: client@test.com
2026-02-17T16:44:17.238+01:00  INFO 2504 --- [beauty-center-api] [           main] b.modules.auth.service.AuthService       : Login attempt for user: client@test.com
2026-02-17T16:44:17.238+01:00 DEBUG 2504 --- [beauty-center-api] [           main] b.security.CustomUserDetailsService      : Loading user details for email: client@test.com
2026-02-17T16:44:17.240+01:00 DEBUG 2504 --- [beauty-center-api] [           main] b.security.CustomUserDetailsService      : Added authority: ROLE_CLIENT
2026-02-17T16:44:17.240+01:00 DEBUG 2504 --- [beauty-center-api] [           main] b.security.CustomUserDetailsService      : User client@test.com loaded with authorities: [ROLE_CLIENT]
2026-02-17T16:44:17.303+01:00 DEBUG 2504 --- [beauty-center-api] [           main] o.s.s.a.dao.DaoAuthenticationProvider    : Authenticated user
2026-02-17T16:44:17.303+01:00  INFO 2504 --- [beauty-center-api] [           main] b.modules.auth.service.AuthService       : User authenticated successfully: client@test.com
2026-02-17T16:44:17.303+01:00 DEBUG 2504 --- [beauty-center-api] [           main] beauty_center.security.JwtService        : Generating access token for user: client@test.com with roles: [ROLE_CLIENT]
2026-02-17T16:44:17.303+01:00 DEBUG 2504 --- [beauty-center-api] [           main] beauty_center.security.JwtService        : Generating refresh token for user: client@test.com
2026-02-17T16:44:17.308+01:00 DEBUG 2504 --- [beauty-center-api] [           main] b.modules.auth.service.AuthService       : Tokens generated for user: client@test.com
2026-02-17T16:44:17.308+01:00  INFO 2504 --- [beauty-center-api] [           main] b.modules.auth.AuthController            : User logged in successfully: client@test.com
2026-02-17T16:44:17.308+01:00 DEBUG 2504 --- [beauty-center-api] [           main] o.s.security.web.FilterChainProxy        : Securing POST /api/auth/login
2026-02-17T16:44:17.308+01:00 DEBUG 2504 --- [beauty-center-api] [           main] o.s.s.w.a.AnonymousAuthenticationFilter  : Set SecurityContextHolder to anonymous SecurityContext
2026-02-17T16:44:17.308+01:00 DEBUG 2504 --- [beauty-center-api] [           main] o.s.security.web.FilterChainProxy        : Secured POST /api/auth/login
2026-02-17T16:44:17.308+01:00  INFO 2504 --- [beauty-center-api] [           main] b.modules.auth.AuthController            : Login request for email: admin@test.com
2026-02-17T16:44:17.308+01:00  INFO 2504 --- [beauty-center-api] [           main] b.modules.auth.service.AuthService       : Login attempt for user: admin@test.com
2026-02-17T16:44:17.308+01:00 DEBUG 2504 --- [beauty-center-api] [           main] b.security.CustomUserDetailsService      : Loading user details for email: admin@test.com
2026-02-17T16:44:17.308+01:00 DEBUG 2504 --- [beauty-center-api] [           main] b.security.CustomUserDetailsService      : Added authority: ROLE_ADMIN
2026-02-17T16:44:17.308+01:00 DEBUG 2504 --- [beauty-center-api] [           main] b.security.CustomUserDetailsService      : User admin@test.com loaded with authorities: [ROLE_ADMIN]
2026-02-17T16:44:17.375+01:00 DEBUG 2504 --- [beauty-center-api] [           main] o.s.s.a.dao.DaoAuthenticationProvider    : Failed to authenticate since password does not match stored value
2026-02-17T16:44:17.375+01:00 DEBUG 2504 --- [beauty-center-api] [           main] o.s.s.authentication.ProviderManager     : Authentication failed with provider DaoAuthenticationProvider since Bad credentials
2026-02-17T16:44:17.375+01:00  WARN 2504 --- [beauty-center-api] [           main] b.modules.auth.service.AuthService       : Login failed for user: admin@test.com - Bad credentials
2026-02-17T16:44:17.375+01:00  WARN 2504 --- [beauty-center-api] [           main] b.modules.auth.AuthController            : Login failed for email: admin@test.com
[INFO] Tests run: 10, Failures: 0, Errors: 0, Skipped: 0, Time elapsed: 4.595 s -- in Authentication Integration Tests
[INFO] Running beauty_center.modules.clientfile.ClientConsentControllerIntegrationTest
2026-02-17T16:44:17.441+01:00  INFO 2504 --- [beauty-center-api] [           main] .b.t.c.SpringBootTestContextBootstrapper : Found @SpringBootConfiguration beauty_center.BeautyCenterApplication for test class beauty_center.modules.clientfile.ClientConsentControllerIntegrationTest
2026-02-17T16:44:17.530+01:00 DEBUG 2504 --- [beauty-center-api] [           main] o.s.security.web.FilterChainProxy        : Securing POST /api/auth/login
2026-02-17T16:44:17.530+01:00 DEBUG 2504 --- [beauty-center-api] [           main] o.s.s.w.a.AnonymousAuthenticationFilter  : Set SecurityContextHolder to anonymous SecurityContext
2026-02-17T16:44:17.530+01:00 DEBUG 2504 --- [beauty-center-api] [           main] o.s.security.web.FilterChainProxy        : Secured POST /api/auth/login
2026-02-17T16:44:17.532+01:00  INFO 2504 --- [beauty-center-api] [           main] b.modules.auth.AuthController            : Login request for email: testclient@beautycenter.com
2026-02-17T16:44:17.533+01:00  INFO 2504 --- [beauty-center-api] [           main] b.modules.auth.service.AuthService       : Login attempt for user: testclient@beautycenter.com
2026-02-17T16:44:17.533+01:00 DEBUG 2504 --- [beauty-center-api] [           main] b.security.CustomUserDetailsService      : Loading user details for email: testclient@beautycenter.com
2026-02-17T16:44:17.541+01:00 DEBUG 2504 --- [beauty-center-api] [           main] b.security.CustomUserDetailsService      : Added authority: ROLE_CLIENT
2026-02-17T16:44:17.541+01:00 DEBUG 2504 --- [beauty-center-api] [           main] b.security.CustomUserDetailsService      : User testclient@beautycenter.com loaded with authorities: [ROLE_CLIENT]
2026-02-17T16:44:17.606+01:00 DEBUG 2504 --- [beauty-center-api] [           main] o.s.s.a.dao.DaoAuthenticationProvider    : Authenticated user
2026-02-17T16:44:17.606+01:00  INFO 2504 --- [beauty-center-api] [           main] b.modules.auth.service.AuthService       : User authenticated successfully: testclient@beautycenter.com
2026-02-17T16:44:17.606+01:00 DEBUG 2504 --- [beauty-center-api] [           main] beauty_center.security.JwtService        : Generating access token for user: testclient@beautycenter.com with roles: [ROLE_CLIENT]
2026-02-17T16:44:17.608+01:00 DEBUG 2504 --- [beauty-center-api] [           main] beauty_center.security.JwtService        : Generating refresh token for user: testclient@beautycenter.com
2026-02-17T16:44:17.608+01:00 DEBUG 2504 --- [beauty-center-api] [           main] b.modules.auth.service.AuthService       : Tokens generated for user: testclient@beautycenter.com
2026-02-17T16:44:17.608+01:00  INFO 2504 --- [beauty-center-api] [           main] b.modules.auth.AuthController            : User logged in successfully: testclient@beautycenter.com
2026-02-17T16:44:17.612+01:00 DEBUG 2504 --- [beauty-center-api] [           main] o.s.security.web.FilterChainProxy        : Securing PUT /api/client/me/consent
2026-02-17T16:44:17.612+01:00 DEBUG 2504 --- [beauty-center-api] [           main] beauty_center.security.JwtService        : Token validation successful
2026-02-17T16:44:17.612+01:00 DEBUG 2504 --- [beauty-center-api] [           main] beauty_center.security.JwtAuthFilter     : Authenticated user: testclient@beautycenter.com with authorities: [ROLE_CLIENT]
2026-02-17T16:44:17.612+01:00 DEBUG 2504 --- [beauty-center-api] [           main] o.s.security.web.FilterChainProxy        : Secured PUT /api/client/me/consent
2026-02-17T16:44:17.616+01:00 DEBUG 2504 --- [beauty-center-api] [           main] horizationManagerBeforeMethodInterceptor : Authorizing method invocation ReflectiveMethodInvocation: public org.springframework.http.ResponseEntity beauty_center.modules.clientfile.controller.ClientConsentController.updateMyConsent(beauty_center.modules.clientfile.dto.ClientConsentUpdateRequest); target is of class [beauty_center.modules.clientfile.controller.ClientConsentController]
2026-02-17T16:44:17.616+01:00 DEBUG 2504 --- [beauty-center-api] [           main] horizationManagerBeforeMethodInterceptor : Authorized method invocation ReflectiveMethodInvocation: public org.springframework.http.ResponseEntity beauty_center.modules.clientfile.controller.ClientConsentController.updateMyConsent(beauty_center.modules.clientfile.dto.ClientConsentUpdateRequest); target is of class [beauty_center.modules.clientfile.controller.ClientConsentController]
2026-02-17T16:44:17.616+01:00  INFO 2504 --- [beauty-center-api] [           main] b.m.c.c.ClientConsentController          : PUT /api/client/me/consent - Updating current client's consent
2026-02-17T16:44:17.619+01:00  INFO 2504 --- [beauty-center-api] [           main] b.modules.audit.service.AuditService     : Audit entry created: entityType=ClientConsent, entityId=5cc261f9-ca0d-44a3-963e-14a32f94e0c1, action=UPDATE, actorId=99c4f0ea-3f03-41b9-a387-9c12a8a15434
2026-02-17T16:44:17.619+01:00  INFO 2504 --- [beauty-center-api] [           main] b.m.c.service.ClientConsentService       : Client consent updated: clientId=99c4f0ea-3f03-41b9-a387-9c12a8a15434, consentId=5cc261f9-ca0d-44a3-963e-14a32f94e0c1, smsOptIn=false
2026-02-17T16:44:17.727+01:00 DEBUG 2504 --- [beauty-center-api] [           main] o.s.security.web.FilterChainProxy        : Securing POST /api/auth/login
2026-02-17T16:44:17.729+01:00 DEBUG 2504 --- [beauty-center-api] [           main] o.s.s.w.a.AnonymousAuthenticationFilter  : Set SecurityContextHolder to anonymous SecurityContext
2026-02-17T16:44:17.729+01:00 DEBUG 2504 --- [beauty-center-api] [           main] o.s.security.web.FilterChainProxy        : Secured POST /api/auth/login
2026-02-17T16:44:17.730+01:00  INFO 2504 --- [beauty-center-api] [           main] b.modules.auth.AuthController            : Login request for email: testclient@beautycenter.com
2026-02-17T16:44:17.730+01:00  INFO 2504 --- [beauty-center-api] [           main] b.modules.auth.service.AuthService       : Login attempt for user: testclient@beautycenter.com
2026-02-17T16:44:17.730+01:00 DEBUG 2504 --- [beauty-center-api] [           main] b.security.CustomUserDetailsService      : Loading user details for email: testclient@beautycenter.com
2026-02-17T16:44:17.733+01:00 DEBUG 2504 --- [beauty-center-api] [           main] b.security.CustomUserDetailsService      : Added authority: ROLE_CLIENT
2026-02-17T16:44:17.733+01:00 DEBUG 2504 --- [beauty-center-api] [           main] b.security.CustomUserDetailsService      : User testclient@beautycenter.com loaded with authorities: [ROLE_CLIENT]
2026-02-17T16:44:17.805+01:00 DEBUG 2504 --- [beauty-center-api] [           main] o.s.s.a.dao.DaoAuthenticationProvider    : Authenticated user
2026-02-17T16:44:17.805+01:00  INFO 2504 --- [beauty-center-api] [           main] b.modules.auth.service.AuthService       : User authenticated successfully: testclient@beautycenter.com
2026-02-17T16:44:17.805+01:00 DEBUG 2504 --- [beauty-center-api] [           main] beauty_center.security.JwtService        : Generating access token for user: testclient@beautycenter.com with roles: [ROLE_CLIENT]
2026-02-17T16:44:17.806+01:00 DEBUG 2504 --- [beauty-center-api] [           main] beauty_center.security.JwtService        : Generating refresh token for user: testclient@beautycenter.com
2026-02-17T16:44:17.806+01:00 DEBUG 2504 --- [beauty-center-api] [           main] b.modules.auth.service.AuthService       : Tokens generated for user: testclient@beautycenter.com
2026-02-17T16:44:17.807+01:00  INFO 2504 --- [beauty-center-api] [           main] b.modules.auth.AuthController            : User logged in successfully: testclient@beautycenter.com
2026-02-17T16:44:17.808+01:00 DEBUG 2504 --- [beauty-center-api] [           main] o.s.security.web.FilterChainProxy        : Securing GET /api/client/me/consent
2026-02-17T16:44:17.809+01:00 DEBUG 2504 --- [beauty-center-api] [           main] beauty_center.security.JwtService        : Token validation successful
2026-02-17T16:44:17.810+01:00 DEBUG 2504 --- [beauty-center-api] [           main] beauty_center.security.JwtAuthFilter     : Authenticated user: testclient@beautycenter.com with authorities: [ROLE_CLIENT]
2026-02-17T16:44:17.811+01:00 DEBUG 2504 --- [beauty-center-api] [           main] o.s.security.web.FilterChainProxy        : Secured GET /api/client/me/consent
2026-02-17T16:44:17.811+01:00 DEBUG 2504 --- [beauty-center-api] [           main] horizationManagerBeforeMethodInterceptor : Authorizing method invocation ReflectiveMethodInvocation: public org.springframework.http.ResponseEntity beauty_center.modules.clientfile.controller.ClientConsentController.getMyConsent(); target is of class [beauty_center.modules.clientfile.controller.ClientConsentController]
2026-02-17T16:44:17.811+01:00 DEBUG 2504 --- [beauty-center-api] [           main] horizationManagerBeforeMethodInterceptor : Authorized method invocation ReflectiveMethodInvocation: public org.springframework.http.ResponseEntity beauty_center.modules.clientfile.controller.ClientConsentController.getMyConsent(); target is of class [beauty_center.modules.clientfile.controller.ClientConsentController]
2026-02-17T16:44:17.811+01:00  INFO 2504 --- [beauty-center-api] [           main] b.m.c.c.ClientConsentController          : GET /api/client/me/consent - Getting current client's consent
2026-02-17T16:44:17.819+01:00  INFO 2504 --- [beauty-center-api] [           main] b.modules.audit.service.AuditService     : Audit entry created: entityType=ClientConsent, entityId=b7047d1d-e4d1-40c3-9713-69d8f55a098f, action=CREATE, actorId=4d96c4b9-d8aa-4a37-84a9-c18ea43c2395
2026-02-17T16:44:17.819+01:00  INFO 2504 --- [beauty-center-api] [           main] b.m.c.service.ClientConsentService       : Client consent created: clientId=4d96c4b9-d8aa-4a37-84a9-c18ea43c2395, consentId=b7047d1d-e4d1-40c3-9713-69d8f55a098f
2026-02-17T16:44:17.915+01:00 DEBUG 2504 --- [beauty-center-api] [           main] o.s.security.web.FilterChainProxy        : Securing POST /api/auth/login
2026-02-17T16:44:17.915+01:00 DEBUG 2504 --- [beauty-center-api] [           main] o.s.s.w.a.AnonymousAuthenticationFilter  : Set SecurityContextHolder to anonymous SecurityContext
2026-02-17T16:44:17.915+01:00 DEBUG 2504 --- [beauty-center-api] [           main] o.s.security.web.FilterChainProxy        : Secured POST /api/auth/login
2026-02-17T16:44:17.916+01:00  INFO 2504 --- [beauty-center-api] [           main] b.modules.auth.AuthController            : Login request for email: testclient@beautycenter.com
2026-02-17T16:44:17.916+01:00  INFO 2504 --- [beauty-center-api] [           main] b.modules.auth.service.AuthService       : Login attempt for user: testclient@beautycenter.com
2026-02-17T16:44:17.916+01:00 DEBUG 2504 --- [beauty-center-api] [           main] b.security.CustomUserDetailsService      : Loading user details for email: testclient@beautycenter.com
2026-02-17T16:44:17.920+01:00 DEBUG 2504 --- [beauty-center-api] [           main] b.security.CustomUserDetailsService      : Added authority: ROLE_CLIENT
2026-02-17T16:44:17.920+01:00 DEBUG 2504 --- [beauty-center-api] [           main] b.security.CustomUserDetailsService      : User testclient@beautycenter.com loaded with authorities: [ROLE_CLIENT]
2026-02-17T16:44:17.991+01:00 DEBUG 2504 --- [beauty-center-api] [           main] o.s.s.a.dao.DaoAuthenticationProvider    : Authenticated user
2026-02-17T16:44:17.991+01:00  INFO 2504 --- [beauty-center-api] [           main] b.modules.auth.service.AuthService       : User authenticated successfully: testclient@beautycenter.com
2026-02-17T16:44:17.991+01:00 DEBUG 2504 --- [beauty-center-api] [           main] beauty_center.security.JwtService        : Generating access token for user: testclient@beautycenter.com with roles: [ROLE_CLIENT]
2026-02-17T16:44:17.991+01:00 DEBUG 2504 --- [beauty-center-api] [           main] beauty_center.security.JwtService        : Generating refresh token for user: testclient@beautycenter.com
2026-02-17T16:44:17.991+01:00 DEBUG 2504 --- [beauty-center-api] [           main] b.modules.auth.service.AuthService       : Tokens generated for user: testclient@beautycenter.com
2026-02-17T16:44:17.991+01:00  INFO 2504 --- [beauty-center-api] [           main] b.modules.auth.AuthController            : User logged in successfully: testclient@beautycenter.com
2026-02-17T16:44:17.991+01:00 DEBUG 2504 --- [beauty-center-api] [           main] o.s.security.web.FilterChainProxy        : Securing POST /api/consent/unsubscribe/b71c7144-6d19-4247-b4db-ff40cc46346b
2026-02-17T16:44:17.991+01:00 DEBUG 2504 --- [beauty-center-api] [           main] o.s.s.w.a.AnonymousAuthenticationFilter  : Set SecurityContextHolder to anonymous SecurityContext
2026-02-17T16:44:17.991+01:00 DEBUG 2504 --- [beauty-center-api] [           main] o.s.security.web.FilterChainProxy        : Secured POST /api/consent/unsubscribe/b71c7144-6d19-4247-b4db-ff40cc46346b
2026-02-17T16:44:17.991+01:00  INFO 2504 --- [beauty-center-api] [           main] b.m.c.c.ClientConsentController          : POST /api/consent/unsubscribe/b71c7144-6d19-4247-b4db-ff40cc46346b - Public unsubscribe request
2026-02-17T16:44:18.000+01:00  WARN 2504 --- [beauty-center-api] [           main] b.m.c.service.ClientConsentService       : Unsubscribe attempt with invalid token: b71c7144-6d19-4247-b4db-ff40cc46346b
2026-02-17T16:44:18.082+01:00 DEBUG 2504 --- [beauty-center-api] [           main] o.s.security.web.FilterChainProxy        : Securing POST /api/auth/login
2026-02-17T16:44:18.083+01:00 DEBUG 2504 --- [beauty-center-api] [           main] o.s.s.w.a.AnonymousAuthenticationFilter  : Set SecurityContextHolder to anonymous SecurityContext
2026-02-17T16:44:18.084+01:00 DEBUG 2504 --- [beauty-center-api] [           main] o.s.security.web.FilterChainProxy        : Secured POST /api/auth/login
2026-02-17T16:44:18.085+01:00  INFO 2504 --- [beauty-center-api] [           main] b.modules.auth.AuthController            : Login request for email: testclient@beautycenter.com
2026-02-17T16:44:18.086+01:00  INFO 2504 --- [beauty-center-api] [           main] b.modules.auth.service.AuthService       : Login attempt for user: testclient@beautycenter.com
2026-02-17T16:44:18.086+01:00 DEBUG 2504 --- [beauty-center-api] [           main] b.security.CustomUserDetailsService      : Loading user details for email: testclient@beautycenter.com
2026-02-17T16:44:18.090+01:00 DEBUG 2504 --- [beauty-center-api] [           main] b.security.CustomUserDetailsService      : Added authority: ROLE_CLIENT
2026-02-17T16:44:18.090+01:00 DEBUG 2504 --- [beauty-center-api] [           main] b.security.CustomUserDetailsService      : User testclient@beautycenter.com loaded with authorities: [ROLE_CLIENT]
2026-02-17T16:44:18.163+01:00 DEBUG 2504 --- [beauty-center-api] [           main] o.s.s.a.dao.DaoAuthenticationProvider    : Authenticated user
2026-02-17T16:44:18.163+01:00  INFO 2504 --- [beauty-center-api] [           main] b.modules.auth.service.AuthService       : User authenticated successfully: testclient@beautycenter.com
2026-02-17T16:44:18.163+01:00 DEBUG 2504 --- [beauty-center-api] [           main] beauty_center.security.JwtService        : Generating access token for user: testclient@beautycenter.com with roles: [ROLE_CLIENT]
2026-02-17T16:44:18.165+01:00 DEBUG 2504 --- [beauty-center-api] [           main] beauty_center.security.JwtService        : Generating refresh token for user: testclient@beautycenter.com
2026-02-17T16:44:18.166+01:00 DEBUG 2504 --- [beauty-center-api] [           main] b.modules.auth.service.AuthService       : Tokens generated for user: testclient@beautycenter.com
2026-02-17T16:44:18.167+01:00  INFO 2504 --- [beauty-center-api] [           main] b.modules.auth.AuthController            : User logged in successfully: testclient@beautycenter.com
2026-02-17T16:44:18.172+01:00 DEBUG 2504 --- [beauty-center-api] [           main] o.s.security.web.FilterChainProxy        : Securing GET /api/client/me/consent
2026-02-17T16:44:18.174+01:00 DEBUG 2504 --- [beauty-center-api] [           main] beauty_center.security.JwtService        : Token validation successful
2026-02-17T16:44:18.175+01:00 DEBUG 2504 --- [beauty-center-api] [           main] beauty_center.security.JwtAuthFilter     : Authenticated user: testclient@beautycenter.com with authorities: [ROLE_CLIENT]
2026-02-17T16:44:18.178+01:00 DEBUG 2504 --- [beauty-center-api] [           main] o.s.security.web.FilterChainProxy        : Secured GET /api/client/me/consent
2026-02-17T16:44:18.179+01:00 DEBUG 2504 --- [beauty-center-api] [           main] horizationManagerBeforeMethodInterceptor : Authorizing method invocation ReflectiveMethodInvocation: public org.springframework.http.ResponseEntity beauty_center.modules.clientfile.controller.ClientConsentController.getMyConsent(); target is of class [beauty_center.modules.clientfile.controller.ClientConsentController]
2026-02-17T16:44:18.180+01:00 DEBUG 2504 --- [beauty-center-api] [           main] horizationManagerBeforeMethodInterceptor : Authorized method invocation ReflectiveMethodInvocation: public org.springframework.http.ResponseEntity beauty_center.modules.clientfile.controller.ClientConsentController.getMyConsent(); target is of class [beauty_center.modules.clientfile.controller.ClientConsentController]
2026-02-17T16:44:18.180+01:00  INFO 2504 --- [beauty-center-api] [           main] b.m.c.c.ClientConsentController          : GET /api/client/me/consent - Getting current client's consent
2026-02-17T16:44:18.209+01:00  INFO 2504 --- [beauty-center-api] [           main] b.modules.audit.service.AuditService     : Audit entry created: entityType=ClientConsent, entityId=ddb94618-f96b-44c1-9b96-9c74a878ea5f, action=CREATE, actorId=2d7fa579-d63b-47b3-ba1f-f8dad91f54ac
2026-02-17T16:44:18.209+01:00  INFO 2504 --- [beauty-center-api] [           main] b.m.c.service.ClientConsentService       : Client consent created: clientId=2d7fa579-d63b-47b3-ba1f-f8dad91f54ac, consentId=ddb94618-f96b-44c1-9b96-9c74a878ea5f
2026-02-17T16:44:18.213+01:00 DEBUG 2504 --- [beauty-center-api] [           main] o.s.security.web.FilterChainProxy        : Securing PUT /api/client/me/consent
2026-02-17T16:44:18.215+01:00 DEBUG 2504 --- [beauty-center-api] [           main] beauty_center.security.JwtService        : Token validation successful
2026-02-17T16:44:18.216+01:00 DEBUG 2504 --- [beauty-center-api] [           main] beauty_center.security.JwtAuthFilter     : Authenticated user: testclient@beautycenter.com with authorities: [ROLE_CLIENT]
2026-02-17T16:44:18.217+01:00 DEBUG 2504 --- [beauty-center-api] [           main] o.s.security.web.FilterChainProxy        : Secured PUT /api/client/me/consent
2026-02-17T16:44:18.218+01:00 DEBUG 2504 --- [beauty-center-api] [           main] horizationManagerBeforeMethodInterceptor : Authorizing method invocation ReflectiveMethodInvocation: public org.springframework.http.ResponseEntity beauty_center.modules.clientfile.controller.ClientConsentController.updateMyConsent(beauty_center.modules.clientfile.dto.ClientConsentUpdateRequest); target is of class [beauty_center.modules.clientfile.controller.ClientConsentController]
2026-02-17T16:44:18.219+01:00 DEBUG 2504 --- [beauty-center-api] [           main] horizationManagerBeforeMethodInterceptor : Authorized method invocation ReflectiveMethodInvocation: public org.springframework.http.ResponseEntity beauty_center.modules.clientfile.controller.ClientConsentController.updateMyConsent(beauty_center.modules.clientfile.dto.ClientConsentUpdateRequest); target is of class [beauty_center.modules.clientfile.controller.ClientConsentController]
2026-02-17T16:44:18.220+01:00  INFO 2504 --- [beauty-center-api] [           main] b.m.c.c.ClientConsentController          : PUT /api/client/me/consent - Updating current client's consent
2026-02-17T16:44:18.234+01:00  INFO 2504 --- [beauty-center-api] [           main] b.modules.audit.service.AuditService     : Audit entry created: entityType=ClientConsent, entityId=ddb94618-f96b-44c1-9b96-9c74a878ea5f, action=UPDATE, actorId=2d7fa579-d63b-47b3-ba1f-f8dad91f54ac
2026-02-17T16:44:18.234+01:00  INFO 2504 --- [beauty-center-api] [           main] b.m.c.service.ClientConsentService       : Client consent updated: clientId=2d7fa579-d63b-47b3-ba1f-f8dad91f54ac, consentId=ddb94618-f96b-44c1-9b96-9c74a878ea5f, smsOptIn=false
2026-02-17T16:44:18.325+01:00 DEBUG 2504 --- [beauty-center-api] [           main] o.s.security.web.FilterChainProxy        : Securing POST /api/auth/login
2026-02-17T16:44:18.325+01:00 DEBUG 2504 --- [beauty-center-api] [           main] o.s.s.w.a.AnonymousAuthenticationFilter  : Set SecurityContextHolder to anonymous SecurityContext
2026-02-17T16:44:18.325+01:00 DEBUG 2504 --- [beauty-center-api] [           main] o.s.security.web.FilterChainProxy        : Secured POST /api/auth/login
2026-02-17T16:44:18.327+01:00  INFO 2504 --- [beauty-center-api] [           main] b.modules.auth.AuthController            : Login request for email: testclient@beautycenter.com
2026-02-17T16:44:18.327+01:00  INFO 2504 --- [beauty-center-api] [           main] b.modules.auth.service.AuthService       : Login attempt for user: testclient@beautycenter.com
2026-02-17T16:44:18.327+01:00 DEBUG 2504 --- [beauty-center-api] [           main] b.security.CustomUserDetailsService      : Loading user details for email: testclient@beautycenter.com
2026-02-17T16:44:18.331+01:00 DEBUG 2504 --- [beauty-center-api] [           main] b.security.CustomUserDetailsService      : Added authority: ROLE_CLIENT
2026-02-17T16:44:18.331+01:00 DEBUG 2504 --- [beauty-center-api] [           main] b.security.CustomUserDetailsService      : User testclient@beautycenter.com loaded with authorities: [ROLE_CLIENT]
2026-02-17T16:44:18.405+01:00 DEBUG 2504 --- [beauty-center-api] [           main] o.s.s.a.dao.DaoAuthenticationProvider    : Authenticated user
2026-02-17T16:44:18.405+01:00  INFO 2504 --- [beauty-center-api] [           main] b.modules.auth.service.AuthService       : User authenticated successfully: testclient@beautycenter.com
2026-02-17T16:44:18.405+01:00 DEBUG 2504 --- [beauty-center-api] [           main] beauty_center.security.JwtService        : Generating access token for user: testclient@beautycenter.com with roles: [ROLE_CLIENT]
2026-02-17T16:44:18.405+01:00 DEBUG 2504 --- [beauty-center-api] [           main] beauty_center.security.JwtService        : Generating refresh token for user: testclient@beautycenter.com
2026-02-17T16:44:18.405+01:00 DEBUG 2504 --- [beauty-center-api] [           main] b.modules.auth.service.AuthService       : Tokens generated for user: testclient@beautycenter.com
2026-02-17T16:44:18.405+01:00  INFO 2504 --- [beauty-center-api] [           main] b.modules.auth.AuthController            : User logged in successfully: testclient@beautycenter.com
2026-02-17T16:44:18.410+01:00 DEBUG 2504 --- [beauty-center-api] [           main] o.s.security.web.FilterChainProxy        : Securing POST /api/consent/unsubscribe/6422d9b6-458c-4bb4-a89d-442613c7c244
2026-02-17T16:44:18.410+01:00 DEBUG 2504 --- [beauty-center-api] [           main] o.s.s.w.a.AnonymousAuthenticationFilter  : Set SecurityContextHolder to anonymous SecurityContext
2026-02-17T16:44:18.410+01:00 DEBUG 2504 --- [beauty-center-api] [           main] o.s.security.web.FilterChainProxy        : Secured POST /api/consent/unsubscribe/6422d9b6-458c-4bb4-a89d-442613c7c244
2026-02-17T16:44:18.410+01:00  INFO 2504 --- [beauty-center-api] [           main] b.m.c.c.ClientConsentController          : POST /api/consent/unsubscribe/6422d9b6-458c-4bb4-a89d-442613c7c244 - Public unsubscribe request
2026-02-17T16:44:18.418+01:00  INFO 2504 --- [beauty-center-api] [           main] b.modules.audit.service.AuditService     : Audit entry created: entityType=ClientConsent, entityId=8428795f-4ad4-4ab4-bf88-e36fdd7b9cbb, action=UPDATE, actorId=null
2026-02-17T16:44:18.418+01:00  INFO 2504 --- [beauty-center-api] [           main] b.m.c.service.ClientConsentService       : Client unsubscribed via SMS token: clientId=d69ce8a1-91d5-452e-b1db-ec8e2df27777, consentId=8428795f-4ad4-4ab4-bf88-e36fdd7b9cbb
2026-02-17T16:44:18.544+01:00 DEBUG 2504 --- [beauty-center-api] [           main] o.s.security.web.FilterChainProxy        : Securing POST /api/auth/login
2026-02-17T16:44:18.544+01:00 DEBUG 2504 --- [beauty-center-api] [           main] o.s.s.w.a.AnonymousAuthenticationFilter  : Set SecurityContextHolder to anonymous SecurityContext
2026-02-17T16:44:18.545+01:00 DEBUG 2504 --- [beauty-center-api] [           main] o.s.security.web.FilterChainProxy        : Secured POST /api/auth/login
2026-02-17T16:44:18.547+01:00  INFO 2504 --- [beauty-center-api] [           main] b.modules.auth.AuthController            : Login request for email: testclient@beautycenter.com
2026-02-17T16:44:18.548+01:00  INFO 2504 --- [beauty-center-api] [           main] b.modules.auth.service.AuthService       : Login attempt for user: testclient@beautycenter.com
2026-02-17T16:44:18.548+01:00 DEBUG 2504 --- [beauty-center-api] [           main] b.security.CustomUserDetailsService      : Loading user details for email: testclient@beautycenter.com
2026-02-17T16:44:18.554+01:00 DEBUG 2504 --- [beauty-center-api] [           main] b.security.CustomUserDetailsService      : Added authority: ROLE_CLIENT
2026-02-17T16:44:18.554+01:00 DEBUG 2504 --- [beauty-center-api] [           main] b.security.CustomUserDetailsService      : User testclient@beautycenter.com loaded with authorities: [ROLE_CLIENT]
2026-02-17T16:44:18.711+01:00 DEBUG 2504 --- [beauty-center-api] [           main] o.s.s.a.dao.DaoAuthenticationProvider    : Authenticated user
2026-02-17T16:44:18.711+01:00  INFO 2504 --- [beauty-center-api] [           main] b.modules.auth.service.AuthService       : User authenticated successfully: testclient@beautycenter.com
2026-02-17T16:44:18.711+01:00 DEBUG 2504 --- [beauty-center-api] [           main] beauty_center.security.JwtService        : Generating access token for user: testclient@beautycenter.com with roles: [ROLE_CLIENT]
2026-02-17T16:44:18.711+01:00 DEBUG 2504 --- [beauty-center-api] [           main] beauty_center.security.JwtService        : Generating refresh token for user: testclient@beautycenter.com
2026-02-17T16:44:18.712+01:00 DEBUG 2504 --- [beauty-center-api] [           main] b.modules.auth.service.AuthService       : Tokens generated for user: testclient@beautycenter.com
2026-02-17T16:44:18.712+01:00  INFO 2504 --- [beauty-center-api] [           main] b.modules.auth.AuthController            : User logged in successfully: testclient@beautycenter.com
2026-02-17T16:44:18.720+01:00 DEBUG 2504 --- [beauty-center-api] [           main] o.s.security.web.FilterChainProxy        : Securing GET /api/client/me/consent
2026-02-17T16:44:18.721+01:00 DEBUG 2504 --- [beauty-center-api] [           main] o.s.s.w.a.AnonymousAuthenticationFilter  : Set SecurityContextHolder to anonymous SecurityContext
2026-02-17T16:44:18.722+01:00  WARN 2504 --- [beauty-center-api] [           main] b.security.JwtAuthenticationEntryPoint   : Authentication failed: Full authentication is required to access this resource - /api/client/me/consent
2026-02-17T16:44:18.724+01:00 DEBUG 2504 --- [beauty-center-api] [           main] o.s.security.web.FilterChainProxy        : Securing PUT /api/client/me/consent
2026-02-17T16:44:18.724+01:00 DEBUG 2504 --- [beauty-center-api] [           main] o.s.s.w.a.AnonymousAuthenticationFilter  : Set SecurityContextHolder to anonymous SecurityContext
2026-02-17T16:44:18.725+01:00  WARN 2504 --- [beauty-center-api] [           main] b.security.JwtAuthenticationEntryPoint   : Authentication failed: Full authentication is required to access this resource - /api/client/me/consent
[INFO] Tests run: 6, Failures: 0, Errors: 0, Skipped: 0, Time elapsed: 1.360 s -- in beauty_center.modules.clientfile.ClientConsentControllerIntegrationTest
[INFO] Running beauty_center.modules.clientfile.ClientFileControllerIntegrationTest
2026-02-17T16:44:18.764+01:00  INFO 2504 --- [beauty-center-api] [           main] .b.t.c.SpringBootTestContextBootstrapper : Found @SpringBootConfiguration beauty_center.BeautyCenterApplication for test class beauty_center.modules.clientfile.ClientFileControllerIntegrationTest
2026-02-17T16:44:18.940+01:00 DEBUG 2504 --- [beauty-center-api] [           main] o.s.security.web.FilterChainProxy        : Securing POST /api/auth/login
2026-02-17T16:44:18.942+01:00 DEBUG 2504 --- [beauty-center-api] [           main] o.s.s.w.a.AnonymousAuthenticationFilter  : Set SecurityContextHolder to anonymous SecurityContext
2026-02-17T16:44:18.942+01:00 DEBUG 2504 --- [beauty-center-api] [           main] o.s.security.web.FilterChainProxy        : Secured POST /api/auth/login
2026-02-17T16:44:18.943+01:00  INFO 2504 --- [beauty-center-api] [           main] b.modules.auth.AuthController            : Login request for email: testclient@beautycenter.com
2026-02-17T16:44:18.943+01:00  INFO 2504 --- [beauty-center-api] [           main] b.modules.auth.service.AuthService       : Login attempt for user: testclient@beautycenter.com
2026-02-17T16:44:18.943+01:00 DEBUG 2504 --- [beauty-center-api] [           main] b.security.CustomUserDetailsService      : Loading user details for email: testclient@beautycenter.com
2026-02-17T16:44:18.947+01:00 DEBUG 2504 --- [beauty-center-api] [           main] b.security.CustomUserDetailsService      : Added authority: ROLE_CLIENT
2026-02-17T16:44:18.947+01:00 DEBUG 2504 --- [beauty-center-api] [           main] b.security.CustomUserDetailsService      : User testclient@beautycenter.com loaded with authorities: [ROLE_CLIENT]
2026-02-17T16:44:19.016+01:00 DEBUG 2504 --- [beauty-center-api] [           main] o.s.s.a.dao.DaoAuthenticationProvider    : Authenticated user
2026-02-17T16:44:19.016+01:00  INFO 2504 --- [beauty-center-api] [           main] b.modules.auth.service.AuthService       : User authenticated successfully: testclient@beautycenter.com
2026-02-17T16:44:19.018+01:00 DEBUG 2504 --- [beauty-center-api] [           main] beauty_center.security.JwtService        : Generating access token for user: testclient@beautycenter.com with roles: [ROLE_CLIENT]
2026-02-17T16:44:19.018+01:00 DEBUG 2504 --- [beauty-center-api] [           main] beauty_center.security.JwtService        : Generating refresh token for user: testclient@beautycenter.com
2026-02-17T16:44:19.019+01:00 DEBUG 2504 --- [beauty-center-api] [           main] b.modules.auth.service.AuthService       : Tokens generated for user: testclient@beautycenter.com
2026-02-17T16:44:19.019+01:00  INFO 2504 --- [beauty-center-api] [           main] b.modules.auth.AuthController            : User logged in successfully: testclient@beautycenter.com
2026-02-17T16:44:19.019+01:00 DEBUG 2504 --- [beauty-center-api] [           main] o.s.security.web.FilterChainProxy        : Securing POST /api/auth/login
2026-02-17T16:44:19.019+01:00 DEBUG 2504 --- [beauty-center-api] [           main] o.s.s.w.a.AnonymousAuthenticationFilter  : Set SecurityContextHolder to anonymous SecurityContext
2026-02-17T16:44:19.019+01:00 DEBUG 2504 --- [beauty-center-api] [           main] o.s.security.web.FilterChainProxy        : Secured POST /api/auth/login
2026-02-17T16:44:19.019+01:00  INFO 2504 --- [beauty-center-api] [           main] b.modules.auth.AuthController            : Login request for email: testemployee@beautycenter.com
2026-02-17T16:44:19.019+01:00  INFO 2504 --- [beauty-center-api] [           main] b.modules.auth.service.AuthService       : Login attempt for user: testemployee@beautycenter.com
2026-02-17T16:44:19.019+01:00 DEBUG 2504 --- [beauty-center-api] [           main] b.security.CustomUserDetailsService      : Loading user details for email: testemployee@beautycenter.com
2026-02-17T16:44:19.024+01:00 DEBUG 2504 --- [beauty-center-api] [           main] b.security.CustomUserDetailsService      : Added authority: ROLE_EMPLOYEE
2026-02-17T16:44:19.024+01:00 DEBUG 2504 --- [beauty-center-api] [           main] b.security.CustomUserDetailsService      : User testemployee@beautycenter.com loaded with authorities: [ROLE_EMPLOYEE]
2026-02-17T16:44:19.089+01:00 DEBUG 2504 --- [beauty-center-api] [           main] o.s.s.a.dao.DaoAuthenticationProvider    : Authenticated user
2026-02-17T16:44:19.089+01:00  INFO 2504 --- [beauty-center-api] [           main] b.modules.auth.service.AuthService       : User authenticated successfully: testemployee@beautycenter.com
2026-02-17T16:44:19.089+01:00 DEBUG 2504 --- [beauty-center-api] [           main] beauty_center.security.JwtService        : Generating access token for user: testemployee@beautycenter.com with roles: [ROLE_EMPLOYEE]
2026-02-17T16:44:19.089+01:00 DEBUG 2504 --- [beauty-center-api] [           main] beauty_center.security.JwtService        : Generating refresh token for user: testemployee@beautycenter.com
2026-02-17T16:44:19.089+01:00 DEBUG 2504 --- [beauty-center-api] [           main] b.modules.auth.service.AuthService       : Tokens generated for user: testemployee@beautycenter.com
2026-02-17T16:44:19.089+01:00  INFO 2504 --- [beauty-center-api] [           main] b.modules.auth.AuthController            : User logged in successfully: testemployee@beautycenter.com
2026-02-17T16:44:19.089+01:00 DEBUG 2504 --- [beauty-center-api] [           main] o.s.security.web.FilterChainProxy        : Securing GET /api/clients/8d823531-4c29-40a3-aeb6-6a3abc434238/file
2026-02-17T16:44:19.089+01:00 DEBUG 2504 --- [beauty-center-api] [           main] beauty_center.security.JwtService        : Token validation successful
2026-02-17T16:44:19.098+01:00 DEBUG 2504 --- [beauty-center-api] [           main] beauty_center.security.JwtAuthFilter     : Authenticated user: testemployee@beautycenter.com with authorities: [ROLE_EMPLOYEE]
2026-02-17T16:44:19.098+01:00 DEBUG 2504 --- [beauty-center-api] [           main] o.s.security.web.FilterChainProxy        : Secured GET /api/clients/8d823531-4c29-40a3-aeb6-6a3abc434238/file
2026-02-17T16:44:19.100+01:00 DEBUG 2504 --- [beauty-center-api] [           main] horizationManagerBeforeMethodInterceptor : Authorizing method invocation ReflectiveMethodInvocation: public org.springframework.http.ResponseEntity beauty_center.modules.clientfile.controller.ClientFileController.getClientFile(java.util.UUID); target is of class [beauty_center.modules.clientfile.controller.ClientFileController]
2026-02-17T16:44:19.100+01:00 DEBUG 2504 --- [beauty-center-api] [           main] horizationManagerBeforeMethodInterceptor : Authorized method invocation ReflectiveMethodInvocation: public org.springframework.http.ResponseEntity beauty_center.modules.clientfile.controller.ClientFileController.getClientFile(java.util.UUID); target is of class [beauty_center.modules.clientfile.controller.ClientFileController]
2026-02-17T16:44:19.100+01:00  INFO 2504 --- [beauty-center-api] [           main] b.m.c.controller.ClientFileController    : GET /api/clients/8d823531-4c29-40a3-aeb6-6a3abc434238/file - Getting client file (staff access)
2026-02-17T16:44:19.108+01:00  INFO 2504 --- [beauty-center-api] [           main] b.modules.audit.service.AuditService     : Audit entry created: entityType=ClientFile, entityId=ceae2ccd-f646-48c9-b537-be555c6afc5f, action=READ, actorId=f5791153-3177-4fc6-9f43-a6774d8a10a3
2026-02-17T16:44:19.108+01:00  INFO 2504 --- [beauty-center-api] [           main] b.m.c.service.ClientFileService          : Client file accessed: clientId=8d823531-4c29-40a3-aeb6-6a3abc434238, actorId=f5791153-3177-4fc6-9f43-a6774d8a10a3
2026-02-17T16:44:19.294+01:00 DEBUG 2504 --- [beauty-center-api] [           main] o.s.security.web.FilterChainProxy        : Securing POST /api/auth/login
2026-02-17T16:44:19.294+01:00 DEBUG 2504 --- [beauty-center-api] [           main] o.s.s.w.a.AnonymousAuthenticationFilter  : Set SecurityContextHolder to anonymous SecurityContext
2026-02-17T16:44:19.294+01:00 DEBUG 2504 --- [beauty-center-api] [           main] o.s.security.web.FilterChainProxy        : Secured POST /api/auth/login
2026-02-17T16:44:19.294+01:00  INFO 2504 --- [beauty-center-api] [           main] b.modules.auth.AuthController            : Login request for email: testclient@beautycenter.com
2026-02-17T16:44:19.294+01:00  INFO 2504 --- [beauty-center-api] [           main] b.modules.auth.service.AuthService       : Login attempt for user: testclient@beautycenter.com
2026-02-17T16:44:19.294+01:00 DEBUG 2504 --- [beauty-center-api] [           main] b.security.CustomUserDetailsService      : Loading user details for email: testclient@beautycenter.com
2026-02-17T16:44:19.298+01:00 DEBUG 2504 --- [beauty-center-api] [           main] b.security.CustomUserDetailsService      : Added authority: ROLE_CLIENT
2026-02-17T16:44:19.298+01:00 DEBUG 2504 --- [beauty-center-api] [           main] b.security.CustomUserDetailsService      : User testclient@beautycenter.com loaded with authorities: [ROLE_CLIENT]
2026-02-17T16:44:19.371+01:00 DEBUG 2504 --- [beauty-center-api] [           main] o.s.s.a.dao.DaoAuthenticationProvider    : Authenticated user
2026-02-17T16:44:19.371+01:00  INFO 2504 --- [beauty-center-api] [           main] b.modules.auth.service.AuthService       : User authenticated successfully: testclient@beautycenter.com
2026-02-17T16:44:19.371+01:00 DEBUG 2504 --- [beauty-center-api] [           main] beauty_center.security.JwtService        : Generating access token for user: testclient@beautycenter.com with roles: [ROLE_CLIENT]
2026-02-17T16:44:19.371+01:00 DEBUG 2504 --- [beauty-center-api] [           main] beauty_center.security.JwtService        : Generating refresh token for user: testclient@beautycenter.com
2026-02-17T16:44:19.371+01:00 DEBUG 2504 --- [beauty-center-api] [           main] b.modules.auth.service.AuthService       : Tokens generated for user: testclient@beautycenter.com
2026-02-17T16:44:19.371+01:00  INFO 2504 --- [beauty-center-api] [           main] b.modules.auth.AuthController            : User logged in successfully: testclient@beautycenter.com
2026-02-17T16:44:19.380+01:00 DEBUG 2504 --- [beauty-center-api] [           main] o.s.security.web.FilterChainProxy        : Securing POST /api/auth/login
2026-02-17T16:44:19.380+01:00 DEBUG 2504 --- [beauty-center-api] [           main] o.s.s.w.a.AnonymousAuthenticationFilter  : Set SecurityContextHolder to anonymous SecurityContext
2026-02-17T16:44:19.380+01:00 DEBUG 2504 --- [beauty-center-api] [           main] o.s.security.web.FilterChainProxy        : Secured POST /api/auth/login
2026-02-17T16:44:19.381+01:00  INFO 2504 --- [beauty-center-api] [           main] b.modules.auth.AuthController            : Login request for email: testemployee@beautycenter.com
2026-02-17T16:44:19.381+01:00  INFO 2504 --- [beauty-center-api] [           main] b.modules.auth.service.AuthService       : Login attempt for user: testemployee@beautycenter.com
2026-02-17T16:44:19.381+01:00 DEBUG 2504 --- [beauty-center-api] [           main] b.security.CustomUserDetailsService      : Loading user details for email: testemployee@beautycenter.com
2026-02-17T16:44:19.383+01:00 DEBUG 2504 --- [beauty-center-api] [           main] b.security.CustomUserDetailsService      : Added authority: ROLE_EMPLOYEE
2026-02-17T16:44:19.383+01:00 DEBUG 2504 --- [beauty-center-api] [           main] b.security.CustomUserDetailsService      : User testemployee@beautycenter.com loaded with authorities: [ROLE_EMPLOYEE]
2026-02-17T16:44:19.463+01:00 DEBUG 2504 --- [beauty-center-api] [           main] o.s.s.a.dao.DaoAuthenticationProvider    : Authenticated user
2026-02-17T16:44:19.463+01:00  INFO 2504 --- [beauty-center-api] [           main] b.modules.auth.service.AuthService       : User authenticated successfully: testemployee@beautycenter.com
2026-02-17T16:44:19.463+01:00 DEBUG 2504 --- [beauty-center-api] [           main] beauty_center.security.JwtService        : Generating access token for user: testemployee@beautycenter.com with roles: [ROLE_EMPLOYEE]
2026-02-17T16:44:19.463+01:00 DEBUG 2504 --- [beauty-center-api] [           main] beauty_center.security.JwtService        : Generating refresh token for user: testemployee@beautycenter.com
2026-02-17T16:44:19.463+01:00 DEBUG 2504 --- [beauty-center-api] [           main] b.modules.auth.service.AuthService       : Tokens generated for user: testemployee@beautycenter.com
2026-02-17T16:44:19.463+01:00  INFO 2504 --- [beauty-center-api] [           main] b.modules.auth.AuthController            : User logged in successfully: testemployee@beautycenter.com
2026-02-17T16:44:19.473+01:00 DEBUG 2504 --- [beauty-center-api] [           main] o.s.security.web.FilterChainProxy        : Securing GET /api/client/me/file
2026-02-17T16:44:19.474+01:00 DEBUG 2504 --- [beauty-center-api] [           main] beauty_center.security.JwtService        : Token validation successful
2026-02-17T16:44:19.475+01:00 DEBUG 2504 --- [beauty-center-api] [           main] beauty_center.security.JwtAuthFilter     : Authenticated user: testemployee@beautycenter.com with authorities: [ROLE_EMPLOYEE]
2026-02-17T16:44:19.475+01:00 DEBUG 2504 --- [beauty-center-api] [           main] o.s.security.web.FilterChainProxy        : Secured GET /api/client/me/file
2026-02-17T16:44:19.476+01:00 DEBUG 2504 --- [beauty-center-api] [           main] horizationManagerBeforeMethodInterceptor : Authorizing method invocation ReflectiveMethodInvocation: public org.springframework.http.ResponseEntity beauty_center.modules.clientfile.controller.ClientFileController.getMyClientFile(); target is of class [beauty_center.modules.clientfile.controller.ClientFileController]
2026-02-17T16:44:19.476+01:00 DEBUG 2504 --- [beauty-center-api] [           main] horizationManagerBeforeMethodInterceptor : Failed to authorize ReflectiveMethodInvocation: public org.springframework.http.ResponseEntity beauty_center.modules.clientfile.controller.ClientFileController.getMyClientFile(); target is of class [beauty_center.modules.clientfile.controller.ClientFileController] with authorization manager org.springframework.security.authorization.ObservationAuthorizationManager@efcc91d and result ExpressionAuthorizationDecision [granted=false, expressionAttribute=hasRole('CLIENT')]
2026-02-17T16:44:19.478+01:00  WARN 2504 --- [beauty-center-api] [           main] b.common.error.GlobalExceptionHandler    : Access denied: Access Denied
2026-02-17T16:44:19.655+01:00 DEBUG 2504 --- [beauty-center-api] [           main] o.s.security.web.FilterChainProxy        : Securing POST /api/auth/login
2026-02-17T16:44:19.655+01:00 DEBUG 2504 --- [beauty-center-api] [           main] o.s.s.w.a.AnonymousAuthenticationFilter  : Set SecurityContextHolder to anonymous SecurityContext
2026-02-17T16:44:19.656+01:00 DEBUG 2504 --- [beauty-center-api] [           main] o.s.security.web.FilterChainProxy        : Secured POST /api/auth/login
2026-02-17T16:44:19.656+01:00  INFO 2504 --- [beauty-center-api] [           main] b.modules.auth.AuthController            : Login request for email: testclient@beautycenter.com
2026-02-17T16:44:19.656+01:00  INFO 2504 --- [beauty-center-api] [           main] b.modules.auth.service.AuthService       : Login attempt for user: testclient@beautycenter.com
2026-02-17T16:44:19.656+01:00 DEBUG 2504 --- [beauty-center-api] [           main] b.security.CustomUserDetailsService      : Loading user details for email: testclient@beautycenter.com
2026-02-17T16:44:19.661+01:00 DEBUG 2504 --- [beauty-center-api] [           main] b.security.CustomUserDetailsService      : Added authority: ROLE_CLIENT
2026-02-17T16:44:19.661+01:00 DEBUG 2504 --- [beauty-center-api] [           main] b.security.CustomUserDetailsService      : User testclient@beautycenter.com loaded with authorities: [ROLE_CLIENT]
2026-02-17T16:44:19.743+01:00 DEBUG 2504 --- [beauty-center-api] [           main] o.s.s.a.dao.DaoAuthenticationProvider    : Authenticated user
2026-02-17T16:44:19.743+01:00  INFO 2504 --- [beauty-center-api] [           main] b.modules.auth.service.AuthService       : User authenticated successfully: testclient@beautycenter.com
2026-02-17T16:44:19.743+01:00 DEBUG 2504 --- [beauty-center-api] [           main] beauty_center.security.JwtService        : Generating access token for user: testclient@beautycenter.com with roles: [ROLE_CLIENT]
2026-02-17T16:44:19.744+01:00 DEBUG 2504 --- [beauty-center-api] [           main] beauty_center.security.JwtService        : Generating refresh token for user: testclient@beautycenter.com
2026-02-17T16:44:19.744+01:00 DEBUG 2504 --- [beauty-center-api] [           main] b.modules.auth.service.AuthService       : Tokens generated for user: testclient@beautycenter.com
2026-02-17T16:44:19.746+01:00  INFO 2504 --- [beauty-center-api] [           main] b.modules.auth.AuthController            : User logged in successfully: testclient@beautycenter.com
2026-02-17T16:44:19.747+01:00 DEBUG 2504 --- [beauty-center-api] [           main] o.s.security.web.FilterChainProxy        : Securing POST /api/auth/login
2026-02-17T16:44:19.748+01:00 DEBUG 2504 --- [beauty-center-api] [           main] o.s.s.w.a.AnonymousAuthenticationFilter  : Set SecurityContextHolder to anonymous SecurityContext
2026-02-17T16:44:19.748+01:00 DEBUG 2504 --- [beauty-center-api] [           main] o.s.security.web.FilterChainProxy        : Secured POST /api/auth/login
2026-02-17T16:44:19.748+01:00  INFO 2504 --- [beauty-center-api] [           main] b.modules.auth.AuthController            : Login request for email: testemployee@beautycenter.com
2026-02-17T16:44:19.748+01:00  INFO 2504 --- [beauty-center-api] [           main] b.modules.auth.service.AuthService       : Login attempt for user: testemployee@beautycenter.com
2026-02-17T16:44:19.748+01:00 DEBUG 2504 --- [beauty-center-api] [           main] b.security.CustomUserDetailsService      : Loading user details for email: testemployee@beautycenter.com
2026-02-17T16:44:19.752+01:00 DEBUG 2504 --- [beauty-center-api] [           main] b.security.CustomUserDetailsService      : Added authority: ROLE_EMPLOYEE
2026-02-17T16:44:19.753+01:00 DEBUG 2504 --- [beauty-center-api] [           main] b.security.CustomUserDetailsService      : User testemployee@beautycenter.com loaded with authorities: [ROLE_EMPLOYEE]
2026-02-17T16:44:19.837+01:00 DEBUG 2504 --- [beauty-center-api] [           main] o.s.s.a.dao.DaoAuthenticationProvider    : Authenticated user
2026-02-17T16:44:19.837+01:00  INFO 2504 --- [beauty-center-api] [           main] b.modules.auth.service.AuthService       : User authenticated successfully: testemployee@beautycenter.com
2026-02-17T16:44:19.837+01:00 DEBUG 2504 --- [beauty-center-api] [           main] beauty_center.security.JwtService        : Generating access token for user: testemployee@beautycenter.com with roles: [ROLE_EMPLOYEE]
2026-02-17T16:44:19.838+01:00 DEBUG 2504 --- [beauty-center-api] [           main] beauty_center.security.JwtService        : Generating refresh token for user: testemployee@beautycenter.com
2026-02-17T16:44:19.838+01:00 DEBUG 2504 --- [beauty-center-api] [           main] b.modules.auth.service.AuthService       : Tokens generated for user: testemployee@beautycenter.com
2026-02-17T16:44:19.838+01:00  INFO 2504 --- [beauty-center-api] [           main] b.modules.auth.AuthController            : User logged in successfully: testemployee@beautycenter.com
2026-02-17T16:44:19.841+01:00 DEBUG 2504 --- [beauty-center-api] [           main] o.s.security.web.FilterChainProxy        : Securing GET /api/client/me/file
2026-02-17T16:44:19.843+01:00 DEBUG 2504 --- [beauty-center-api] [           main] beauty_center.security.JwtService        : Token validation successful
2026-02-17T16:44:19.843+01:00 DEBUG 2504 --- [beauty-center-api] [           main] beauty_center.security.JwtAuthFilter     : Authenticated user: testclient@beautycenter.com with authorities: [ROLE_CLIENT]
2026-02-17T16:44:19.843+01:00 DEBUG 2504 --- [beauty-center-api] [           main] o.s.security.web.FilterChainProxy        : Secured GET /api/client/me/file
2026-02-17T16:44:19.845+01:00 DEBUG 2504 --- [beauty-center-api] [           main] horizationManagerBeforeMethodInterceptor : Authorizing method invocation ReflectiveMethodInvocation: public org.springframework.http.ResponseEntity beauty_center.modules.clientfile.controller.ClientFileController.getMyClientFile(); target is of class [beauty_center.modules.clientfile.controller.ClientFileController]
2026-02-17T16:44:19.845+01:00 DEBUG 2504 --- [beauty-center-api] [           main] horizationManagerBeforeMethodInterceptor : Authorized method invocation ReflectiveMethodInvocation: public org.springframework.http.ResponseEntity beauty_center.modules.clientfile.controller.ClientFileController.getMyClientFile(); target is of class [beauty_center.modules.clientfile.controller.ClientFileController]
2026-02-17T16:44:19.845+01:00  INFO 2504 --- [beauty-center-api] [           main] b.m.c.controller.ClientFileController    : GET /api/client/me/file - Getting current client's file
2026-02-17T16:44:19.854+01:00  INFO 2504 --- [beauty-center-api] [           main] b.modules.audit.service.AuditService     : Audit entry created: entityType=ClientFile, entityId=227ef270-8f98-4a8e-83db-7a5e9fffa345, action=CREATE, actorId=3c3624ce-0031-49a7-8fea-b1bacdf007af
2026-02-17T16:44:19.854+01:00  INFO 2504 --- [beauty-center-api] [           main] b.m.c.service.ClientFileService          : Client file created: clientId=3c3624ce-0031-49a7-8fea-b1bacdf007af, fileId=227ef270-8f98-4a8e-83db-7a5e9fffa345
2026-02-17T16:44:20.020+01:00 DEBUG 2504 --- [beauty-center-api] [           main] o.s.security.web.FilterChainProxy        : Securing POST /api/auth/login
2026-02-17T16:44:20.028+01:00 DEBUG 2504 --- [beauty-center-api] [           main] o.s.s.w.a.AnonymousAuthenticationFilter  : Set SecurityContextHolder to anonymous SecurityContext
2026-02-17T16:44:20.028+01:00 DEBUG 2504 --- [beauty-center-api] [           main] o.s.security.web.FilterChainProxy        : Secured POST /api/auth/login
2026-02-17T16:44:20.028+01:00  INFO 2504 --- [beauty-center-api] [           main] b.modules.auth.AuthController            : Login request for email: testclient@beautycenter.com
2026-02-17T16:44:20.028+01:00  INFO 2504 --- [beauty-center-api] [           main] b.modules.auth.service.AuthService       : Login attempt for user: testclient@beautycenter.com
2026-02-17T16:44:20.028+01:00 DEBUG 2504 --- [beauty-center-api] [           main] b.security.CustomUserDetailsService      : Loading user details for email: testclient@beautycenter.com
2026-02-17T16:44:20.028+01:00 DEBUG 2504 --- [beauty-center-api] [           main] b.security.CustomUserDetailsService      : Added authority: ROLE_CLIENT
2026-02-17T16:44:20.028+01:00 DEBUG 2504 --- [beauty-center-api] [           main] b.security.CustomUserDetailsService      : User testclient@beautycenter.com loaded with authorities: [ROLE_CLIENT]
2026-02-17T16:44:20.106+01:00 DEBUG 2504 --- [beauty-center-api] [           main] o.s.s.a.dao.DaoAuthenticationProvider    : Authenticated user
2026-02-17T16:44:20.106+01:00  INFO 2504 --- [beauty-center-api] [           main] b.modules.auth.service.AuthService       : User authenticated successfully: testclient@beautycenter.com
2026-02-17T16:44:20.106+01:00 DEBUG 2504 --- [beauty-center-api] [           main] beauty_center.security.JwtService        : Generating access token for user: testclient@beautycenter.com with roles: [ROLE_CLIENT]
2026-02-17T16:44:20.106+01:00 DEBUG 2504 --- [beauty-center-api] [           main] beauty_center.security.JwtService        : Generating refresh token for user: testclient@beautycenter.com
2026-02-17T16:44:20.106+01:00 DEBUG 2504 --- [beauty-center-api] [           main] b.modules.auth.service.AuthService       : Tokens generated for user: testclient@beautycenter.com
2026-02-17T16:44:20.106+01:00  INFO 2504 --- [beauty-center-api] [           main] b.modules.auth.AuthController            : User logged in successfully: testclient@beautycenter.com
2026-02-17T16:44:20.109+01:00 DEBUG 2504 --- [beauty-center-api] [           main] o.s.security.web.FilterChainProxy        : Securing POST /api/auth/login
2026-02-17T16:44:20.110+01:00 DEBUG 2504 --- [beauty-center-api] [           main] o.s.s.w.a.AnonymousAuthenticationFilter  : Set SecurityContextHolder to anonymous SecurityContext
2026-02-17T16:44:20.110+01:00 DEBUG 2504 --- [beauty-center-api] [           main] o.s.security.web.FilterChainProxy        : Secured POST /api/auth/login
2026-02-17T16:44:20.111+01:00  INFO 2504 --- [beauty-center-api] [           main] b.modules.auth.AuthController            : Login request for email: testemployee@beautycenter.com
2026-02-17T16:44:20.111+01:00  INFO 2504 --- [beauty-center-api] [           main] b.modules.auth.service.AuthService       : Login attempt for user: testemployee@beautycenter.com
2026-02-17T16:44:20.111+01:00 DEBUG 2504 --- [beauty-center-api] [           main] b.security.CustomUserDetailsService      : Loading user details for email: testemployee@beautycenter.com
2026-02-17T16:44:20.113+01:00 DEBUG 2504 --- [beauty-center-api] [           main] b.security.CustomUserDetailsService      : Added authority: ROLE_EMPLOYEE
2026-02-17T16:44:20.113+01:00 DEBUG 2504 --- [beauty-center-api] [           main] b.security.CustomUserDetailsService      : User testemployee@beautycenter.com loaded with authorities: [ROLE_EMPLOYEE]
2026-02-17T16:44:20.186+01:00 DEBUG 2504 --- [beauty-center-api] [           main] o.s.s.a.dao.DaoAuthenticationProvider    : Authenticated user
2026-02-17T16:44:20.187+01:00  INFO 2504 --- [beauty-center-api] [           main] b.modules.auth.service.AuthService       : User authenticated successfully: testemployee@beautycenter.com
2026-02-17T16:44:20.187+01:00 DEBUG 2504 --- [beauty-center-api] [           main] beauty_center.security.JwtService        : Generating access token for user: testemployee@beautycenter.com with roles: [ROLE_EMPLOYEE]
2026-02-17T16:44:20.187+01:00 DEBUG 2504 --- [beauty-center-api] [           main] beauty_center.security.JwtService        : Generating refresh token for user: testemployee@beautycenter.com
2026-02-17T16:44:20.187+01:00 DEBUG 2504 --- [beauty-center-api] [           main] b.modules.auth.service.AuthService       : Tokens generated for user: testemployee@beautycenter.com
2026-02-17T16:44:20.187+01:00  INFO 2504 --- [beauty-center-api] [           main] b.modules.auth.AuthController            : User logged in successfully: testemployee@beautycenter.com
2026-02-17T16:44:20.263+01:00 DEBUG 2504 --- [beauty-center-api] [           main] o.s.security.web.FilterChainProxy        : Securing GET /api/clients/54cf7825-1ec1-43f5-bbe1-55a958fad275/file
2026-02-17T16:44:20.264+01:00 DEBUG 2504 --- [beauty-center-api] [           main] beauty_center.security.JwtService        : Token validation successful
2026-02-17T16:44:20.264+01:00 DEBUG 2504 --- [beauty-center-api] [           main] beauty_center.security.JwtAuthFilter     : Authenticated user: testclient@beautycenter.com with authorities: [ROLE_CLIENT]
2026-02-17T16:44:20.265+01:00 DEBUG 2504 --- [beauty-center-api] [           main] o.s.security.web.FilterChainProxy        : Secured GET /api/clients/54cf7825-1ec1-43f5-bbe1-55a958fad275/file
2026-02-17T16:44:20.265+01:00 DEBUG 2504 --- [beauty-center-api] [           main] horizationManagerBeforeMethodInterceptor : Authorizing method invocation ReflectiveMethodInvocation: public org.springframework.http.ResponseEntity beauty_center.modules.clientfile.controller.ClientFileController.getClientFile(java.util.UUID); target is of class [beauty_center.modules.clientfile.controller.ClientFileController]
2026-02-17T16:44:20.266+01:00 DEBUG 2504 --- [beauty-center-api] [           main] horizationManagerBeforeMethodInterceptor : Failed to authorize ReflectiveMethodInvocation: public org.springframework.http.ResponseEntity beauty_center.modules.clientfile.controller.ClientFileController.getClientFile(java.util.UUID); target is of class [beauty_center.modules.clientfile.controller.ClientFileController] with authorization manager org.springframework.security.authorization.ObservationAuthorizationManager@efcc91d and result ExpressionAuthorizationDecision [granted=false, expressionAttribute=hasAnyRole('EMPLOYEE', 'ADMIN')]
2026-02-17T16:44:20.267+01:00  WARN 2504 --- [beauty-center-api] [           main] b.common.error.GlobalExceptionHandler    : Access denied: Access Denied
2026-02-17T16:44:20.416+01:00 DEBUG 2504 --- [beauty-center-api] [           main] o.s.security.web.FilterChainProxy        : Securing POST /api/auth/login
2026-02-17T16:44:20.417+01:00 DEBUG 2504 --- [beauty-center-api] [           main] o.s.s.w.a.AnonymousAuthenticationFilter  : Set SecurityContextHolder to anonymous SecurityContext
2026-02-17T16:44:20.417+01:00 DEBUG 2504 --- [beauty-center-api] [           main] o.s.security.web.FilterChainProxy        : Secured POST /api/auth/login
2026-02-17T16:44:20.418+01:00  INFO 2504 --- [beauty-center-api] [           main] b.modules.auth.AuthController            : Login request for email: testclient@beautycenter.com
2026-02-17T16:44:20.418+01:00  INFO 2504 --- [beauty-center-api] [           main] b.modules.auth.service.AuthService       : Login attempt for user: testclient@beautycenter.com
2026-02-17T16:44:20.418+01:00 DEBUG 2504 --- [beauty-center-api] [           main] b.security.CustomUserDetailsService      : Loading user details for email: testclient@beautycenter.com
2026-02-17T16:44:20.418+01:00 DEBUG 2504 --- [beauty-center-api] [           main] b.security.CustomUserDetailsService      : Added authority: ROLE_CLIENT
2026-02-17T16:44:20.418+01:00 DEBUG 2504 --- [beauty-center-api] [           main] b.security.CustomUserDetailsService      : User testclient@beautycenter.com loaded with authorities: [ROLE_CLIENT]
2026-02-17T16:44:20.489+01:00 DEBUG 2504 --- [beauty-center-api] [           main] o.s.s.a.dao.DaoAuthenticationProvider    : Authenticated user
2026-02-17T16:44:20.489+01:00  INFO 2504 --- [beauty-center-api] [           main] b.modules.auth.service.AuthService       : User authenticated successfully: testclient@beautycenter.com
2026-02-17T16:44:20.489+01:00 DEBUG 2504 --- [beauty-center-api] [           main] beauty_center.security.JwtService        : Generating access token for user: testclient@beautycenter.com with roles: [ROLE_CLIENT]
2026-02-17T16:44:20.489+01:00 DEBUG 2504 --- [beauty-center-api] [           main] beauty_center.security.JwtService        : Generating refresh token for user: testclient@beautycenter.com
2026-02-17T16:44:20.489+01:00 DEBUG 2504 --- [beauty-center-api] [           main] b.modules.auth.service.AuthService       : Tokens generated for user: testclient@beautycenter.com
2026-02-17T16:44:20.489+01:00  INFO 2504 --- [beauty-center-api] [           main] b.modules.auth.AuthController            : User logged in successfully: testclient@beautycenter.com
2026-02-17T16:44:20.494+01:00 DEBUG 2504 --- [beauty-center-api] [           main] o.s.security.web.FilterChainProxy        : Securing POST /api/auth/login
2026-02-17T16:44:20.494+01:00 DEBUG 2504 --- [beauty-center-api] [           main] o.s.s.w.a.AnonymousAuthenticationFilter  : Set SecurityContextHolder to anonymous SecurityContext
2026-02-17T16:44:20.494+01:00 DEBUG 2504 --- [beauty-center-api] [           main] o.s.security.web.FilterChainProxy        : Secured POST /api/auth/login
2026-02-17T16:44:20.497+01:00  INFO 2504 --- [beauty-center-api] [           main] b.modules.auth.AuthController            : Login request for email: testemployee@beautycenter.com
2026-02-17T16:44:20.498+01:00  INFO 2504 --- [beauty-center-api] [           main] b.modules.auth.service.AuthService       : Login attempt for user: testemployee@beautycenter.com
2026-02-17T16:44:20.498+01:00 DEBUG 2504 --- [beauty-center-api] [           main] b.security.CustomUserDetailsService      : Loading user details for email: testemployee@beautycenter.com
2026-02-17T16:44:20.499+01:00 DEBUG 2504 --- [beauty-center-api] [           main] b.security.CustomUserDetailsService      : Added authority: ROLE_EMPLOYEE
2026-02-17T16:44:20.499+01:00 DEBUG 2504 --- [beauty-center-api] [           main] b.security.CustomUserDetailsService      : User testemployee@beautycenter.com loaded with authorities: [ROLE_EMPLOYEE]
2026-02-17T16:44:20.561+01:00 DEBUG 2504 --- [beauty-center-api] [           main] o.s.s.a.dao.DaoAuthenticationProvider    : Authenticated user
2026-02-17T16:44:20.561+01:00  INFO 2504 --- [beauty-center-api] [           main] b.modules.auth.service.AuthService       : User authenticated successfully: testemployee@beautycenter.com
2026-02-17T16:44:20.561+01:00 DEBUG 2504 --- [beauty-center-api] [           main] beauty_center.security.JwtService        : Generating access token for user: testemployee@beautycenter.com with roles: [ROLE_EMPLOYEE]
2026-02-17T16:44:20.561+01:00 DEBUG 2504 --- [beauty-center-api] [           main] beauty_center.security.JwtService        : Generating refresh token for user: testemployee@beautycenter.com
2026-02-17T16:44:20.561+01:00 DEBUG 2504 --- [beauty-center-api] [           main] b.modules.auth.service.AuthService       : Tokens generated for user: testemployee@beautycenter.com
2026-02-17T16:44:20.561+01:00  INFO 2504 --- [beauty-center-api] [           main] b.modules.auth.AuthController            : User logged in successfully: testemployee@beautycenter.com
2026-02-17T16:44:20.568+01:00 DEBUG 2504 --- [beauty-center-api] [           main] o.s.security.web.FilterChainProxy        : Securing GET /api/client/me/file
2026-02-17T16:44:20.568+01:00 DEBUG 2504 --- [beauty-center-api] [           main] o.s.s.w.a.AnonymousAuthenticationFilter  : Set SecurityContextHolder to anonymous SecurityContext
2026-02-17T16:44:20.568+01:00  WARN 2504 --- [beauty-center-api] [           main] b.security.JwtAuthenticationEntryPoint   : Authentication failed: Full authentication is required to access this resource - /api/client/me/file
2026-02-17T16:44:20.568+01:00 DEBUG 2504 --- [beauty-center-api] [           main] o.s.security.web.FilterChainProxy        : Securing PUT /api/client/me/file
2026-02-17T16:44:20.568+01:00 DEBUG 2504 --- [beauty-center-api] [           main] o.s.s.w.a.AnonymousAuthenticationFilter  : Set SecurityContextHolder to anonymous SecurityContext
2026-02-17T16:44:20.568+01:00  WARN 2504 --- [beauty-center-api] [           main] b.security.JwtAuthenticationEntryPoint   : Authentication failed: Full authentication is required to access this resource - /api/client/me/file
2026-02-17T16:44:20.708+01:00 DEBUG 2504 --- [beauty-center-api] [           main] o.s.security.web.FilterChainProxy        : Securing POST /api/auth/login
2026-02-17T16:44:20.708+01:00 DEBUG 2504 --- [beauty-center-api] [           main] o.s.s.w.a.AnonymousAuthenticationFilter  : Set SecurityContextHolder to anonymous SecurityContext
2026-02-17T16:44:20.708+01:00 DEBUG 2504 --- [beauty-center-api] [           main] o.s.security.web.FilterChainProxy        : Secured POST /api/auth/login
2026-02-17T16:44:20.708+01:00  INFO 2504 --- [beauty-center-api] [           main] b.modules.auth.AuthController            : Login request for email: testclient@beautycenter.com
2026-02-17T16:44:20.708+01:00  INFO 2504 --- [beauty-center-api] [           main] b.modules.auth.service.AuthService       : Login attempt for user: testclient@beautycenter.com
2026-02-17T16:44:20.708+01:00 DEBUG 2504 --- [beauty-center-api] [           main] b.security.CustomUserDetailsService      : Loading user details for email: testclient@beautycenter.com
2026-02-17T16:44:20.713+01:00 DEBUG 2504 --- [beauty-center-api] [           main] b.security.CustomUserDetailsService      : Added authority: ROLE_CLIENT
2026-02-17T16:44:20.713+01:00 DEBUG 2504 --- [beauty-center-api] [           main] b.security.CustomUserDetailsService      : User testclient@beautycenter.com loaded with authorities: [ROLE_CLIENT]
2026-02-17T16:44:20.773+01:00 DEBUG 2504 --- [beauty-center-api] [           main] o.s.s.a.dao.DaoAuthenticationProvider    : Authenticated user
2026-02-17T16:44:20.773+01:00  INFO 2504 --- [beauty-center-api] [           main] b.modules.auth.service.AuthService       : User authenticated successfully: testclient@beautycenter.com
2026-02-17T16:44:20.773+01:00 DEBUG 2504 --- [beauty-center-api] [           main] beauty_center.security.JwtService        : Generating access token for user: testclient@beautycenter.com with roles: [ROLE_CLIENT]
2026-02-17T16:44:20.773+01:00 DEBUG 2504 --- [beauty-center-api] [           main] beauty_center.security.JwtService        : Generating refresh token for user: testclient@beautycenter.com
2026-02-17T16:44:20.778+01:00 DEBUG 2504 --- [beauty-center-api] [           main] b.modules.auth.service.AuthService       : Tokens generated for user: testclient@beautycenter.com
2026-02-17T16:44:20.778+01:00  INFO 2504 --- [beauty-center-api] [           main] b.modules.auth.AuthController            : User logged in successfully: testclient@beautycenter.com
2026-02-17T16:44:20.778+01:00 DEBUG 2504 --- [beauty-center-api] [           main] o.s.security.web.FilterChainProxy        : Securing POST /api/auth/login
2026-02-17T16:44:20.778+01:00 DEBUG 2504 --- [beauty-center-api] [           main] o.s.s.w.a.AnonymousAuthenticationFilter  : Set SecurityContextHolder to anonymous SecurityContext
2026-02-17T16:44:20.778+01:00 DEBUG 2504 --- [beauty-center-api] [           main] o.s.security.web.FilterChainProxy        : Secured POST /api/auth/login
2026-02-17T16:44:20.780+01:00  INFO 2504 --- [beauty-center-api] [           main] b.modules.auth.AuthController            : Login request for email: testemployee@beautycenter.com
2026-02-17T16:44:20.780+01:00  INFO 2504 --- [beauty-center-api] [           main] b.modules.auth.service.AuthService       : Login attempt for user: testemployee@beautycenter.com
2026-02-17T16:44:20.780+01:00 DEBUG 2504 --- [beauty-center-api] [           main] b.security.CustomUserDetailsService      : Loading user details for email: testemployee@beautycenter.com
2026-02-17T16:44:20.782+01:00 DEBUG 2504 --- [beauty-center-api] [           main] b.security.CustomUserDetailsService      : Added authority: ROLE_EMPLOYEE
2026-02-17T16:44:20.782+01:00 DEBUG 2504 --- [beauty-center-api] [           main] b.security.CustomUserDetailsService      : User testemployee@beautycenter.com loaded with authorities: [ROLE_EMPLOYEE]
2026-02-17T16:44:20.848+01:00 DEBUG 2504 --- [beauty-center-api] [           main] o.s.s.a.dao.DaoAuthenticationProvider    : Authenticated user
2026-02-17T16:44:20.848+01:00  INFO 2504 --- [beauty-center-api] [           main] b.modules.auth.service.AuthService       : User authenticated successfully: testemployee@beautycenter.com
2026-02-17T16:44:20.848+01:00 DEBUG 2504 --- [beauty-center-api] [           main] beauty_center.security.JwtService        : Generating access token for user: testemployee@beautycenter.com with roles: [ROLE_EMPLOYEE]
2026-02-17T16:44:20.848+01:00 DEBUG 2504 --- [beauty-center-api] [           main] beauty_center.security.JwtService        : Generating refresh token for user: testemployee@beautycenter.com
2026-02-17T16:44:20.848+01:00 DEBUG 2504 --- [beauty-center-api] [           main] b.modules.auth.service.AuthService       : Tokens generated for user: testemployee@beautycenter.com
2026-02-17T16:44:20.848+01:00  INFO 2504 --- [beauty-center-api] [           main] b.modules.auth.AuthController            : User logged in successfully: testemployee@beautycenter.com
2026-02-17T16:44:20.855+01:00 DEBUG 2504 --- [beauty-center-api] [           main] o.s.security.web.FilterChainProxy        : Securing PUT /api/client/me/file
2026-02-17T16:44:20.855+01:00 DEBUG 2504 --- [beauty-center-api] [           main] beauty_center.security.JwtService        : Token validation successful
2026-02-17T16:44:20.855+01:00 DEBUG 2504 --- [beauty-center-api] [           main] beauty_center.security.JwtAuthFilter     : Authenticated user: testclient@beautycenter.com with authorities: [ROLE_CLIENT]
2026-02-17T16:44:20.855+01:00 DEBUG 2504 --- [beauty-center-api] [           main] o.s.security.web.FilterChainProxy        : Secured PUT /api/client/me/file
2026-02-17T16:44:20.858+01:00 DEBUG 2504 --- [beauty-center-api] [           main] horizationManagerBeforeMethodInterceptor : Authorizing method invocation ReflectiveMethodInvocation: public org.springframework.http.ResponseEntity beauty_center.modules.clientfile.controller.ClientFileController.updateMyClientFile(beauty_center.modules.clientfile.dto.ClientFileUpdateRequest); target is of class [beauty_center.modules.clientfile.controller.ClientFileController]
2026-02-17T16:44:20.860+01:00 DEBUG 2504 --- [beauty-center-api] [           main] horizationManagerBeforeMethodInterceptor : Authorized method invocation ReflectiveMethodInvocation: public org.springframework.http.ResponseEntity beauty_center.modules.clientfile.controller.ClientFileController.updateMyClientFile(beauty_center.modules.clientfile.dto.ClientFileUpdateRequest); target is of class [beauty_center.modules.clientfile.controller.ClientFileController]
2026-02-17T16:44:20.860+01:00  INFO 2504 --- [beauty-center-api] [           main] b.m.c.controller.ClientFileController    : PUT /api/client/me/file - Updating current client's file
2026-02-17T16:44:20.868+01:00  INFO 2504 --- [beauty-center-api] [           main] b.modules.audit.service.AuditService     : Audit entry created: entityType=ClientFile, entityId=21742cf8-7442-40b0-b928-8e39958595f8, action=UPDATE, actorId=461f4721-ccb8-472b-af96-c05662e7bfd6
2026-02-17T16:44:20.870+01:00  INFO 2504 --- [beauty-center-api] [           main] b.m.c.service.ClientFileService          : Client file updated: clientId=461f4721-ccb8-472b-af96-c05662e7bfd6, fileId=21742cf8-7442-40b0-b928-8e39958595f8, actorId=461f4721-ccb8-472b-af96-c05662e7bfd6
[INFO] Tests run: 6, Failures: 0, Errors: 0, Skipped: 0, Time elapsed: 2.137 s -- in beauty_center.modules.clientfile.ClientFileControllerIntegrationTest
[INFO] Running Admin Employee Management Integration Tests
2026-02-17T16:44:20.964+01:00  INFO 2504 --- [beauty-center-api] [           main] .b.t.c.SpringBootTestContextBootstrapper : Found @SpringBootConfiguration beauty_center.BeautyCenterApplication for test class beauty_center.modules.scheduling.AdminEmployeeControllerIntegrationTest
2026-02-17T16:44:21.048+01:00 DEBUG 2504 --- [beauty-center-api] [           main] o.s.security.web.FilterChainProxy        : Securing POST /api/auth/login
2026-02-17T16:44:21.048+01:00 DEBUG 2504 --- [beauty-center-api] [           main] o.s.s.w.a.AnonymousAuthenticationFilter  : Set SecurityContextHolder to anonymous SecurityContext
2026-02-17T16:44:21.049+01:00 DEBUG 2504 --- [beauty-center-api] [           main] o.s.security.web.FilterChainProxy        : Secured POST /api/auth/login
2026-02-17T16:44:21.050+01:00  INFO 2504 --- [beauty-center-api] [           main] b.modules.auth.AuthController            : Login request for email: admin@test.com
2026-02-17T16:44:21.050+01:00  INFO 2504 --- [beauty-center-api] [           main] b.modules.auth.service.AuthService       : Login attempt for user: admin@test.com
2026-02-17T16:44:21.050+01:00 DEBUG 2504 --- [beauty-center-api] [           main] b.security.CustomUserDetailsService      : Loading user details for email: admin@test.com
2026-02-17T16:44:21.054+01:00 DEBUG 2504 --- [beauty-center-api] [           main] b.security.CustomUserDetailsService      : Added authority: ROLE_ADMIN
2026-02-17T16:44:21.054+01:00 DEBUG 2504 --- [beauty-center-api] [           main] b.security.CustomUserDetailsService      : User admin@test.com loaded with authorities: [ROLE_ADMIN]
2026-02-17T16:44:21.148+01:00 DEBUG 2504 --- [beauty-center-api] [           main] o.s.s.a.dao.DaoAuthenticationProvider    : Authenticated user
2026-02-17T16:44:21.148+01:00  INFO 2504 --- [beauty-center-api] [           main] b.modules.auth.service.AuthService       : User authenticated successfully: admin@test.com
2026-02-17T16:44:21.148+01:00 DEBUG 2504 --- [beauty-center-api] [           main] beauty_center.security.JwtService        : Generating access token for user: admin@test.com with roles: [ROLE_ADMIN]
2026-02-17T16:44:21.149+01:00 DEBUG 2504 --- [beauty-center-api] [           main] beauty_center.security.JwtService        : Generating refresh token for user: admin@test.com
2026-02-17T16:44:21.149+01:00 DEBUG 2504 --- [beauty-center-api] [           main] b.modules.auth.service.AuthService       : Tokens generated for user: admin@test.com
2026-02-17T16:44:21.149+01:00  INFO 2504 --- [beauty-center-api] [           main] b.modules.auth.AuthController            : User logged in successfully: admin@test.com
2026-02-17T16:44:21.153+01:00 DEBUG 2504 --- [beauty-center-api] [           main] o.s.security.web.FilterChainProxy        : Securing POST /api/auth/login
2026-02-17T16:44:21.153+01:00 DEBUG 2504 --- [beauty-center-api] [           main] o.s.s.w.a.AnonymousAuthenticationFilter  : Set SecurityContextHolder to anonymous SecurityContext
2026-02-17T16:44:21.153+01:00 DEBUG 2504 --- [beauty-center-api] [           main] o.s.security.web.FilterChainProxy        : Secured POST /api/auth/login
2026-02-17T16:44:21.154+01:00  INFO 2504 --- [beauty-center-api] [           main] b.modules.auth.AuthController            : Login request for email: employee@test.com
2026-02-17T16:44:21.155+01:00  INFO 2504 --- [beauty-center-api] [           main] b.modules.auth.service.AuthService       : Login attempt for user: employee@test.com
2026-02-17T16:44:21.155+01:00 DEBUG 2504 --- [beauty-center-api] [           main] b.security.CustomUserDetailsService      : Loading user details for email: employee@test.com
2026-02-17T16:44:21.156+01:00 DEBUG 2504 --- [beauty-center-api] [           main] b.security.CustomUserDetailsService      : Added authority: ROLE_EMPLOYEE
2026-02-17T16:44:21.156+01:00 DEBUG 2504 --- [beauty-center-api] [           main] b.security.CustomUserDetailsService      : User employee@test.com loaded with authorities: [ROLE_EMPLOYEE]
2026-02-17T16:44:21.226+01:00 DEBUG 2504 --- [beauty-center-api] [           main] o.s.s.a.dao.DaoAuthenticationProvider    : Authenticated user
2026-02-17T16:44:21.228+01:00  INFO 2504 --- [beauty-center-api] [           main] b.modules.auth.service.AuthService       : User authenticated successfully: employee@test.com
2026-02-17T16:44:21.228+01:00 DEBUG 2504 --- [beauty-center-api] [           main] beauty_center.security.JwtService        : Generating access token for user: employee@test.com with roles: [ROLE_EMPLOYEE]
2026-02-17T16:44:21.228+01:00 DEBUG 2504 --- [beauty-center-api] [           main] beauty_center.security.JwtService        : Generating refresh token for user: employee@test.com
2026-02-17T16:44:21.228+01:00 DEBUG 2504 --- [beauty-center-api] [           main] b.modules.auth.service.AuthService       : Tokens generated for user: employee@test.com
2026-02-17T16:44:21.228+01:00  INFO 2504 --- [beauty-center-api] [           main] b.modules.auth.AuthController            : User logged in successfully: employee@test.com
2026-02-17T16:44:21.230+01:00 DEBUG 2504 --- [beauty-center-api] [           main] o.s.security.web.FilterChainProxy        : Securing POST /api/admin/employees
2026-02-17T16:44:21.230+01:00 DEBUG 2504 --- [beauty-center-api] [           main] beauty_center.security.JwtService        : Token validation successful
2026-02-17T16:44:21.230+01:00 DEBUG 2504 --- [beauty-center-api] [           main] beauty_center.security.JwtAuthFilter     : Authenticated user: admin@test.com with authorities: [ROLE_ADMIN]
2026-02-17T16:44:21.230+01:00 DEBUG 2504 --- [beauty-center-api] [           main] o.s.security.web.FilterChainProxy        : Secured POST /api/admin/employees
2026-02-17T16:44:21.238+01:00 DEBUG 2504 --- [beauty-center-api] [           main] horizationManagerBeforeMethodInterceptor : Authorizing method invocation ReflectiveMethodInvocation: public org.springframework.http.ResponseEntity beauty_center.modules.scheduling.controller.AdminEmployeeController.createEmployee(beauty_center.modules.scheduling.dto.EmployeeCreateRequest); target is of class [beauty_center.modules.scheduling.controller.AdminEmployeeController]
2026-02-17T16:44:21.238+01:00 DEBUG 2504 --- [beauty-center-api] [           main] horizationManagerBeforeMethodInterceptor : Authorized method invocation ReflectiveMethodInvocation: public org.springframework.http.ResponseEntity beauty_center.modules.scheduling.controller.AdminEmployeeController.createEmployee(beauty_center.modules.scheduling.dto.EmployeeCreateRequest); target is of class [beauty_center.modules.scheduling.controller.AdminEmployeeController]
2026-02-17T16:44:21.238+01:00  INFO 2504 --- [beauty-center-api] [           main] b.m.s.c.AdminEmployeeController          : Admin creating employee: newemployee@test.com
2026-02-17T16:44:21.238+01:00  INFO 2504 --- [beauty-center-api] [           main] b.m.scheduling.service.EmployeeService   : Creating new employee: newemployee@test.com
2026-02-17T16:44:21.308+01:00  INFO 2504 --- [beauty-center-api] [           main] b.m.scheduling.service.EmployeeService   : Employee created successfully: newemployee@test.com (ID: 20853c00-fea2-43bb-9994-bf729c4eeea8)
2026-02-17T16:44:21.388+01:00 DEBUG 2504 --- [beauty-center-api] [           main] o.s.security.web.FilterChainProxy        : Securing POST /api/auth/login
2026-02-17T16:44:21.388+01:00 DEBUG 2504 --- [beauty-center-api] [           main] o.s.s.w.a.AnonymousAuthenticationFilter  : Set SecurityContextHolder to anonymous SecurityContext
2026-02-17T16:44:21.388+01:00 DEBUG 2504 --- [beauty-center-api] [           main] o.s.security.web.FilterChainProxy        : Secured POST /api/auth/login
2026-02-17T16:44:21.388+01:00  INFO 2504 --- [beauty-center-api] [           main] b.modules.auth.AuthController            : Login request for email: admin@test.com
2026-02-17T16:44:21.388+01:00  INFO 2504 --- [beauty-center-api] [           main] b.modules.auth.service.AuthService       : Login attempt for user: admin@test.com
2026-02-17T16:44:21.388+01:00 DEBUG 2504 --- [beauty-center-api] [           main] b.security.CustomUserDetailsService      : Loading user details for email: admin@test.com
2026-02-17T16:44:21.391+01:00 DEBUG 2504 --- [beauty-center-api] [           main] b.security.CustomUserDetailsService      : Added authority: ROLE_ADMIN
2026-02-17T16:44:21.391+01:00 DEBUG 2504 --- [beauty-center-api] [           main] b.security.CustomUserDetailsService      : User admin@test.com loaded with authorities: [ROLE_ADMIN]
2026-02-17T16:44:21.456+01:00 DEBUG 2504 --- [beauty-center-api] [           main] o.s.s.a.dao.DaoAuthenticationProvider    : Authenticated user
2026-02-17T16:44:21.458+01:00  INFO 2504 --- [beauty-center-api] [           main] b.modules.auth.service.AuthService       : User authenticated successfully: admin@test.com
2026-02-17T16:44:21.458+01:00 DEBUG 2504 --- [beauty-center-api] [           main] beauty_center.security.JwtService        : Generating access token for user: admin@test.com with roles: [ROLE_ADMIN]
2026-02-17T16:44:21.458+01:00 DEBUG 2504 --- [beauty-center-api] [           main] beauty_center.security.JwtService        : Generating refresh token for user: admin@test.com
2026-02-17T16:44:21.458+01:00 DEBUG 2504 --- [beauty-center-api] [           main] b.modules.auth.service.AuthService       : Tokens generated for user: admin@test.com
2026-02-17T16:44:21.458+01:00  INFO 2504 --- [beauty-center-api] [           main] b.modules.auth.AuthController            : User logged in successfully: admin@test.com
2026-02-17T16:44:21.460+01:00 DEBUG 2504 --- [beauty-center-api] [           main] o.s.security.web.FilterChainProxy        : Securing POST /api/auth/login
2026-02-17T16:44:21.461+01:00 DEBUG 2504 --- [beauty-center-api] [           main] o.s.s.w.a.AnonymousAuthenticationFilter  : Set SecurityContextHolder to anonymous SecurityContext
2026-02-17T16:44:21.461+01:00 DEBUG 2504 --- [beauty-center-api] [           main] o.s.security.web.FilterChainProxy        : Secured POST /api/auth/login
2026-02-17T16:44:21.462+01:00  INFO 2504 --- [beauty-center-api] [           main] b.modules.auth.AuthController            : Login request for email: employee@test.com
2026-02-17T16:44:21.462+01:00  INFO 2504 --- [beauty-center-api] [           main] b.modules.auth.service.AuthService       : Login attempt for user: employee@test.com
2026-02-17T16:44:21.462+01:00 DEBUG 2504 --- [beauty-center-api] [           main] b.security.CustomUserDetailsService      : Loading user details for email: employee@test.com
2026-02-17T16:44:21.464+01:00 DEBUG 2504 --- [beauty-center-api] [           main] b.security.CustomUserDetailsService      : Added authority: ROLE_EMPLOYEE
2026-02-17T16:44:21.464+01:00 DEBUG 2504 --- [beauty-center-api] [           main] b.security.CustomUserDetailsService      : User employee@test.com loaded with authorities: [ROLE_EMPLOYEE]
2026-02-17T16:44:21.530+01:00 DEBUG 2504 --- [beauty-center-api] [           main] o.s.s.a.dao.DaoAuthenticationProvider    : Authenticated user
2026-02-17T16:44:21.530+01:00  INFO 2504 --- [beauty-center-api] [           main] b.modules.auth.service.AuthService       : User authenticated successfully: employee@test.com
2026-02-17T16:44:21.530+01:00 DEBUG 2504 --- [beauty-center-api] [           main] beauty_center.security.JwtService        : Generating access token for user: employee@test.com with roles: [ROLE_EMPLOYEE]
2026-02-17T16:44:21.530+01:00 DEBUG 2504 --- [beauty-center-api] [           main] beauty_center.security.JwtService        : Generating refresh token for user: employee@test.com
2026-02-17T16:44:21.532+01:00 DEBUG 2504 --- [beauty-center-api] [           main] b.modules.auth.service.AuthService       : Tokens generated for user: employee@test.com
2026-02-17T16:44:21.532+01:00  INFO 2504 --- [beauty-center-api] [           main] b.modules.auth.AuthController            : User logged in successfully: employee@test.com
2026-02-17T16:44:21.603+01:00 DEBUG 2504 --- [beauty-center-api] [           main] o.s.security.web.FilterChainProxy        : Securing POST /api/admin/employees/14eee118-099b-4397-8372-3a1b20009730/absences
2026-02-17T16:44:21.605+01:00 DEBUG 2504 --- [beauty-center-api] [           main] beauty_center.security.JwtService        : Token validation successful
2026-02-17T16:44:21.605+01:00 DEBUG 2504 --- [beauty-center-api] [           main] beauty_center.security.JwtAuthFilter     : Authenticated user: admin@test.com with authorities: [ROLE_ADMIN]
2026-02-17T16:44:21.605+01:00 DEBUG 2504 --- [beauty-center-api] [           main] o.s.security.web.FilterChainProxy        : Secured POST /api/admin/employees/14eee118-099b-4397-8372-3a1b20009730/absences
2026-02-17T16:44:21.608+01:00 DEBUG 2504 --- [beauty-center-api] [           main] horizationManagerBeforeMethodInterceptor : Authorizing method invocation ReflectiveMethodInvocation: public org.springframework.http.ResponseEntity beauty_center.modules.scheduling.controller.AdminEmployeeController.createAbsence(java.util.UUID,beauty_center.modules.scheduling.dto.AbsenceCreateRequest); target is of class [beauty_center.modules.scheduling.controller.AdminEmployeeController]
2026-02-17T16:44:21.608+01:00 DEBUG 2504 --- [beauty-center-api] [           main] horizationManagerBeforeMethodInterceptor : Authorized method invocation ReflectiveMethodInvocation: public org.springframework.http.ResponseEntity beauty_center.modules.scheduling.controller.AdminEmployeeController.createAbsence(java.util.UUID,beauty_center.modules.scheduling.dto.AbsenceCreateRequest); target is of class [beauty_center.modules.scheduling.controller.AdminEmployeeController]
2026-02-17T16:44:21.608+01:00  INFO 2504 --- [beauty-center-api] [           main] b.m.s.c.AdminEmployeeController          : Admin creating absence for employee: 14eee118-099b-4397-8372-3a1b20009730
2026-02-17T16:44:21.609+01:00  INFO 2504 --- [beauty-center-api] [           main] b.m.scheduling.service.AbsenceService    : Creating absence for employee: 14eee118-099b-4397-8372-3a1b20009730 from 2026-02-18T15:44:21.603263500Z to 2026-02-20T15:44:21.603263500Z
2026-02-17T16:44:21.618+01:00  INFO 2504 --- [beauty-center-api] [           main] b.m.scheduling.service.AbsenceService    : Absence created successfully: d4569970-4595-4bab-a98b-8d5a60c5f6c8
2026-02-17T16:44:21.702+01:00 DEBUG 2504 --- [beauty-center-api] [           main] o.s.security.web.FilterChainProxy        : Securing POST /api/auth/login
2026-02-17T16:44:21.702+01:00 DEBUG 2504 --- [beauty-center-api] [           main] o.s.s.w.a.AnonymousAuthenticationFilter  : Set SecurityContextHolder to anonymous SecurityContext
2026-02-17T16:44:21.702+01:00 DEBUG 2504 --- [beauty-center-api] [           main] o.s.security.web.FilterChainProxy        : Secured POST /api/auth/login
2026-02-17T16:44:21.702+01:00  INFO 2504 --- [beauty-center-api] [           main] b.modules.auth.AuthController            : Login request for email: admin@test.com
2026-02-17T16:44:21.702+01:00  INFO 2504 --- [beauty-center-api] [           main] b.modules.auth.service.AuthService       : Login attempt for user: admin@test.com
2026-02-17T16:44:21.702+01:00 DEBUG 2504 --- [beauty-center-api] [           main] b.security.CustomUserDetailsService      : Loading user details for email: admin@test.com
2026-02-17T16:44:21.704+01:00 DEBUG 2504 --- [beauty-center-api] [           main] b.security.CustomUserDetailsService      : Added authority: ROLE_ADMIN
2026-02-17T16:44:21.704+01:00 DEBUG 2504 --- [beauty-center-api] [           main] b.security.CustomUserDetailsService      : User admin@test.com loaded with authorities: [ROLE_ADMIN]
2026-02-17T16:44:21.771+01:00 DEBUG 2504 --- [beauty-center-api] [           main] o.s.s.a.dao.DaoAuthenticationProvider    : Authenticated user
2026-02-17T16:44:21.771+01:00  INFO 2504 --- [beauty-center-api] [           main] b.modules.auth.service.AuthService       : User authenticated successfully: admin@test.com
2026-02-17T16:44:21.771+01:00 DEBUG 2504 --- [beauty-center-api] [           main] beauty_center.security.JwtService        : Generating access token for user: admin@test.com with roles: [ROLE_ADMIN]
2026-02-17T16:44:21.771+01:00 DEBUG 2504 --- [beauty-center-api] [           main] beauty_center.security.JwtService        : Generating refresh token for user: admin@test.com
2026-02-17T16:44:21.771+01:00 DEBUG 2504 --- [beauty-center-api] [           main] b.modules.auth.service.AuthService       : Tokens generated for user: admin@test.com
2026-02-17T16:44:21.771+01:00  INFO 2504 --- [beauty-center-api] [           main] b.modules.auth.AuthController            : User logged in successfully: admin@test.com
2026-02-17T16:44:21.773+01:00 DEBUG 2504 --- [beauty-center-api] [           main] o.s.security.web.FilterChainProxy        : Securing POST /api/auth/login
2026-02-17T16:44:21.773+01:00 DEBUG 2504 --- [beauty-center-api] [           main] o.s.s.w.a.AnonymousAuthenticationFilter  : Set SecurityContextHolder to anonymous SecurityContext
2026-02-17T16:44:21.773+01:00 DEBUG 2504 --- [beauty-center-api] [           main] o.s.security.web.FilterChainProxy        : Secured POST /api/auth/login
2026-02-17T16:44:21.774+01:00  INFO 2504 --- [beauty-center-api] [           main] b.modules.auth.AuthController            : Login request for email: employee@test.com
2026-02-17T16:44:21.774+01:00  INFO 2504 --- [beauty-center-api] [           main] b.modules.auth.service.AuthService       : Login attempt for user: employee@test.com
2026-02-17T16:44:21.774+01:00 DEBUG 2504 --- [beauty-center-api] [           main] b.security.CustomUserDetailsService      : Loading user details for email: employee@test.com
2026-02-17T16:44:21.775+01:00 DEBUG 2504 --- [beauty-center-api] [           main] b.security.CustomUserDetailsService      : Added authority: ROLE_EMPLOYEE
2026-02-17T16:44:21.775+01:00 DEBUG 2504 --- [beauty-center-api] [           main] b.security.CustomUserDetailsService      : User employee@test.com loaded with authorities: [ROLE_EMPLOYEE]
2026-02-17T16:44:21.842+01:00 DEBUG 2504 --- [beauty-center-api] [           main] o.s.s.a.dao.DaoAuthenticationProvider    : Authenticated user
2026-02-17T16:44:21.842+01:00  INFO 2504 --- [beauty-center-api] [           main] b.modules.auth.service.AuthService       : User authenticated successfully: employee@test.com
2026-02-17T16:44:21.842+01:00 DEBUG 2504 --- [beauty-center-api] [           main] beauty_center.security.JwtService        : Generating access token for user: employee@test.com with roles: [ROLE_EMPLOYEE]
2026-02-17T16:44:21.842+01:00 DEBUG 2504 --- [beauty-center-api] [           main] beauty_center.security.JwtService        : Generating refresh token for user: employee@test.com
2026-02-17T16:44:21.842+01:00 DEBUG 2504 --- [beauty-center-api] [           main] b.modules.auth.service.AuthService       : Tokens generated for user: employee@test.com
2026-02-17T16:44:21.842+01:00  INFO 2504 --- [beauty-center-api] [           main] b.modules.auth.AuthController            : User logged in successfully: employee@test.com
2026-02-17T16:44:21.848+01:00 DEBUG 2504 --- [beauty-center-api] [           main] o.s.security.web.FilterChainProxy        : Securing GET /api/admin/employees?active=true
2026-02-17T16:44:21.848+01:00 DEBUG 2504 --- [beauty-center-api] [           main] beauty_center.security.JwtService        : Token validation successful
2026-02-17T16:44:21.848+01:00 DEBUG 2504 --- [beauty-center-api] [           main] beauty_center.security.JwtAuthFilter     : Authenticated user: admin@test.com with authorities: [ROLE_ADMIN]
2026-02-17T16:44:21.848+01:00 DEBUG 2504 --- [beauty-center-api] [           main] o.s.security.web.FilterChainProxy        : Secured GET /api/admin/employees?active=true
2026-02-17T16:44:21.848+01:00 DEBUG 2504 --- [beauty-center-api] [           main] horizationManagerBeforeMethodInterceptor : Authorizing method invocation ReflectiveMethodInvocation: public org.springframework.http.ResponseEntity beauty_center.modules.scheduling.controller.AdminEmployeeController.getAllEmployees(java.lang.Boolean); target is of class [beauty_center.modules.scheduling.controller.AdminEmployeeController]
2026-02-17T16:44:21.848+01:00 DEBUG 2504 --- [beauty-center-api] [           main] horizationManagerBeforeMethodInterceptor : Authorized method invocation ReflectiveMethodInvocation: public org.springframework.http.ResponseEntity beauty_center.modules.scheduling.controller.AdminEmployeeController.getAllEmployees(java.lang.Boolean); target is of class [beauty_center.modules.scheduling.controller.AdminEmployeeController]
2026-02-17T16:44:21.848+01:00  INFO 2504 --- [beauty-center-api] [           main] b.m.s.c.AdminEmployeeController          : Admin fetching employees (isActive: null)
2026-02-17T16:44:21.928+01:00 DEBUG 2504 --- [beauty-center-api] [           main] o.s.security.web.FilterChainProxy        : Securing POST /api/auth/login
2026-02-17T16:44:21.932+01:00 DEBUG 2504 --- [beauty-center-api] [           main] o.s.s.w.a.AnonymousAuthenticationFilter  : Set SecurityContextHolder to anonymous SecurityContext
2026-02-17T16:44:21.933+01:00 DEBUG 2504 --- [beauty-center-api] [           main] o.s.security.web.FilterChainProxy        : Secured POST /api/auth/login
2026-02-17T16:44:21.933+01:00  INFO 2504 --- [beauty-center-api] [           main] b.modules.auth.AuthController            : Login request for email: admin@test.com
2026-02-17T16:44:21.933+01:00  INFO 2504 --- [beauty-center-api] [           main] b.modules.auth.service.AuthService       : Login attempt for user: admin@test.com
2026-02-17T16:44:21.933+01:00 DEBUG 2504 --- [beauty-center-api] [           main] b.security.CustomUserDetailsService      : Loading user details for email: admin@test.com
2026-02-17T16:44:21.935+01:00 DEBUG 2504 --- [beauty-center-api] [           main] b.security.CustomUserDetailsService      : Added authority: ROLE_ADMIN
2026-02-17T16:44:21.935+01:00 DEBUG 2504 --- [beauty-center-api] [           main] b.security.CustomUserDetailsService      : User admin@test.com loaded with authorities: [ROLE_ADMIN]
2026-02-17T16:44:21.998+01:00 DEBUG 2504 --- [beauty-center-api] [           main] o.s.s.a.dao.DaoAuthenticationProvider    : Authenticated user
2026-02-17T16:44:21.998+01:00  INFO 2504 --- [beauty-center-api] [           main] b.modules.auth.service.AuthService       : User authenticated successfully: admin@test.com
2026-02-17T16:44:21.998+01:00 DEBUG 2504 --- [beauty-center-api] [           main] beauty_center.security.JwtService        : Generating access token for user: admin@test.com with roles: [ROLE_ADMIN]
2026-02-17T16:44:21.998+01:00 DEBUG 2504 --- [beauty-center-api] [           main] beauty_center.security.JwtService        : Generating refresh token for user: admin@test.com
2026-02-17T16:44:21.998+01:00 DEBUG 2504 --- [beauty-center-api] [           main] b.modules.auth.service.AuthService       : Tokens generated for user: admin@test.com
2026-02-17T16:44:21.998+01:00  INFO 2504 --- [beauty-center-api] [           main] b.modules.auth.AuthController            : User logged in successfully: admin@test.com
2026-02-17T16:44:21.998+01:00 DEBUG 2504 --- [beauty-center-api] [           main] o.s.security.web.FilterChainProxy        : Securing POST /api/auth/login
2026-02-17T16:44:21.998+01:00 DEBUG 2504 --- [beauty-center-api] [           main] o.s.s.w.a.AnonymousAuthenticationFilter  : Set SecurityContextHolder to anonymous SecurityContext
2026-02-17T16:44:21.998+01:00 DEBUG 2504 --- [beauty-center-api] [           main] o.s.security.web.FilterChainProxy        : Secured POST /api/auth/login
2026-02-17T16:44:21.998+01:00  INFO 2504 --- [beauty-center-api] [           main] b.modules.auth.AuthController            : Login request for email: employee@test.com
2026-02-17T16:44:21.998+01:00  INFO 2504 --- [beauty-center-api] [           main] b.modules.auth.service.AuthService       : Login attempt for user: employee@test.com
2026-02-17T16:44:21.998+01:00 DEBUG 2504 --- [beauty-center-api] [           main] b.security.CustomUserDetailsService      : Loading user details for email: employee@test.com
2026-02-17T16:44:21.998+01:00 DEBUG 2504 --- [beauty-center-api] [           main] b.security.CustomUserDetailsService      : Added authority: ROLE_EMPLOYEE
2026-02-17T16:44:21.998+01:00 DEBUG 2504 --- [beauty-center-api] [           main] b.security.CustomUserDetailsService      : User employee@test.com loaded with authorities: [ROLE_EMPLOYEE]
2026-02-17T16:44:22.075+01:00 DEBUG 2504 --- [beauty-center-api] [           main] o.s.s.a.dao.DaoAuthenticationProvider    : Authenticated user
2026-02-17T16:44:22.075+01:00  INFO 2504 --- [beauty-center-api] [           main] b.modules.auth.service.AuthService       : User authenticated successfully: employee@test.com
2026-02-17T16:44:22.075+01:00 DEBUG 2504 --- [beauty-center-api] [           main] beauty_center.security.JwtService        : Generating access token for user: employee@test.com with roles: [ROLE_EMPLOYEE]
2026-02-17T16:44:22.075+01:00 DEBUG 2504 --- [beauty-center-api] [           main] beauty_center.security.JwtService        : Generating refresh token for user: employee@test.com
2026-02-17T16:44:22.075+01:00 DEBUG 2504 --- [beauty-center-api] [           main] b.modules.auth.service.AuthService       : Tokens generated for user: employee@test.com
2026-02-17T16:44:22.075+01:00  INFO 2504 --- [beauty-center-api] [           main] b.modules.auth.AuthController            : User logged in successfully: employee@test.com
2026-02-17T16:44:22.143+01:00 DEBUG 2504 --- [beauty-center-api] [           main] o.s.security.web.FilterChainProxy        : Securing POST /api/admin/employees/5fbcff75-4b6c-4e5d-ab70-9f046a8d5269/absences
2026-02-17T16:44:22.147+01:00 DEBUG 2504 --- [beauty-center-api] [           main] beauty_center.security.JwtService        : Token validation successful
2026-02-17T16:44:22.148+01:00 DEBUG 2504 --- [beauty-center-api] [           main] beauty_center.security.JwtAuthFilter     : Authenticated user: admin@test.com with authorities: [ROLE_ADMIN]
2026-02-17T16:44:22.148+01:00 DEBUG 2504 --- [beauty-center-api] [           main] o.s.security.web.FilterChainProxy        : Secured POST /api/admin/employees/5fbcff75-4b6c-4e5d-ab70-9f046a8d5269/absences
2026-02-17T16:44:22.148+01:00 DEBUG 2504 --- [beauty-center-api] [           main] horizationManagerBeforeMethodInterceptor : Authorizing method invocation ReflectiveMethodInvocation: public org.springframework.http.ResponseEntity beauty_center.modules.scheduling.controller.AdminEmployeeController.createAbsence(java.util.UUID,beauty_center.modules.scheduling.dto.AbsenceCreateRequest); target is of class [beauty_center.modules.scheduling.controller.AdminEmployeeController]
2026-02-17T16:44:22.148+01:00 DEBUG 2504 --- [beauty-center-api] [           main] horizationManagerBeforeMethodInterceptor : Authorized method invocation ReflectiveMethodInvocation: public org.springframework.http.ResponseEntity beauty_center.modules.scheduling.controller.AdminEmployeeController.createAbsence(java.util.UUID,beauty_center.modules.scheduling.dto.AbsenceCreateRequest); target is of class [beauty_center.modules.scheduling.controller.AdminEmployeeController]
2026-02-17T16:44:22.148+01:00  INFO 2504 --- [beauty-center-api] [           main] b.m.s.c.AdminEmployeeController          : Admin creating absence for employee: 5fbcff75-4b6c-4e5d-ab70-9f046a8d5269
2026-02-17T16:44:22.148+01:00  INFO 2504 --- [beauty-center-api] [           main] b.m.scheduling.service.AbsenceService    : Creating absence for employee: 5fbcff75-4b6c-4e5d-ab70-9f046a8d5269 from 2026-02-18T15:44:22.143023500Z to 2026-02-19T15:44:22.143023500Z
2026-02-17T16:44:22.153+01:00  INFO 2504 --- [beauty-center-api] [           main] b.m.scheduling.service.AbsenceService    : Absence created successfully: a105f6ae-f4a7-4808-a789-1ec29b80def1
2026-02-17T16:44:22.154+01:00 DEBUG 2504 --- [beauty-center-api] [           main] o.s.security.web.FilterChainProxy        : Securing DELETE /api/admin/absences/a105f6ae-f4a7-4808-a789-1ec29b80def1
2026-02-17T16:44:22.158+01:00 DEBUG 2504 --- [beauty-center-api] [           main] beauty_center.security.JwtService        : Token validation successful
2026-02-17T16:44:22.158+01:00 DEBUG 2504 --- [beauty-center-api] [           main] beauty_center.security.JwtAuthFilter     : Authenticated user: admin@test.com with authorities: [ROLE_ADMIN]
2026-02-17T16:44:22.158+01:00 DEBUG 2504 --- [beauty-center-api] [           main] o.s.security.web.FilterChainProxy        : Secured DELETE /api/admin/absences/a105f6ae-f4a7-4808-a789-1ec29b80def1
2026-02-17T16:44:22.158+01:00 DEBUG 2504 --- [beauty-center-api] [           main] horizationManagerBeforeMethodInterceptor : Authorizing method invocation ReflectiveMethodInvocation: public org.springframework.http.ResponseEntity beauty_center.modules.scheduling.controller.AdminEmployeeController.deleteAbsence(java.util.UUID); target is of class [beauty_center.modules.scheduling.controller.AdminEmployeeController]
2026-02-17T16:44:22.158+01:00 DEBUG 2504 --- [beauty-center-api] [           main] horizationManagerBeforeMethodInterceptor : Authorized method invocation ReflectiveMethodInvocation: public org.springframework.http.ResponseEntity beauty_center.modules.scheduling.controller.AdminEmployeeController.deleteAbsence(java.util.UUID); target is of class [beauty_center.modules.scheduling.controller.AdminEmployeeController]
2026-02-17T16:44:22.158+01:00  INFO 2504 --- [beauty-center-api] [           main] b.m.s.c.AdminEmployeeController          : Admin deleting absence: a105f6ae-f4a7-4808-a789-1ec29b80def1
2026-02-17T16:44:22.158+01:00  INFO 2504 --- [beauty-center-api] [           main] b.m.scheduling.service.AbsenceService    : Deleting absence: a105f6ae-f4a7-4808-a789-1ec29b80def1
2026-02-17T16:44:22.158+01:00  INFO 2504 --- [beauty-center-api] [           main] b.m.scheduling.service.AbsenceService    : Absence deleted successfully: a105f6ae-f4a7-4808-a789-1ec29b80def1
2026-02-17T16:44:22.251+01:00 DEBUG 2504 --- [beauty-center-api] [           main] o.s.security.web.FilterChainProxy        : Securing POST /api/auth/login
2026-02-17T16:44:22.251+01:00 DEBUG 2504 --- [beauty-center-api] [           main] o.s.s.w.a.AnonymousAuthenticationFilter  : Set SecurityContextHolder to anonymous SecurityContext
2026-02-17T16:44:22.251+01:00 DEBUG 2504 --- [beauty-center-api] [           main] o.s.security.web.FilterChainProxy        : Secured POST /api/auth/login
2026-02-17T16:44:22.251+01:00  INFO 2504 --- [beauty-center-api] [           main] b.modules.auth.AuthController            : Login request for email: admin@test.com
2026-02-17T16:44:22.251+01:00  INFO 2504 --- [beauty-center-api] [           main] b.modules.auth.service.AuthService       : Login attempt for user: admin@test.com
2026-02-17T16:44:22.251+01:00 DEBUG 2504 --- [beauty-center-api] [           main] b.security.CustomUserDetailsService      : Loading user details for email: admin@test.com
2026-02-17T16:44:22.251+01:00 DEBUG 2504 --- [beauty-center-api] [           main] b.security.CustomUserDetailsService      : Added authority: ROLE_ADMIN
2026-02-17T16:44:22.251+01:00 DEBUG 2504 --- [beauty-center-api] [           main] b.security.CustomUserDetailsService      : User admin@test.com loaded with authorities: [ROLE_ADMIN]
2026-02-17T16:44:22.320+01:00 DEBUG 2504 --- [beauty-center-api] [           main] o.s.s.a.dao.DaoAuthenticationProvider    : Authenticated user
2026-02-17T16:44:22.320+01:00  INFO 2504 --- [beauty-center-api] [           main] b.modules.auth.service.AuthService       : User authenticated successfully: admin@test.com
2026-02-17T16:44:22.320+01:00 DEBUG 2504 --- [beauty-center-api] [           main] beauty_center.security.JwtService        : Generating access token for user: admin@test.com with roles: [ROLE_ADMIN]
2026-02-17T16:44:22.328+01:00 DEBUG 2504 --- [beauty-center-api] [           main] beauty_center.security.JwtService        : Generating refresh token for user: admin@test.com
2026-02-17T16:44:22.328+01:00 DEBUG 2504 --- [beauty-center-api] [           main] b.modules.auth.service.AuthService       : Tokens generated for user: admin@test.com
2026-02-17T16:44:22.328+01:00  INFO 2504 --- [beauty-center-api] [           main] b.modules.auth.AuthController            : User logged in successfully: admin@test.com
2026-02-17T16:44:22.330+01:00 DEBUG 2504 --- [beauty-center-api] [           main] o.s.security.web.FilterChainProxy        : Securing POST /api/auth/login
2026-02-17T16:44:22.330+01:00 DEBUG 2504 --- [beauty-center-api] [           main] o.s.s.w.a.AnonymousAuthenticationFilter  : Set SecurityContextHolder to anonymous SecurityContext
2026-02-17T16:44:22.330+01:00 DEBUG 2504 --- [beauty-center-api] [           main] o.s.security.web.FilterChainProxy        : Secured POST /api/auth/login
2026-02-17T16:44:22.330+01:00  INFO 2504 --- [beauty-center-api] [           main] b.modules.auth.AuthController            : Login request for email: employee@test.com
2026-02-17T16:44:22.330+01:00  INFO 2504 --- [beauty-center-api] [           main] b.modules.auth.service.AuthService       : Login attempt for user: employee@test.com
2026-02-17T16:44:22.330+01:00 DEBUG 2504 --- [beauty-center-api] [           main] b.security.CustomUserDetailsService      : Loading user details for email: employee@test.com
2026-02-17T16:44:22.330+01:00 DEBUG 2504 --- [beauty-center-api] [           main] b.security.CustomUserDetailsService      : Added authority: ROLE_EMPLOYEE
2026-02-17T16:44:22.330+01:00 DEBUG 2504 --- [beauty-center-api] [           main] b.security.CustomUserDetailsService      : User employee@test.com loaded with authorities: [ROLE_EMPLOYEE]
2026-02-17T16:44:22.408+01:00 DEBUG 2504 --- [beauty-center-api] [           main] o.s.s.a.dao.DaoAuthenticationProvider    : Authenticated user
2026-02-17T16:44:22.408+01:00  INFO 2504 --- [beauty-center-api] [           main] b.modules.auth.service.AuthService       : User authenticated successfully: employee@test.com
2026-02-17T16:44:22.408+01:00 DEBUG 2504 --- [beauty-center-api] [           main] beauty_center.security.JwtService        : Generating access token for user: employee@test.com with roles: [ROLE_EMPLOYEE]
2026-02-17T16:44:22.409+01:00 DEBUG 2504 --- [beauty-center-api] [           main] beauty_center.security.JwtService        : Generating refresh token for user: employee@test.com
2026-02-17T16:44:22.410+01:00 DEBUG 2504 --- [beauty-center-api] [           main] b.modules.auth.service.AuthService       : Tokens generated for user: employee@test.com
2026-02-17T16:44:22.410+01:00  INFO 2504 --- [beauty-center-api] [           main] b.modules.auth.AuthController            : User logged in successfully: employee@test.com
2026-02-17T16:44:22.498+01:00 DEBUG 2504 --- [beauty-center-api] [           main] o.s.security.web.FilterChainProxy        : Securing PUT /api/admin/employees/d71e68e7-aaf4-4701-9134-aa8ebfff4553
2026-02-17T16:44:22.498+01:00 DEBUG 2504 --- [beauty-center-api] [           main] beauty_center.security.JwtService        : Token validation successful
2026-02-17T16:44:22.498+01:00 DEBUG 2504 --- [beauty-center-api] [           main] beauty_center.security.JwtAuthFilter     : Authenticated user: admin@test.com with authorities: [ROLE_ADMIN]
2026-02-17T16:44:22.504+01:00 DEBUG 2504 --- [beauty-center-api] [           main] o.s.security.web.FilterChainProxy        : Secured PUT /api/admin/employees/d71e68e7-aaf4-4701-9134-aa8ebfff4553
2026-02-17T16:44:22.509+01:00 DEBUG 2504 --- [beauty-center-api] [           main] horizationManagerBeforeMethodInterceptor : Authorizing method invocation ReflectiveMethodInvocation: public org.springframework.http.ResponseEntity beauty_center.modules.scheduling.controller.AdminEmployeeController.updateEmployee(java.util.UUID,beauty_center.modules.scheduling.dto.EmployeeUpdateRequest); target is of class [beauty_center.modules.scheduling.controller.AdminEmployeeController]
2026-02-17T16:44:22.511+01:00 DEBUG 2504 --- [beauty-center-api] [           main] horizationManagerBeforeMethodInterceptor : Authorized method invocation ReflectiveMethodInvocation: public org.springframework.http.ResponseEntity beauty_center.modules.scheduling.controller.AdminEmployeeController.updateEmployee(java.util.UUID,beauty_center.modules.scheduling.dto.EmployeeUpdateRequest); target is of class [beauty_center.modules.scheduling.controller.AdminEmployeeController]
2026-02-17T16:44:22.511+01:00  INFO 2504 --- [beauty-center-api] [           main] b.m.s.c.AdminEmployeeController          : Admin updating employee: d71e68e7-aaf4-4701-9134-aa8ebfff4553
2026-02-17T16:44:22.512+01:00  INFO 2504 --- [beauty-center-api] [           main] b.m.scheduling.service.EmployeeService   : Updating employee: d71e68e7-aaf4-4701-9134-aa8ebfff4553
2026-02-17T16:44:22.513+01:00  INFO 2504 --- [beauty-center-api] [           main] b.m.scheduling.service.EmployeeService   : Employee updated successfully: d71e68e7-aaf4-4701-9134-aa8ebfff4553
2026-02-17T16:44:22.606+01:00 DEBUG 2504 --- [beauty-center-api] [           main] o.s.security.web.FilterChainProxy        : Securing POST /api/auth/login
2026-02-17T16:44:22.606+01:00 DEBUG 2504 --- [beauty-center-api] [           main] o.s.s.w.a.AnonymousAuthenticationFilter  : Set SecurityContextHolder to anonymous SecurityContext
2026-02-17T16:44:22.606+01:00 DEBUG 2504 --- [beauty-center-api] [           main] o.s.security.web.FilterChainProxy        : Secured POST /api/auth/login
2026-02-17T16:44:22.608+01:00  INFO 2504 --- [beauty-center-api] [           main] b.modules.auth.AuthController            : Login request for email: admin@test.com
2026-02-17T16:44:22.608+01:00  INFO 2504 --- [beauty-center-api] [           main] b.modules.auth.service.AuthService       : Login attempt for user: admin@test.com
2026-02-17T16:44:22.608+01:00 DEBUG 2504 --- [beauty-center-api] [           main] b.security.CustomUserDetailsService      : Loading user details for email: admin@test.com
2026-02-17T16:44:22.611+01:00 DEBUG 2504 --- [beauty-center-api] [           main] b.security.CustomUserDetailsService      : Added authority: ROLE_ADMIN
2026-02-17T16:44:22.611+01:00 DEBUG 2504 --- [beauty-center-api] [           main] b.security.CustomUserDetailsService      : User admin@test.com loaded with authorities: [ROLE_ADMIN]
2026-02-17T16:44:22.684+01:00 DEBUG 2504 --- [beauty-center-api] [           main] o.s.s.a.dao.DaoAuthenticationProvider    : Authenticated user
2026-02-17T16:44:22.684+01:00  INFO 2504 --- [beauty-center-api] [           main] b.modules.auth.service.AuthService       : User authenticated successfully: admin@test.com
2026-02-17T16:44:22.684+01:00 DEBUG 2504 --- [beauty-center-api] [           main] beauty_center.security.JwtService        : Generating access token for user: admin@test.com with roles: [ROLE_ADMIN]
2026-02-17T16:44:22.685+01:00 DEBUG 2504 --- [beauty-center-api] [           main] beauty_center.security.JwtService        : Generating refresh token for user: admin@test.com
2026-02-17T16:44:22.685+01:00 DEBUG 2504 --- [beauty-center-api] [           main] b.modules.auth.service.AuthService       : Tokens generated for user: admin@test.com
2026-02-17T16:44:22.685+01:00  INFO 2504 --- [beauty-center-api] [           main] b.modules.auth.AuthController            : User logged in successfully: admin@test.com
2026-02-17T16:44:22.688+01:00 DEBUG 2504 --- [beauty-center-api] [           main] o.s.security.web.FilterChainProxy        : Securing POST /api/auth/login
2026-02-17T16:44:22.688+01:00 DEBUG 2504 --- [beauty-center-api] [           main] o.s.s.w.a.AnonymousAuthenticationFilter  : Set SecurityContextHolder to anonymous SecurityContext
2026-02-17T16:44:22.688+01:00 DEBUG 2504 --- [beauty-center-api] [           main] o.s.security.web.FilterChainProxy        : Secured POST /api/auth/login
2026-02-17T16:44:22.689+01:00  INFO 2504 --- [beauty-center-api] [           main] b.modules.auth.AuthController            : Login request for email: employee@test.com
2026-02-17T16:44:22.689+01:00  INFO 2504 --- [beauty-center-api] [           main] b.modules.auth.service.AuthService       : Login attempt for user: employee@test.com
2026-02-17T16:44:22.689+01:00 DEBUG 2504 --- [beauty-center-api] [           main] b.security.CustomUserDetailsService      : Loading user details for email: employee@test.com
2026-02-17T16:44:22.691+01:00 DEBUG 2504 --- [beauty-center-api] [           main] b.security.CustomUserDetailsService      : Added authority: ROLE_EMPLOYEE
2026-02-17T16:44:22.691+01:00 DEBUG 2504 --- [beauty-center-api] [           main] b.security.CustomUserDetailsService      : User employee@test.com loaded with authorities: [ROLE_EMPLOYEE]
2026-02-17T16:44:22.758+01:00 DEBUG 2504 --- [beauty-center-api] [           main] o.s.s.a.dao.DaoAuthenticationProvider    : Authenticated user
2026-02-17T16:44:22.758+01:00  INFO 2504 --- [beauty-center-api] [           main] b.modules.auth.service.AuthService       : User authenticated successfully: employee@test.com
2026-02-17T16:44:22.758+01:00 DEBUG 2504 --- [beauty-center-api] [           main] beauty_center.security.JwtService        : Generating access token for user: employee@test.com with roles: [ROLE_EMPLOYEE]
2026-02-17T16:44:22.758+01:00 DEBUG 2504 --- [beauty-center-api] [           main] beauty_center.security.JwtService        : Generating refresh token for user: employee@test.com
2026-02-17T16:44:22.758+01:00 DEBUG 2504 --- [beauty-center-api] [           main] b.modules.auth.service.AuthService       : Tokens generated for user: employee@test.com
2026-02-17T16:44:22.758+01:00  INFO 2504 --- [beauty-center-api] [           main] b.modules.auth.AuthController            : User logged in successfully: employee@test.com
2026-02-17T16:44:22.828+01:00 DEBUG 2504 --- [beauty-center-api] [           main] o.s.security.web.FilterChainProxy        : Securing GET /api/admin/employees/03e431fe-849a-4849-bfd2-74319420775f/absences
2026-02-17T16:44:22.828+01:00 DEBUG 2504 --- [beauty-center-api] [           main] beauty_center.security.JwtService        : Token validation successful
2026-02-17T16:44:22.828+01:00 DEBUG 2504 --- [beauty-center-api] [           main] beauty_center.security.JwtAuthFilter     : Authenticated user: admin@test.com with authorities: [ROLE_ADMIN]
2026-02-17T16:44:22.828+01:00 DEBUG 2504 --- [beauty-center-api] [           main] o.s.security.web.FilterChainProxy        : Secured GET /api/admin/employees/03e431fe-849a-4849-bfd2-74319420775f/absences
2026-02-17T16:44:22.828+01:00 DEBUG 2504 --- [beauty-center-api] [           main] horizationManagerBeforeMethodInterceptor : Authorizing method invocation ReflectiveMethodInvocation: public org.springframework.http.ResponseEntity beauty_center.modules.scheduling.controller.AdminEmployeeController.getEmployeeAbsences(java.util.UUID); target is of class [beauty_center.modules.scheduling.controller.AdminEmployeeController]
2026-02-17T16:44:22.828+01:00 DEBUG 2504 --- [beauty-center-api] [           main] horizationManagerBeforeMethodInterceptor : Authorized method invocation ReflectiveMethodInvocation: public org.springframework.http.ResponseEntity beauty_center.modules.scheduling.controller.AdminEmployeeController.getEmployeeAbsences(java.util.UUID); target is of class [beauty_center.modules.scheduling.controller.AdminEmployeeController]
2026-02-17T16:44:22.828+01:00  INFO 2504 --- [beauty-center-api] [           main] b.m.s.c.AdminEmployeeController          : Admin fetching absences for employee: 03e431fe-849a-4849-bfd2-74319420775f
2026-02-17T16:44:22.828+01:00 DEBUG 2504 --- [beauty-center-api] [           main] b.m.scheduling.service.AbsenceService    : Fetching absences for employee: 03e431fe-849a-4849-bfd2-74319420775f
2026-02-17T16:44:22.935+01:00 DEBUG 2504 --- [beauty-center-api] [           main] o.s.security.web.FilterChainProxy        : Securing POST /api/auth/login
2026-02-17T16:44:22.935+01:00 DEBUG 2504 --- [beauty-center-api] [           main] o.s.s.w.a.AnonymousAuthenticationFilter  : Set SecurityContextHolder to anonymous SecurityContext
2026-02-17T16:44:22.936+01:00 DEBUG 2504 --- [beauty-center-api] [           main] o.s.security.web.FilterChainProxy        : Secured POST /api/auth/login
2026-02-17T16:44:22.937+01:00  INFO 2504 --- [beauty-center-api] [           main] b.modules.auth.AuthController            : Login request for email: admin@test.com
2026-02-17T16:44:22.938+01:00  INFO 2504 --- [beauty-center-api] [           main] b.modules.auth.service.AuthService       : Login attempt for user: admin@test.com
2026-02-17T16:44:22.938+01:00 DEBUG 2504 --- [beauty-center-api] [           main] b.security.CustomUserDetailsService      : Loading user details for email: admin@test.com
2026-02-17T16:44:22.940+01:00 DEBUG 2504 --- [beauty-center-api] [           main] b.security.CustomUserDetailsService      : Added authority: ROLE_ADMIN
2026-02-17T16:44:22.940+01:00 DEBUG 2504 --- [beauty-center-api] [           main] b.security.CustomUserDetailsService      : User admin@test.com loaded with authorities: [ROLE_ADMIN]
2026-02-17T16:44:23.041+01:00 DEBUG 2504 --- [beauty-center-api] [           main] o.s.s.a.dao.DaoAuthenticationProvider    : Authenticated user
2026-02-17T16:44:23.041+01:00  INFO 2504 --- [beauty-center-api] [           main] b.modules.auth.service.AuthService       : User authenticated successfully: admin@test.com
2026-02-17T16:44:23.041+01:00 DEBUG 2504 --- [beauty-center-api] [           main] beauty_center.security.JwtService        : Generating access token for user: admin@test.com with roles: [ROLE_ADMIN]
2026-02-17T16:44:23.041+01:00 DEBUG 2504 --- [beauty-center-api] [           main] beauty_center.security.JwtService        : Generating refresh token for user: admin@test.com
2026-02-17T16:44:23.041+01:00 DEBUG 2504 --- [beauty-center-api] [           main] b.modules.auth.service.AuthService       : Tokens generated for user: admin@test.com
2026-02-17T16:44:23.041+01:00  INFO 2504 --- [beauty-center-api] [           main] b.modules.auth.AuthController            : User logged in successfully: admin@test.com
2026-02-17T16:44:23.043+01:00 DEBUG 2504 --- [beauty-center-api] [           main] o.s.security.web.FilterChainProxy        : Securing POST /api/auth/login
2026-02-17T16:44:23.043+01:00 DEBUG 2504 --- [beauty-center-api] [           main] o.s.s.w.a.AnonymousAuthenticationFilter  : Set SecurityContextHolder to anonymous SecurityContext
2026-02-17T16:44:23.044+01:00 DEBUG 2504 --- [beauty-center-api] [           main] o.s.security.web.FilterChainProxy        : Secured POST /api/auth/login
2026-02-17T16:44:23.044+01:00  INFO 2504 --- [beauty-center-api] [           main] b.modules.auth.AuthController            : Login request for email: employee@test.com
2026-02-17T16:44:23.044+01:00  INFO 2504 --- [beauty-center-api] [           main] b.modules.auth.service.AuthService       : Login attempt for user: employee@test.com
2026-02-17T16:44:23.044+01:00 DEBUG 2504 --- [beauty-center-api] [           main] b.security.CustomUserDetailsService      : Loading user details for email: employee@test.com
2026-02-17T16:44:23.048+01:00 DEBUG 2504 --- [beauty-center-api] [           main] b.security.CustomUserDetailsService      : Added authority: ROLE_EMPLOYEE
2026-02-17T16:44:23.048+01:00 DEBUG 2504 --- [beauty-center-api] [           main] b.security.CustomUserDetailsService      : User employee@test.com loaded with authorities: [ROLE_EMPLOYEE]
2026-02-17T16:44:23.124+01:00 DEBUG 2504 --- [beauty-center-api] [           main] o.s.s.a.dao.DaoAuthenticationProvider    : Authenticated user
2026-02-17T16:44:23.124+01:00  INFO 2504 --- [beauty-center-api] [           main] b.modules.auth.service.AuthService       : User authenticated successfully: employee@test.com
2026-02-17T16:44:23.124+01:00 DEBUG 2504 --- [beauty-center-api] [           main] beauty_center.security.JwtService        : Generating access token for user: employee@test.com with roles: [ROLE_EMPLOYEE]
2026-02-17T16:44:23.125+01:00 DEBUG 2504 --- [beauty-center-api] [           main] beauty_center.security.JwtService        : Generating refresh token for user: employee@test.com
2026-02-17T16:44:23.125+01:00 DEBUG 2504 --- [beauty-center-api] [           main] b.modules.auth.service.AuthService       : Tokens generated for user: employee@test.com
2026-02-17T16:44:23.125+01:00  INFO 2504 --- [beauty-center-api] [           main] b.modules.auth.AuthController            : User logged in successfully: employee@test.com
2026-02-17T16:44:23.206+01:00 DEBUG 2504 --- [beauty-center-api] [           main] o.s.security.web.FilterChainProxy        : Securing PUT /api/admin/employees/5e965a17-570f-4bac-89dc-fbb6a397580a
2026-02-17T16:44:23.207+01:00 DEBUG 2504 --- [beauty-center-api] [           main] beauty_center.security.JwtService        : Token validation successful
2026-02-17T16:44:23.207+01:00 DEBUG 2504 --- [beauty-center-api] [           main] beauty_center.security.JwtAuthFilter     : Authenticated user: admin@test.com with authorities: [ROLE_ADMIN]
2026-02-17T16:44:23.207+01:00 DEBUG 2504 --- [beauty-center-api] [           main] o.s.security.web.FilterChainProxy        : Secured PUT /api/admin/employees/5e965a17-570f-4bac-89dc-fbb6a397580a
2026-02-17T16:44:23.208+01:00 DEBUG 2504 --- [beauty-center-api] [           main] horizationManagerBeforeMethodInterceptor : Authorizing method invocation ReflectiveMethodInvocation: public org.springframework.http.ResponseEntity beauty_center.modules.scheduling.controller.AdminEmployeeController.updateEmployee(java.util.UUID,beauty_center.modules.scheduling.dto.EmployeeUpdateRequest); target is of class [beauty_center.modules.scheduling.controller.AdminEmployeeController]
2026-02-17T16:44:23.208+01:00 DEBUG 2504 --- [beauty-center-api] [           main] horizationManagerBeforeMethodInterceptor : Authorized method invocation ReflectiveMethodInvocation: public org.springframework.http.ResponseEntity beauty_center.modules.scheduling.controller.AdminEmployeeController.updateEmployee(java.util.UUID,beauty_center.modules.scheduling.dto.EmployeeUpdateRequest); target is of class [beauty_center.modules.scheduling.controller.AdminEmployeeController]
2026-02-17T16:44:23.208+01:00  INFO 2504 --- [beauty-center-api] [           main] b.m.s.c.AdminEmployeeController          : Admin updating employee: 5e965a17-570f-4bac-89dc-fbb6a397580a
2026-02-17T16:44:23.208+01:00  INFO 2504 --- [beauty-center-api] [           main] b.m.scheduling.service.EmployeeService   : Updating employee: 5e965a17-570f-4bac-89dc-fbb6a397580a
2026-02-17T16:44:23.209+01:00  INFO 2504 --- [beauty-center-api] [           main] b.m.scheduling.service.EmployeeService   : Employee updated successfully: 5e965a17-570f-4bac-89dc-fbb6a397580a
2026-02-17T16:44:23.301+01:00 DEBUG 2504 --- [beauty-center-api] [           main] o.s.security.web.FilterChainProxy        : Securing POST /api/auth/login
2026-02-17T16:44:23.301+01:00 DEBUG 2504 --- [beauty-center-api] [           main] o.s.s.w.a.AnonymousAuthenticationFilter  : Set SecurityContextHolder to anonymous SecurityContext
2026-02-17T16:44:23.302+01:00 DEBUG 2504 --- [beauty-center-api] [           main] o.s.security.web.FilterChainProxy        : Secured POST /api/auth/login
2026-02-17T16:44:23.302+01:00  INFO 2504 --- [beauty-center-api] [           main] b.modules.auth.AuthController            : Login request for email: admin@test.com
2026-02-17T16:44:23.302+01:00  INFO 2504 --- [beauty-center-api] [           main] b.modules.auth.service.AuthService       : Login attempt for user: admin@test.com
2026-02-17T16:44:23.302+01:00 DEBUG 2504 --- [beauty-center-api] [           main] b.security.CustomUserDetailsService      : Loading user details for email: admin@test.com
2026-02-17T16:44:23.304+01:00 DEBUG 2504 --- [beauty-center-api] [           main] b.security.CustomUserDetailsService      : Added authority: ROLE_ADMIN
2026-02-17T16:44:23.304+01:00 DEBUG 2504 --- [beauty-center-api] [           main] b.security.CustomUserDetailsService      : User admin@test.com loaded with authorities: [ROLE_ADMIN]
2026-02-17T16:44:23.370+01:00 DEBUG 2504 --- [beauty-center-api] [           main] o.s.s.a.dao.DaoAuthenticationProvider    : Authenticated user
2026-02-17T16:44:23.370+01:00  INFO 2504 --- [beauty-center-api] [           main] b.modules.auth.service.AuthService       : User authenticated successfully: admin@test.com
2026-02-17T16:44:23.370+01:00 DEBUG 2504 --- [beauty-center-api] [           main] beauty_center.security.JwtService        : Generating access token for user: admin@test.com with roles: [ROLE_ADMIN]
2026-02-17T16:44:23.370+01:00 DEBUG 2504 --- [beauty-center-api] [           main] beauty_center.security.JwtService        : Generating refresh token for user: admin@test.com
2026-02-17T16:44:23.371+01:00 DEBUG 2504 --- [beauty-center-api] [           main] b.modules.auth.service.AuthService       : Tokens generated for user: admin@test.com
2026-02-17T16:44:23.371+01:00  INFO 2504 --- [beauty-center-api] [           main] b.modules.auth.AuthController            : User logged in successfully: admin@test.com
2026-02-17T16:44:23.372+01:00 DEBUG 2504 --- [beauty-center-api] [           main] o.s.security.web.FilterChainProxy        : Securing POST /api/auth/login
2026-02-17T16:44:23.372+01:00 DEBUG 2504 --- [beauty-center-api] [           main] o.s.s.w.a.AnonymousAuthenticationFilter  : Set SecurityContextHolder to anonymous SecurityContext
2026-02-17T16:44:23.373+01:00 DEBUG 2504 --- [beauty-center-api] [           main] o.s.security.web.FilterChainProxy        : Secured POST /api/auth/login
2026-02-17T16:44:23.373+01:00  INFO 2504 --- [beauty-center-api] [           main] b.modules.auth.AuthController            : Login request for email: employee@test.com
2026-02-17T16:44:23.373+01:00  INFO 2504 --- [beauty-center-api] [           main] b.modules.auth.service.AuthService       : Login attempt for user: employee@test.com
2026-02-17T16:44:23.373+01:00 DEBUG 2504 --- [beauty-center-api] [           main] b.security.CustomUserDetailsService      : Loading user details for email: employee@test.com
2026-02-17T16:44:23.374+01:00 DEBUG 2504 --- [beauty-center-api] [           main] b.security.CustomUserDetailsService      : Added authority: ROLE_EMPLOYEE
2026-02-17T16:44:23.374+01:00 DEBUG 2504 --- [beauty-center-api] [           main] b.security.CustomUserDetailsService      : User employee@test.com loaded with authorities: [ROLE_EMPLOYEE]
2026-02-17T16:44:23.441+01:00 DEBUG 2504 --- [beauty-center-api] [           main] o.s.s.a.dao.DaoAuthenticationProvider    : Authenticated user
2026-02-17T16:44:23.441+01:00  INFO 2504 --- [beauty-center-api] [           main] b.modules.auth.service.AuthService       : User authenticated successfully: employee@test.com
2026-02-17T16:44:23.441+01:00 DEBUG 2504 --- [beauty-center-api] [           main] beauty_center.security.JwtService        : Generating access token for user: employee@test.com with roles: [ROLE_EMPLOYEE]
2026-02-17T16:44:23.442+01:00 DEBUG 2504 --- [beauty-center-api] [           main] beauty_center.security.JwtService        : Generating refresh token for user: employee@test.com
2026-02-17T16:44:23.442+01:00 DEBUG 2504 --- [beauty-center-api] [           main] b.modules.auth.service.AuthService       : Tokens generated for user: employee@test.com
2026-02-17T16:44:23.442+01:00  INFO 2504 --- [beauty-center-api] [           main] b.modules.auth.AuthController            : User logged in successfully: employee@test.com
2026-02-17T16:44:23.444+01:00 DEBUG 2504 --- [beauty-center-api] [           main] o.s.security.web.FilterChainProxy        : Securing POST /api/admin/employees
2026-02-17T16:44:23.444+01:00 DEBUG 2504 --- [beauty-center-api] [           main] beauty_center.security.JwtService        : Token validation successful
2026-02-17T16:44:23.444+01:00 DEBUG 2504 --- [beauty-center-api] [           main] beauty_center.security.JwtAuthFilter     : Authenticated user: admin@test.com with authorities: [ROLE_ADMIN]
2026-02-17T16:44:23.445+01:00 DEBUG 2504 --- [beauty-center-api] [           main] o.s.security.web.FilterChainProxy        : Secured POST /api/admin/employees
2026-02-17T16:44:23.446+01:00 DEBUG 2504 --- [beauty-center-api] [           main] horizationManagerBeforeMethodInterceptor : Authorizing method invocation ReflectiveMethodInvocation: public org.springframework.http.ResponseEntity beauty_center.modules.scheduling.controller.AdminEmployeeController.createEmployee(beauty_center.modules.scheduling.dto.EmployeeCreateRequest); target is of class [beauty_center.modules.scheduling.controller.AdminEmployeeController]
2026-02-17T16:44:23.446+01:00 DEBUG 2504 --- [beauty-center-api] [           main] horizationManagerBeforeMethodInterceptor : Authorized method invocation ReflectiveMethodInvocation: public org.springframework.http.ResponseEntity beauty_center.modules.scheduling.controller.AdminEmployeeController.createEmployee(beauty_center.modules.scheduling.dto.EmployeeCreateRequest); target is of class [beauty_center.modules.scheduling.controller.AdminEmployeeController]
2026-02-17T16:44:23.446+01:00  INFO 2504 --- [beauty-center-api] [           main] b.m.s.c.AdminEmployeeController          : Admin creating employee: employee@test.com
2026-02-17T16:44:23.446+01:00  INFO 2504 --- [beauty-center-api] [           main] b.m.scheduling.service.EmployeeService   : Creating new employee: employee@test.com
2026-02-17T16:44:23.448+01:00  WARN 2504 --- [beauty-center-api] [           main] b.common.error.GlobalExceptionHandler    : Invalid argument: Email already exists: employee@test.com
2026-02-17T16:44:23.545+01:00 DEBUG 2504 --- [beauty-center-api] [           main] o.s.security.web.FilterChainProxy        : Securing POST /api/auth/login
2026-02-17T16:44:23.546+01:00 DEBUG 2504 --- [beauty-center-api] [           main] o.s.s.w.a.AnonymousAuthenticationFilter  : Set SecurityContextHolder to anonymous SecurityContext
2026-02-17T16:44:23.546+01:00 DEBUG 2504 --- [beauty-center-api] [           main] o.s.security.web.FilterChainProxy        : Secured POST /api/auth/login
2026-02-17T16:44:23.548+01:00  INFO 2504 --- [beauty-center-api] [           main] b.modules.auth.AuthController            : Login request for email: admin@test.com
2026-02-17T16:44:23.548+01:00  INFO 2504 --- [beauty-center-api] [           main] b.modules.auth.service.AuthService       : Login attempt for user: admin@test.com
2026-02-17T16:44:23.549+01:00 DEBUG 2504 --- [beauty-center-api] [           main] b.security.CustomUserDetailsService      : Loading user details for email: admin@test.com
2026-02-17T16:44:23.552+01:00 DEBUG 2504 --- [beauty-center-api] [           main] b.security.CustomUserDetailsService      : Added authority: ROLE_ADMIN
2026-02-17T16:44:23.552+01:00 DEBUG 2504 --- [beauty-center-api] [           main] b.security.CustomUserDetailsService      : User admin@test.com loaded with authorities: [ROLE_ADMIN]
2026-02-17T16:44:23.632+01:00 DEBUG 2504 --- [beauty-center-api] [           main] o.s.s.a.dao.DaoAuthenticationProvider    : Authenticated user
2026-02-17T16:44:23.632+01:00  INFO 2504 --- [beauty-center-api] [           main] b.modules.auth.service.AuthService       : User authenticated successfully: admin@test.com
2026-02-17T16:44:23.632+01:00 DEBUG 2504 --- [beauty-center-api] [           main] beauty_center.security.JwtService        : Generating access token for user: admin@test.com with roles: [ROLE_ADMIN]
2026-02-17T16:44:23.633+01:00 DEBUG 2504 --- [beauty-center-api] [           main] beauty_center.security.JwtService        : Generating refresh token for user: admin@test.com
2026-02-17T16:44:23.633+01:00 DEBUG 2504 --- [beauty-center-api] [           main] b.modules.auth.service.AuthService       : Tokens generated for user: admin@test.com
2026-02-17T16:44:23.633+01:00  INFO 2504 --- [beauty-center-api] [           main] b.modules.auth.AuthController            : User logged in successfully: admin@test.com
2026-02-17T16:44:23.635+01:00 DEBUG 2504 --- [beauty-center-api] [           main] o.s.security.web.FilterChainProxy        : Securing POST /api/auth/login
2026-02-17T16:44:23.637+01:00 DEBUG 2504 --- [beauty-center-api] [           main] o.s.s.w.a.AnonymousAuthenticationFilter  : Set SecurityContextHolder to anonymous SecurityContext
2026-02-17T16:44:23.638+01:00 DEBUG 2504 --- [beauty-center-api] [           main] o.s.security.web.FilterChainProxy        : Secured POST /api/auth/login
2026-02-17T16:44:23.638+01:00  INFO 2504 --- [beauty-center-api] [           main] b.modules.auth.AuthController            : Login request for email: employee@test.com
2026-02-17T16:44:23.638+01:00  INFO 2504 --- [beauty-center-api] [           main] b.modules.auth.service.AuthService       : Login attempt for user: employee@test.com
2026-02-17T16:44:23.640+01:00 DEBUG 2504 --- [beauty-center-api] [           main] b.security.CustomUserDetailsService      : Loading user details for email: employee@test.com
2026-02-17T16:44:23.640+01:00 DEBUG 2504 --- [beauty-center-api] [           main] b.security.CustomUserDetailsService      : Added authority: ROLE_EMPLOYEE
2026-02-17T16:44:23.640+01:00 DEBUG 2504 --- [beauty-center-api] [           main] b.security.CustomUserDetailsService      : User employee@test.com loaded with authorities: [ROLE_EMPLOYEE]
2026-02-17T16:44:23.709+01:00 DEBUG 2504 --- [beauty-center-api] [           main] o.s.s.a.dao.DaoAuthenticationProvider    : Authenticated user
2026-02-17T16:44:23.709+01:00  INFO 2504 --- [beauty-center-api] [           main] b.modules.auth.service.AuthService       : User authenticated successfully: employee@test.com
2026-02-17T16:44:23.709+01:00 DEBUG 2504 --- [beauty-center-api] [           main] beauty_center.security.JwtService        : Generating access token for user: employee@test.com with roles: [ROLE_EMPLOYEE]
2026-02-17T16:44:23.709+01:00 DEBUG 2504 --- [beauty-center-api] [           main] beauty_center.security.JwtService        : Generating refresh token for user: employee@test.com
2026-02-17T16:44:23.709+01:00 DEBUG 2504 --- [beauty-center-api] [           main] b.modules.auth.service.AuthService       : Tokens generated for user: employee@test.com
2026-02-17T16:44:23.709+01:00  INFO 2504 --- [beauty-center-api] [           main] b.modules.auth.AuthController            : User logged in successfully: employee@test.com
2026-02-17T16:44:23.802+01:00 DEBUG 2504 --- [beauty-center-api] [           main] o.s.security.web.FilterChainProxy        : Securing PUT /api/admin/employees/06119245-7c8b-4749-9477-f0ded56d36b6/working-times
2026-02-17T16:44:23.802+01:00 DEBUG 2504 --- [beauty-center-api] [           main] beauty_center.security.JwtService        : Token validation successful
2026-02-17T16:44:23.802+01:00 DEBUG 2504 --- [beauty-center-api] [           main] beauty_center.security.JwtAuthFilter     : Authenticated user: admin@test.com with authorities: [ROLE_ADMIN]
2026-02-17T16:44:23.806+01:00 DEBUG 2504 --- [beauty-center-api] [           main] o.s.security.web.FilterChainProxy        : Secured PUT /api/admin/employees/06119245-7c8b-4749-9477-f0ded56d36b6/working-times
2026-02-17T16:44:23.875+01:00 DEBUG 2504 --- [beauty-center-api] [           main] horizationManagerBeforeMethodInterceptor : Authorizing method invocation ReflectiveMethodInvocation: public org.springframework.http.ResponseEntity beauty_center.modules.scheduling.controller.AdminEmployeeController.replaceEmployeeWorkingTimes(java.util.UUID,java.util.List); target is of class [beauty_center.modules.scheduling.controller.AdminEmployeeController]
2026-02-17T16:44:23.877+01:00 DEBUG 2504 --- [beauty-center-api] [           main] horizationManagerBeforeMethodInterceptor : Authorized method invocation ReflectiveMethodInvocation: public org.springframework.http.ResponseEntity beauty_center.modules.scheduling.controller.AdminEmployeeController.replaceEmployeeWorkingTimes(java.util.UUID,java.util.List); target is of class [beauty_center.modules.scheduling.controller.AdminEmployeeController]
2026-02-17T16:44:23.877+01:00  INFO 2504 --- [beauty-center-api] [           main] b.m.s.c.AdminEmployeeController          : Admin replacing working times for employee: 06119245-7c8b-4749-9477-f0ded56d36b6 (2 slots)
2026-02-17T16:44:23.878+01:00  INFO 2504 --- [beauty-center-api] [           main] b.m.s.service.WorkingTimeSlotService     : Replacing working time slots for employee: 06119245-7c8b-4749-9477-f0ded56d36b6
2026-02-17T16:44:23.885+01:00 DEBUG 2504 --- [beauty-center-api] [           main] b.m.s.service.WorkingTimeSlotService     : Deleted existing working time slots for employee: 06119245-7c8b-4749-9477-f0ded56d36b6
2026-02-17T16:44:23.889+01:00  INFO 2504 --- [beauty-center-api] [           main] b.m.s.service.WorkingTimeSlotService     : Created 2 new working time slots for employee: 06119245-7c8b-4749-9477-f0ded56d36b6
2026-02-17T16:44:24.045+01:00 DEBUG 2504 --- [beauty-center-api] [           main] o.s.security.web.FilterChainProxy        : Securing POST /api/auth/login
2026-02-17T16:44:24.046+01:00 DEBUG 2504 --- [beauty-center-api] [           main] o.s.s.w.a.AnonymousAuthenticationFilter  : Set SecurityContextHolder to anonymous SecurityContext
2026-02-17T16:44:24.047+01:00 DEBUG 2504 --- [beauty-center-api] [           main] o.s.security.web.FilterChainProxy        : Secured POST /api/auth/login
2026-02-17T16:44:24.049+01:00  INFO 2504 --- [beauty-center-api] [           main] b.modules.auth.AuthController            : Login request for email: admin@test.com
2026-02-17T16:44:24.049+01:00  INFO 2504 --- [beauty-center-api] [           main] b.modules.auth.service.AuthService       : Login attempt for user: admin@test.com
2026-02-17T16:44:24.049+01:00 DEBUG 2504 --- [beauty-center-api] [           main] b.security.CustomUserDetailsService      : Loading user details for email: admin@test.com
2026-02-17T16:44:24.053+01:00 DEBUG 2504 --- [beauty-center-api] [           main] b.security.CustomUserDetailsService      : Added authority: ROLE_ADMIN
2026-02-17T16:44:24.054+01:00 DEBUG 2504 --- [beauty-center-api] [           main] b.security.CustomUserDetailsService      : User admin@test.com loaded with authorities: [ROLE_ADMIN]
2026-02-17T16:44:24.141+01:00 DEBUG 2504 --- [beauty-center-api] [           main] o.s.s.a.dao.DaoAuthenticationProvider    : Authenticated user
2026-02-17T16:44:24.141+01:00  INFO 2504 --- [beauty-center-api] [           main] b.modules.auth.service.AuthService       : User authenticated successfully: admin@test.com
2026-02-17T16:44:24.141+01:00 DEBUG 2504 --- [beauty-center-api] [           main] beauty_center.security.JwtService        : Generating access token for user: admin@test.com with roles: [ROLE_ADMIN]
2026-02-17T16:44:24.141+01:00 DEBUG 2504 --- [beauty-center-api] [           main] beauty_center.security.JwtService        : Generating refresh token for user: admin@test.com
2026-02-17T16:44:24.141+01:00 DEBUG 2504 --- [beauty-center-api] [           main] b.modules.auth.service.AuthService       : Tokens generated for user: admin@test.com
2026-02-17T16:44:24.141+01:00  INFO 2504 --- [beauty-center-api] [           main] b.modules.auth.AuthController            : User logged in successfully: admin@test.com
2026-02-17T16:44:24.145+01:00 DEBUG 2504 --- [beauty-center-api] [           main] o.s.security.web.FilterChainProxy        : Securing POST /api/auth/login
2026-02-17T16:44:24.148+01:00 DEBUG 2504 --- [beauty-center-api] [           main] o.s.s.w.a.AnonymousAuthenticationFilter  : Set SecurityContextHolder to anonymous SecurityContext
2026-02-17T16:44:24.149+01:00 DEBUG 2504 --- [beauty-center-api] [           main] o.s.security.web.FilterChainProxy        : Secured POST /api/auth/login
2026-02-17T16:44:24.149+01:00  INFO 2504 --- [beauty-center-api] [           main] b.modules.auth.AuthController            : Login request for email: employee@test.com
2026-02-17T16:44:24.149+01:00  INFO 2504 --- [beauty-center-api] [           main] b.modules.auth.service.AuthService       : Login attempt for user: employee@test.com
2026-02-17T16:44:24.149+01:00 DEBUG 2504 --- [beauty-center-api] [           main] b.security.CustomUserDetailsService      : Loading user details for email: employee@test.com
2026-02-17T16:44:24.151+01:00 DEBUG 2504 --- [beauty-center-api] [           main] b.security.CustomUserDetailsService      : Added authority: ROLE_EMPLOYEE
2026-02-17T16:44:24.151+01:00 DEBUG 2504 --- [beauty-center-api] [           main] b.security.CustomUserDetailsService      : User employee@test.com loaded with authorities: [ROLE_EMPLOYEE]
2026-02-17T16:44:24.258+01:00 DEBUG 2504 --- [beauty-center-api] [           main] o.s.s.a.dao.DaoAuthenticationProvider    : Authenticated user
2026-02-17T16:44:24.258+01:00  INFO 2504 --- [beauty-center-api] [           main] b.modules.auth.service.AuthService       : User authenticated successfully: employee@test.com
2026-02-17T16:44:24.258+01:00 DEBUG 2504 --- [beauty-center-api] [           main] beauty_center.security.JwtService        : Generating access token for user: employee@test.com with roles: [ROLE_EMPLOYEE]
2026-02-17T16:44:24.258+01:00 DEBUG 2504 --- [beauty-center-api] [           main] beauty_center.security.JwtService        : Generating refresh token for user: employee@test.com
2026-02-17T16:44:24.258+01:00 DEBUG 2504 --- [beauty-center-api] [           main] b.modules.auth.service.AuthService       : Tokens generated for user: employee@test.com
2026-02-17T16:44:24.258+01:00  INFO 2504 --- [beauty-center-api] [           main] b.modules.auth.AuthController            : User logged in successfully: employee@test.com
2026-02-17T16:44:24.261+01:00 DEBUG 2504 --- [beauty-center-api] [           main] o.s.security.web.FilterChainProxy        : Securing GET /api/admin/employees
2026-02-17T16:44:24.261+01:00 DEBUG 2504 --- [beauty-center-api] [           main] beauty_center.security.JwtService        : Token validation successful
2026-02-17T16:44:24.261+01:00 DEBUG 2504 --- [beauty-center-api] [           main] beauty_center.security.JwtAuthFilter     : Authenticated user: admin@test.com with authorities: [ROLE_ADMIN]
2026-02-17T16:44:24.261+01:00 DEBUG 2504 --- [beauty-center-api] [           main] o.s.security.web.FilterChainProxy        : Secured GET /api/admin/employees
2026-02-17T16:44:24.261+01:00 DEBUG 2504 --- [beauty-center-api] [           main] horizationManagerBeforeMethodInterceptor : Authorizing method invocation ReflectiveMethodInvocation: public org.springframework.http.ResponseEntity beauty_center.modules.scheduling.controller.AdminEmployeeController.getAllEmployees(java.lang.Boolean); target is of class [beauty_center.modules.scheduling.controller.AdminEmployeeController]
2026-02-17T16:44:24.261+01:00 DEBUG 2504 --- [beauty-center-api] [           main] horizationManagerBeforeMethodInterceptor : Authorized method invocation ReflectiveMethodInvocation: public org.springframework.http.ResponseEntity beauty_center.modules.scheduling.controller.AdminEmployeeController.getAllEmployees(java.lang.Boolean); target is of class [beauty_center.modules.scheduling.controller.AdminEmployeeController]
2026-02-17T16:44:24.261+01:00  INFO 2504 --- [beauty-center-api] [           main] b.m.s.c.AdminEmployeeController          : Admin fetching employees (isActive: null)
2026-02-17T16:44:24.377+01:00 DEBUG 2504 --- [beauty-center-api] [           main] o.s.security.web.FilterChainProxy        : Securing POST /api/auth/login
2026-02-17T16:44:24.377+01:00 DEBUG 2504 --- [beauty-center-api] [           main] o.s.s.w.a.AnonymousAuthenticationFilter  : Set SecurityContextHolder to anonymous SecurityContext
2026-02-17T16:44:24.377+01:00 DEBUG 2504 --- [beauty-center-api] [           main] o.s.security.web.FilterChainProxy        : Secured POST /api/auth/login
2026-02-17T16:44:24.378+01:00  INFO 2504 --- [beauty-center-api] [           main] b.modules.auth.AuthController            : Login request for email: admin@test.com
2026-02-17T16:44:24.378+01:00  INFO 2504 --- [beauty-center-api] [           main] b.modules.auth.service.AuthService       : Login attempt for user: admin@test.com
2026-02-17T16:44:24.378+01:00 DEBUG 2504 --- [beauty-center-api] [           main] b.security.CustomUserDetailsService      : Loading user details for email: admin@test.com
2026-02-17T16:44:24.384+01:00 DEBUG 2504 --- [beauty-center-api] [           main] b.security.CustomUserDetailsService      : Added authority: ROLE_ADMIN
2026-02-17T16:44:24.384+01:00 DEBUG 2504 --- [beauty-center-api] [           main] b.security.CustomUserDetailsService      : User admin@test.com loaded with authorities: [ROLE_ADMIN]
2026-02-17T16:44:24.469+01:00 DEBUG 2504 --- [beauty-center-api] [           main] o.s.s.a.dao.DaoAuthenticationProvider    : Authenticated user
2026-02-17T16:44:24.469+01:00  INFO 2504 --- [beauty-center-api] [           main] b.modules.auth.service.AuthService       : User authenticated successfully: admin@test.com
2026-02-17T16:44:24.469+01:00 DEBUG 2504 --- [beauty-center-api] [           main] beauty_center.security.JwtService        : Generating access token for user: admin@test.com with roles: [ROLE_ADMIN]
2026-02-17T16:44:24.469+01:00 DEBUG 2504 --- [beauty-center-api] [           main] beauty_center.security.JwtService        : Generating refresh token for user: admin@test.com
2026-02-17T16:44:24.469+01:00 DEBUG 2504 --- [beauty-center-api] [           main] b.modules.auth.service.AuthService       : Tokens generated for user: admin@test.com
2026-02-17T16:44:24.469+01:00  INFO 2504 --- [beauty-center-api] [           main] b.modules.auth.AuthController            : User logged in successfully: admin@test.com
2026-02-17T16:44:24.471+01:00 DEBUG 2504 --- [beauty-center-api] [           main] o.s.security.web.FilterChainProxy        : Securing POST /api/auth/login
2026-02-17T16:44:24.471+01:00 DEBUG 2504 --- [beauty-center-api] [           main] o.s.s.w.a.AnonymousAuthenticationFilter  : Set SecurityContextHolder to anonymous SecurityContext
2026-02-17T16:44:24.471+01:00 DEBUG 2504 --- [beauty-center-api] [           main] o.s.security.web.FilterChainProxy        : Secured POST /api/auth/login
2026-02-17T16:44:24.472+01:00  INFO 2504 --- [beauty-center-api] [           main] b.modules.auth.AuthController            : Login request for email: employee@test.com
2026-02-17T16:44:24.472+01:00  INFO 2504 --- [beauty-center-api] [           main] b.modules.auth.service.AuthService       : Login attempt for user: employee@test.com
2026-02-17T16:44:24.472+01:00 DEBUG 2504 --- [beauty-center-api] [           main] b.security.CustomUserDetailsService      : Loading user details for email: employee@test.com
2026-02-17T16:44:24.474+01:00 DEBUG 2504 --- [beauty-center-api] [           main] b.security.CustomUserDetailsService      : Added authority: ROLE_EMPLOYEE
2026-02-17T16:44:24.475+01:00 DEBUG 2504 --- [beauty-center-api] [           main] b.security.CustomUserDetailsService      : User employee@test.com loaded with authorities: [ROLE_EMPLOYEE]
2026-02-17T16:44:24.551+01:00 DEBUG 2504 --- [beauty-center-api] [           main] o.s.s.a.dao.DaoAuthenticationProvider    : Authenticated user
2026-02-17T16:44:24.551+01:00  INFO 2504 --- [beauty-center-api] [           main] b.modules.auth.service.AuthService       : User authenticated successfully: employee@test.com
2026-02-17T16:44:24.551+01:00 DEBUG 2504 --- [beauty-center-api] [           main] beauty_center.security.JwtService        : Generating access token for user: employee@test.com with roles: [ROLE_EMPLOYEE]
2026-02-17T16:44:24.551+01:00 DEBUG 2504 --- [beauty-center-api] [           main] beauty_center.security.JwtService        : Generating refresh token for user: employee@test.com
2026-02-17T16:44:24.551+01:00 DEBUG 2504 --- [beauty-center-api] [           main] b.modules.auth.service.AuthService       : Tokens generated for user: employee@test.com
2026-02-17T16:44:24.551+01:00  INFO 2504 --- [beauty-center-api] [           main] b.modules.auth.AuthController            : User logged in successfully: employee@test.com
2026-02-17T16:44:24.632+01:00 DEBUG 2504 --- [beauty-center-api] [           main] o.s.security.web.FilterChainProxy        : Securing GET /api/admin/employees/49cd3876-3c22-46a8-a0c6-ca21163ea18a/working-times
2026-02-17T16:44:24.632+01:00 DEBUG 2504 --- [beauty-center-api] [           main] beauty_center.security.JwtService        : Token validation successful
2026-02-17T16:44:24.633+01:00 DEBUG 2504 --- [beauty-center-api] [           main] beauty_center.security.JwtAuthFilter     : Authenticated user: admin@test.com with authorities: [ROLE_ADMIN]
2026-02-17T16:44:24.633+01:00 DEBUG 2504 --- [beauty-center-api] [           main] o.s.security.web.FilterChainProxy        : Secured GET /api/admin/employees/49cd3876-3c22-46a8-a0c6-ca21163ea18a/working-times
2026-02-17T16:44:24.633+01:00 DEBUG 2504 --- [beauty-center-api] [           main] horizationManagerBeforeMethodInterceptor : Authorizing method invocation ReflectiveMethodInvocation: public org.springframework.http.ResponseEntity beauty_center.modules.scheduling.controller.AdminEmployeeController.getEmployeeWorkingTimes(java.util.UUID); target is of class [beauty_center.modules.scheduling.controller.AdminEmployeeController]
2026-02-17T16:44:24.635+01:00 DEBUG 2504 --- [beauty-center-api] [           main] horizationManagerBeforeMethodInterceptor : Authorized method invocation ReflectiveMethodInvocation: public org.springframework.http.ResponseEntity beauty_center.modules.scheduling.controller.AdminEmployeeController.getEmployeeWorkingTimes(java.util.UUID); target is of class [beauty_center.modules.scheduling.controller.AdminEmployeeController]
2026-02-17T16:44:24.635+01:00  INFO 2504 --- [beauty-center-api] [           main] b.m.s.c.AdminEmployeeController          : Admin fetching working times for employee: 49cd3876-3c22-46a8-a0c6-ca21163ea18a
2026-02-17T16:44:24.635+01:00 DEBUG 2504 --- [beauty-center-api] [           main] b.m.s.service.WorkingTimeSlotService     : Fetching working time slots for employee: 49cd3876-3c22-46a8-a0c6-ca21163ea18a
2026-02-17T16:44:24.769+01:00 DEBUG 2504 --- [beauty-center-api] [           main] o.s.security.web.FilterChainProxy        : Securing POST /api/auth/login
2026-02-17T16:44:24.771+01:00 DEBUG 2504 --- [beauty-center-api] [           main] o.s.s.w.a.AnonymousAuthenticationFilter  : Set SecurityContextHolder to anonymous SecurityContext
2026-02-17T16:44:24.771+01:00 DEBUG 2504 --- [beauty-center-api] [           main] o.s.security.web.FilterChainProxy        : Secured POST /api/auth/login
2026-02-17T16:44:24.773+01:00  INFO 2504 --- [beauty-center-api] [           main] b.modules.auth.AuthController            : Login request for email: admin@test.com
2026-02-17T16:44:24.773+01:00  INFO 2504 --- [beauty-center-api] [           main] b.modules.auth.service.AuthService       : Login attempt for user: admin@test.com
2026-02-17T16:44:24.775+01:00 DEBUG 2504 --- [beauty-center-api] [           main] b.security.CustomUserDetailsService      : Loading user details for email: admin@test.com
2026-02-17T16:44:24.778+01:00 DEBUG 2504 --- [beauty-center-api] [           main] b.security.CustomUserDetailsService      : Added authority: ROLE_ADMIN
2026-02-17T16:44:24.778+01:00 DEBUG 2504 --- [beauty-center-api] [           main] b.security.CustomUserDetailsService      : User admin@test.com loaded with authorities: [ROLE_ADMIN]
2026-02-17T16:44:24.871+01:00 DEBUG 2504 --- [beauty-center-api] [           main] o.s.s.a.dao.DaoAuthenticationProvider    : Authenticated user
2026-02-17T16:44:24.871+01:00  INFO 2504 --- [beauty-center-api] [           main] b.modules.auth.service.AuthService       : User authenticated successfully: admin@test.com
2026-02-17T16:44:24.871+01:00 DEBUG 2504 --- [beauty-center-api] [           main] beauty_center.security.JwtService        : Generating access token for user: admin@test.com with roles: [ROLE_ADMIN]
2026-02-17T16:44:24.875+01:00 DEBUG 2504 --- [beauty-center-api] [           main] beauty_center.security.JwtService        : Generating refresh token for user: admin@test.com
2026-02-17T16:44:24.875+01:00 DEBUG 2504 --- [beauty-center-api] [           main] b.modules.auth.service.AuthService       : Tokens generated for user: admin@test.com
2026-02-17T16:44:24.875+01:00  INFO 2504 --- [beauty-center-api] [           main] b.modules.auth.AuthController            : User logged in successfully: admin@test.com
2026-02-17T16:44:24.880+01:00 DEBUG 2504 --- [beauty-center-api] [           main] o.s.security.web.FilterChainProxy        : Securing POST /api/auth/login
2026-02-17T16:44:24.880+01:00 DEBUG 2504 --- [beauty-center-api] [           main] o.s.s.w.a.AnonymousAuthenticationFilter  : Set SecurityContextHolder to anonymous SecurityContext
2026-02-17T16:44:24.881+01:00 DEBUG 2504 --- [beauty-center-api] [           main] o.s.security.web.FilterChainProxy        : Secured POST /api/auth/login
2026-02-17T16:44:24.882+01:00  INFO 2504 --- [beauty-center-api] [           main] b.modules.auth.AuthController            : Login request for email: employee@test.com
2026-02-17T16:44:24.882+01:00  INFO 2504 --- [beauty-center-api] [           main] b.modules.auth.service.AuthService       : Login attempt for user: employee@test.com
2026-02-17T16:44:24.882+01:00 DEBUG 2504 --- [beauty-center-api] [           main] b.security.CustomUserDetailsService      : Loading user details for email: employee@test.com
2026-02-17T16:44:24.887+01:00 DEBUG 2504 --- [beauty-center-api] [           main] b.security.CustomUserDetailsService      : Added authority: ROLE_EMPLOYEE
2026-02-17T16:44:24.888+01:00 DEBUG 2504 --- [beauty-center-api] [           main] b.security.CustomUserDetailsService      : User employee@test.com loaded with authorities: [ROLE_EMPLOYEE]
2026-02-17T16:44:24.960+01:00 DEBUG 2504 --- [beauty-center-api] [           main] o.s.s.a.dao.DaoAuthenticationProvider    : Authenticated user
2026-02-17T16:44:24.960+01:00  INFO 2504 --- [beauty-center-api] [           main] b.modules.auth.service.AuthService       : User authenticated successfully: employee@test.com
2026-02-17T16:44:24.960+01:00 DEBUG 2504 --- [beauty-center-api] [           main] beauty_center.security.JwtService        : Generating access token for user: employee@test.com with roles: [ROLE_EMPLOYEE]
2026-02-17T16:44:24.960+01:00 DEBUG 2504 --- [beauty-center-api] [           main] beauty_center.security.JwtService        : Generating refresh token for user: employee@test.com
2026-02-17T16:44:24.960+01:00 DEBUG 2504 --- [beauty-center-api] [           main] b.modules.auth.service.AuthService       : Tokens generated for user: employee@test.com
2026-02-17T16:44:24.960+01:00  INFO 2504 --- [beauty-center-api] [           main] b.modules.auth.AuthController            : User logged in successfully: employee@test.com
2026-02-17T16:44:25.038+01:00 DEBUG 2504 --- [beauty-center-api] [           main] o.s.security.web.FilterChainProxy        : Securing PUT /api/admin/employees/59d5726a-d2e8-4ea9-884d-9ee5b49ccc07/working-times
2026-02-17T16:44:25.038+01:00 DEBUG 2504 --- [beauty-center-api] [           main] beauty_center.security.JwtService        : Token validation successful
2026-02-17T16:44:25.038+01:00 DEBUG 2504 --- [beauty-center-api] [           main] beauty_center.security.JwtAuthFilter     : Authenticated user: admin@test.com with authorities: [ROLE_ADMIN]
2026-02-17T16:44:25.038+01:00 DEBUG 2504 --- [beauty-center-api] [           main] o.s.security.web.FilterChainProxy        : Secured PUT /api/admin/employees/59d5726a-d2e8-4ea9-884d-9ee5b49ccc07/working-times
2026-02-17T16:44:25.043+01:00 DEBUG 2504 --- [beauty-center-api] [           main] horizationManagerBeforeMethodInterceptor : Authorizing method invocation ReflectiveMethodInvocation: public org.springframework.http.ResponseEntity beauty_center.modules.scheduling.controller.AdminEmployeeController.replaceEmployeeWorkingTimes(java.util.UUID,java.util.List); target is of class [beauty_center.modules.scheduling.controller.AdminEmployeeController]
2026-02-17T16:44:25.043+01:00 DEBUG 2504 --- [beauty-center-api] [           main] horizationManagerBeforeMethodInterceptor : Authorized method invocation ReflectiveMethodInvocation: public org.springframework.http.ResponseEntity beauty_center.modules.scheduling.controller.AdminEmployeeController.replaceEmployeeWorkingTimes(java.util.UUID,java.util.List); target is of class [beauty_center.modules.scheduling.controller.AdminEmployeeController]
2026-02-17T16:44:25.043+01:00  INFO 2504 --- [beauty-center-api] [           main] b.m.s.c.AdminEmployeeController          : Admin replacing working times for employee: 59d5726a-d2e8-4ea9-884d-9ee5b49ccc07 (1 slots)
2026-02-17T16:44:25.043+01:00  INFO 2504 --- [beauty-center-api] [           main] b.m.s.service.WorkingTimeSlotService     : Replacing working time slots for employee: 59d5726a-d2e8-4ea9-884d-9ee5b49ccc07
2026-02-17T16:44:25.043+01:00  WARN 2504 --- [beauty-center-api] [           main] b.common.error.GlobalExceptionHandler    : Invalid argument: End time (09:00) must be after start time (17:00) for MON
2026-02-17T16:44:25.136+01:00 DEBUG 2504 --- [beauty-center-api] [           main] o.s.security.web.FilterChainProxy        : Securing POST /api/auth/login
2026-02-17T16:44:25.136+01:00 DEBUG 2504 --- [beauty-center-api] [           main] o.s.s.w.a.AnonymousAuthenticationFilter  : Set SecurityContextHolder to anonymous SecurityContext
2026-02-17T16:44:25.137+01:00 DEBUG 2504 --- [beauty-center-api] [           main] o.s.security.web.FilterChainProxy        : Secured POST /api/auth/login
2026-02-17T16:44:25.138+01:00  INFO 2504 --- [beauty-center-api] [           main] b.modules.auth.AuthController            : Login request for email: admin@test.com
2026-02-17T16:44:25.138+01:00  INFO 2504 --- [beauty-center-api] [           main] b.modules.auth.service.AuthService       : Login attempt for user: admin@test.com
2026-02-17T16:44:25.138+01:00 DEBUG 2504 --- [beauty-center-api] [           main] b.security.CustomUserDetailsService      : Loading user details for email: admin@test.com
2026-02-17T16:44:25.140+01:00 DEBUG 2504 --- [beauty-center-api] [           main] b.security.CustomUserDetailsService      : Added authority: ROLE_ADMIN
2026-02-17T16:44:25.140+01:00 DEBUG 2504 --- [beauty-center-api] [           main] b.security.CustomUserDetailsService      : User admin@test.com loaded with authorities: [ROLE_ADMIN]
2026-02-17T16:44:25.210+01:00 DEBUG 2504 --- [beauty-center-api] [           main] o.s.s.a.dao.DaoAuthenticationProvider    : Authenticated user
2026-02-17T16:44:25.210+01:00  INFO 2504 --- [beauty-center-api] [           main] b.modules.auth.service.AuthService       : User authenticated successfully: admin@test.com
2026-02-17T16:44:25.210+01:00 DEBUG 2504 --- [beauty-center-api] [           main] beauty_center.security.JwtService        : Generating access token for user: admin@test.com with roles: [ROLE_ADMIN]
2026-02-17T16:44:25.210+01:00 DEBUG 2504 --- [beauty-center-api] [           main] beauty_center.security.JwtService        : Generating refresh token for user: admin@test.com
2026-02-17T16:44:25.218+01:00 DEBUG 2504 --- [beauty-center-api] [           main] b.modules.auth.service.AuthService       : Tokens generated for user: admin@test.com
2026-02-17T16:44:25.218+01:00  INFO 2504 --- [beauty-center-api] [           main] b.modules.auth.AuthController            : User logged in successfully: admin@test.com
2026-02-17T16:44:25.220+01:00 DEBUG 2504 --- [beauty-center-api] [           main] o.s.security.web.FilterChainProxy        : Securing POST /api/auth/login
2026-02-17T16:44:25.221+01:00 DEBUG 2504 --- [beauty-center-api] [           main] o.s.s.w.a.AnonymousAuthenticationFilter  : Set SecurityContextHolder to anonymous SecurityContext
2026-02-17T16:44:25.222+01:00 DEBUG 2504 --- [beauty-center-api] [           main] o.s.security.web.FilterChainProxy        : Secured POST /api/auth/login
2026-02-17T16:44:25.224+01:00  INFO 2504 --- [beauty-center-api] [           main] b.modules.auth.AuthController            : Login request for email: employee@test.com
2026-02-17T16:44:25.224+01:00  INFO 2504 --- [beauty-center-api] [           main] b.modules.auth.service.AuthService       : Login attempt for user: employee@test.com
2026-02-17T16:44:25.224+01:00 DEBUG 2504 --- [beauty-center-api] [           main] b.security.CustomUserDetailsService      : Loading user details for email: employee@test.com
2026-02-17T16:44:25.224+01:00 DEBUG 2504 --- [beauty-center-api] [           main] b.security.CustomUserDetailsService      : Added authority: ROLE_EMPLOYEE
2026-02-17T16:44:25.224+01:00 DEBUG 2504 --- [beauty-center-api] [           main] b.security.CustomUserDetailsService      : User employee@test.com loaded with authorities: [ROLE_EMPLOYEE]
2026-02-17T16:44:25.301+01:00 DEBUG 2504 --- [beauty-center-api] [           main] o.s.s.a.dao.DaoAuthenticationProvider    : Authenticated user
2026-02-17T16:44:25.301+01:00  INFO 2504 --- [beauty-center-api] [           main] b.modules.auth.service.AuthService       : User authenticated successfully: employee@test.com
2026-02-17T16:44:25.301+01:00 DEBUG 2504 --- [beauty-center-api] [           main] beauty_center.security.JwtService        : Generating access token for user: employee@test.com with roles: [ROLE_EMPLOYEE]
2026-02-17T16:44:25.302+01:00 DEBUG 2504 --- [beauty-center-api] [           main] beauty_center.security.JwtService        : Generating refresh token for user: employee@test.com
2026-02-17T16:44:25.302+01:00 DEBUG 2504 --- [beauty-center-api] [           main] b.modules.auth.service.AuthService       : Tokens generated for user: employee@test.com
2026-02-17T16:44:25.302+01:00  INFO 2504 --- [beauty-center-api] [           main] b.modules.auth.AuthController            : User logged in successfully: employee@test.com
2026-02-17T16:44:25.303+01:00 DEBUG 2504 --- [beauty-center-api] [           main] o.s.security.web.FilterChainProxy        : Securing POST /api/admin/employees
2026-02-17T16:44:25.306+01:00 DEBUG 2504 --- [beauty-center-api] [           main] beauty_center.security.JwtService        : Token validation successful
2026-02-17T16:44:25.306+01:00 DEBUG 2504 --- [beauty-center-api] [           main] beauty_center.security.JwtAuthFilter     : Authenticated user: admin@test.com with authorities: [ROLE_ADMIN]
2026-02-17T16:44:25.306+01:00 DEBUG 2504 --- [beauty-center-api] [           main] o.s.security.web.FilterChainProxy        : Secured POST /api/admin/employees
2026-02-17T16:44:25.412+01:00 DEBUG 2504 --- [beauty-center-api] [           main] o.s.security.web.FilterChainProxy        : Securing POST /api/auth/login
2026-02-17T16:44:25.412+01:00 DEBUG 2504 --- [beauty-center-api] [           main] o.s.s.w.a.AnonymousAuthenticationFilter  : Set SecurityContextHolder to anonymous SecurityContext
2026-02-17T16:44:25.414+01:00 DEBUG 2504 --- [beauty-center-api] [           main] o.s.security.web.FilterChainProxy        : Secured POST /api/auth/login
2026-02-17T16:44:25.414+01:00  INFO 2504 --- [beauty-center-api] [           main] b.modules.auth.AuthController            : Login request for email: admin@test.com
2026-02-17T16:44:25.414+01:00  INFO 2504 --- [beauty-center-api] [           main] b.modules.auth.service.AuthService       : Login attempt for user: admin@test.com
2026-02-17T16:44:25.414+01:00 DEBUG 2504 --- [beauty-center-api] [           main] b.security.CustomUserDetailsService      : Loading user details for email: admin@test.com
2026-02-17T16:44:25.417+01:00 DEBUG 2504 --- [beauty-center-api] [           main] b.security.CustomUserDetailsService      : Added authority: ROLE_ADMIN
2026-02-17T16:44:25.417+01:00 DEBUG 2504 --- [beauty-center-api] [           main] b.security.CustomUserDetailsService      : User admin@test.com loaded with authorities: [ROLE_ADMIN]
2026-02-17T16:44:25.491+01:00 DEBUG 2504 --- [beauty-center-api] [           main] o.s.s.a.dao.DaoAuthenticationProvider    : Authenticated user
2026-02-17T16:44:25.491+01:00  INFO 2504 --- [beauty-center-api] [           main] b.modules.auth.service.AuthService       : User authenticated successfully: admin@test.com
2026-02-17T16:44:25.491+01:00 DEBUG 2504 --- [beauty-center-api] [           main] beauty_center.security.JwtService        : Generating access token for user: admin@test.com with roles: [ROLE_ADMIN]
2026-02-17T16:44:25.491+01:00 DEBUG 2504 --- [beauty-center-api] [           main] beauty_center.security.JwtService        : Generating refresh token for user: admin@test.com
2026-02-17T16:44:25.491+01:00 DEBUG 2504 --- [beauty-center-api] [           main] b.modules.auth.service.AuthService       : Tokens generated for user: admin@test.com
2026-02-17T16:44:25.491+01:00  INFO 2504 --- [beauty-center-api] [           main] b.modules.auth.AuthController            : User logged in successfully: admin@test.com
2026-02-17T16:44:25.493+01:00 DEBUG 2504 --- [beauty-center-api] [           main] o.s.security.web.FilterChainProxy        : Securing POST /api/auth/login
2026-02-17T16:44:25.493+01:00 DEBUG 2504 --- [beauty-center-api] [           main] o.s.s.w.a.AnonymousAuthenticationFilter  : Set SecurityContextHolder to anonymous SecurityContext
2026-02-17T16:44:25.495+01:00 DEBUG 2504 --- [beauty-center-api] [           main] o.s.security.web.FilterChainProxy        : Secured POST /api/auth/login
2026-02-17T16:44:25.496+01:00  INFO 2504 --- [beauty-center-api] [           main] b.modules.auth.AuthController            : Login request for email: employee@test.com
2026-02-17T16:44:25.496+01:00  INFO 2504 --- [beauty-center-api] [           main] b.modules.auth.service.AuthService       : Login attempt for user: employee@test.com
2026-02-17T16:44:25.496+01:00 DEBUG 2504 --- [beauty-center-api] [           main] b.security.CustomUserDetailsService      : Loading user details for email: employee@test.com
2026-02-17T16:44:25.498+01:00 DEBUG 2504 --- [beauty-center-api] [           main] b.security.CustomUserDetailsService      : Added authority: ROLE_EMPLOYEE
2026-02-17T16:44:25.498+01:00 DEBUG 2504 --- [beauty-center-api] [           main] b.security.CustomUserDetailsService      : User employee@test.com loaded with authorities: [ROLE_EMPLOYEE]
2026-02-17T16:44:25.574+01:00 DEBUG 2504 --- [beauty-center-api] [           main] o.s.s.a.dao.DaoAuthenticationProvider    : Authenticated user
2026-02-17T16:44:25.574+01:00  INFO 2504 --- [beauty-center-api] [           main] b.modules.auth.service.AuthService       : User authenticated successfully: employee@test.com
2026-02-17T16:44:25.574+01:00 DEBUG 2504 --- [beauty-center-api] [           main] beauty_center.security.JwtService        : Generating access token for user: employee@test.com with roles: [ROLE_EMPLOYEE]
2026-02-17T16:44:25.574+01:00 DEBUG 2504 --- [beauty-center-api] [           main] beauty_center.security.JwtService        : Generating refresh token for user: employee@test.com
2026-02-17T16:44:25.574+01:00 DEBUG 2504 --- [beauty-center-api] [           main] b.modules.auth.service.AuthService       : Tokens generated for user: employee@test.com
2026-02-17T16:44:25.574+01:00  INFO 2504 --- [beauty-center-api] [           main] b.modules.auth.AuthController            : User logged in successfully: employee@test.com
2026-02-17T16:44:25.656+01:00 DEBUG 2504 --- [beauty-center-api] [           main] o.s.security.web.FilterChainProxy        : Securing POST /api/admin/employees/12de6dbe-ad85-4255-8b83-c2737652b0cd/absences
2026-02-17T16:44:25.656+01:00 DEBUG 2504 --- [beauty-center-api] [           main] beauty_center.security.JwtService        : Token validation successful
2026-02-17T16:44:25.656+01:00 DEBUG 2504 --- [beauty-center-api] [           main] beauty_center.security.JwtAuthFilter     : Authenticated user: admin@test.com with authorities: [ROLE_ADMIN]
2026-02-17T16:44:25.656+01:00 DEBUG 2504 --- [beauty-center-api] [           main] o.s.security.web.FilterChainProxy        : Secured POST /api/admin/employees/12de6dbe-ad85-4255-8b83-c2737652b0cd/absences
2026-02-17T16:44:25.658+01:00 DEBUG 2504 --- [beauty-center-api] [           main] horizationManagerBeforeMethodInterceptor : Authorizing method invocation ReflectiveMethodInvocation: public org.springframework.http.ResponseEntity beauty_center.modules.scheduling.controller.AdminEmployeeController.createAbsence(java.util.UUID,beauty_center.modules.scheduling.dto.AbsenceCreateRequest); target is of class [beauty_center.modules.scheduling.controller.AdminEmployeeController]
2026-02-17T16:44:25.658+01:00 DEBUG 2504 --- [beauty-center-api] [           main] horizationManagerBeforeMethodInterceptor : Authorized method invocation ReflectiveMethodInvocation: public org.springframework.http.ResponseEntity beauty_center.modules.scheduling.controller.AdminEmployeeController.createAbsence(java.util.UUID,beauty_center.modules.scheduling.dto.AbsenceCreateRequest); target is of class [beauty_center.modules.scheduling.controller.AdminEmployeeController]
2026-02-17T16:44:25.658+01:00  INFO 2504 --- [beauty-center-api] [           main] b.m.s.c.AdminEmployeeController          : Admin creating absence for employee: 12de6dbe-ad85-4255-8b83-c2737652b0cd
2026-02-17T16:44:25.658+01:00  INFO 2504 --- [beauty-center-api] [           main] b.m.scheduling.service.AbsenceService    : Creating absence for employee: 12de6dbe-ad85-4255-8b83-c2737652b0cd from 2026-02-20T15:44:25.654512Z to 2026-02-18T15:44:25.654512Z
2026-02-17T16:44:25.658+01:00  WARN 2504 --- [beauty-center-api] [           main] b.common.error.GlobalExceptionHandler    : Invalid argument: End date/time (2026-02-18T15:44:25.654512Z) must be after start date/time (2026-02-20T15:44:25.654512Z)
2026-02-17T16:44:25.748+01:00 DEBUG 2504 --- [beauty-center-api] [           main] o.s.security.web.FilterChainProxy        : Securing POST /api/auth/login
2026-02-17T16:44:25.748+01:00 DEBUG 2504 --- [beauty-center-api] [           main] o.s.s.w.a.AnonymousAuthenticationFilter  : Set SecurityContextHolder to anonymous SecurityContext
2026-02-17T16:44:25.752+01:00 DEBUG 2504 --- [beauty-center-api] [           main] o.s.security.web.FilterChainProxy        : Secured POST /api/auth/login
2026-02-17T16:44:25.752+01:00  INFO 2504 --- [beauty-center-api] [           main] b.modules.auth.AuthController            : Login request for email: admin@test.com
2026-02-17T16:44:25.752+01:00  INFO 2504 --- [beauty-center-api] [           main] b.modules.auth.service.AuthService       : Login attempt for user: admin@test.com
2026-02-17T16:44:25.752+01:00 DEBUG 2504 --- [beauty-center-api] [           main] b.security.CustomUserDetailsService      : Loading user details for email: admin@test.com
2026-02-17T16:44:25.754+01:00 DEBUG 2504 --- [beauty-center-api] [           main] b.security.CustomUserDetailsService      : Added authority: ROLE_ADMIN
2026-02-17T16:44:25.754+01:00 DEBUG 2504 --- [beauty-center-api] [           main] b.security.CustomUserDetailsService      : User admin@test.com loaded with authorities: [ROLE_ADMIN]
2026-02-17T16:44:25.829+01:00 DEBUG 2504 --- [beauty-center-api] [           main] o.s.s.a.dao.DaoAuthenticationProvider    : Authenticated user
2026-02-17T16:44:25.829+01:00  INFO 2504 --- [beauty-center-api] [           main] b.modules.auth.service.AuthService       : User authenticated successfully: admin@test.com
2026-02-17T16:44:25.829+01:00 DEBUG 2504 --- [beauty-center-api] [           main] beauty_center.security.JwtService        : Generating access token for user: admin@test.com with roles: [ROLE_ADMIN]
2026-02-17T16:44:25.829+01:00 DEBUG 2504 --- [beauty-center-api] [           main] beauty_center.security.JwtService        : Generating refresh token for user: admin@test.com
2026-02-17T16:44:25.829+01:00 DEBUG 2504 --- [beauty-center-api] [           main] b.modules.auth.service.AuthService       : Tokens generated for user: admin@test.com
2026-02-17T16:44:25.829+01:00  INFO 2504 --- [beauty-center-api] [           main] b.modules.auth.AuthController            : User logged in successfully: admin@test.com
2026-02-17T16:44:25.829+01:00 DEBUG 2504 --- [beauty-center-api] [           main] o.s.security.web.FilterChainProxy        : Securing POST /api/auth/login
2026-02-17T16:44:25.829+01:00 DEBUG 2504 --- [beauty-center-api] [           main] o.s.s.w.a.AnonymousAuthenticationFilter  : Set SecurityContextHolder to anonymous SecurityContext
2026-02-17T16:44:25.829+01:00 DEBUG 2504 --- [beauty-center-api] [           main] o.s.security.web.FilterChainProxy        : Secured POST /api/auth/login
2026-02-17T16:44:25.829+01:00  INFO 2504 --- [beauty-center-api] [           main] b.modules.auth.AuthController            : Login request for email: employee@test.com
2026-02-17T16:44:25.829+01:00  INFO 2504 --- [beauty-center-api] [           main] b.modules.auth.service.AuthService       : Login attempt for user: employee@test.com
2026-02-17T16:44:25.829+01:00 DEBUG 2504 --- [beauty-center-api] [           main] b.security.CustomUserDetailsService      : Loading user details for email: employee@test.com
2026-02-17T16:44:25.829+01:00 DEBUG 2504 --- [beauty-center-api] [           main] b.security.CustomUserDetailsService      : Added authority: ROLE_EMPLOYEE
2026-02-17T16:44:25.829+01:00 DEBUG 2504 --- [beauty-center-api] [           main] b.security.CustomUserDetailsService      : User employee@test.com loaded with authorities: [ROLE_EMPLOYEE]
2026-02-17T16:44:25.908+01:00 DEBUG 2504 --- [beauty-center-api] [           main] o.s.s.a.dao.DaoAuthenticationProvider    : Authenticated user
2026-02-17T16:44:25.908+01:00  INFO 2504 --- [beauty-center-api] [           main] b.modules.auth.service.AuthService       : User authenticated successfully: employee@test.com
2026-02-17T16:44:25.908+01:00 DEBUG 2504 --- [beauty-center-api] [           main] beauty_center.security.JwtService        : Generating access token for user: employee@test.com with roles: [ROLE_EMPLOYEE]
2026-02-17T16:44:25.908+01:00 DEBUG 2504 --- [beauty-center-api] [           main] beauty_center.security.JwtService        : Generating refresh token for user: employee@test.com
2026-02-17T16:44:25.908+01:00 DEBUG 2504 --- [beauty-center-api] [           main] b.modules.auth.service.AuthService       : Tokens generated for user: employee@test.com
2026-02-17T16:44:25.908+01:00  INFO 2504 --- [beauty-center-api] [           main] b.modules.auth.AuthController            : User logged in successfully: employee@test.com
2026-02-17T16:44:25.986+01:00 DEBUG 2504 --- [beauty-center-api] [           main] o.s.security.web.FilterChainProxy        : Securing PUT /api/admin/employees/da6f5e56-82c5-4a63-8af3-4434da1bbe42/working-times
2026-02-17T16:44:25.986+01:00 DEBUG 2504 --- [beauty-center-api] [           main] beauty_center.security.JwtService        : Token validation successful
2026-02-17T16:44:25.986+01:00 DEBUG 2504 --- [beauty-center-api] [           main] beauty_center.security.JwtAuthFilter     : Authenticated user: admin@test.com with authorities: [ROLE_ADMIN]
2026-02-17T16:44:25.988+01:00 DEBUG 2504 --- [beauty-center-api] [           main] o.s.security.web.FilterChainProxy        : Secured PUT /api/admin/employees/da6f5e56-82c5-4a63-8af3-4434da1bbe42/working-times
2026-02-17T16:44:25.988+01:00 DEBUG 2504 --- [beauty-center-api] [           main] horizationManagerBeforeMethodInterceptor : Authorizing method invocation ReflectiveMethodInvocation: public org.springframework.http.ResponseEntity beauty_center.modules.scheduling.controller.AdminEmployeeController.replaceEmployeeWorkingTimes(java.util.UUID,java.util.List); target is of class [beauty_center.modules.scheduling.controller.AdminEmployeeController]
2026-02-17T16:44:25.988+01:00 DEBUG 2504 --- [beauty-center-api] [           main] horizationManagerBeforeMethodInterceptor : Authorized method invocation ReflectiveMethodInvocation: public org.springframework.http.ResponseEntity beauty_center.modules.scheduling.controller.AdminEmployeeController.replaceEmployeeWorkingTimes(java.util.UUID,java.util.List); target is of class [beauty_center.modules.scheduling.controller.AdminEmployeeController]
2026-02-17T16:44:25.988+01:00  INFO 2504 --- [beauty-center-api] [           main] b.m.s.c.AdminEmployeeController          : Admin replacing working times for employee: da6f5e56-82c5-4a63-8af3-4434da1bbe42 (2 slots)
2026-02-17T16:44:25.988+01:00  INFO 2504 --- [beauty-center-api] [           main] b.m.s.service.WorkingTimeSlotService     : Replacing working time slots for employee: da6f5e56-82c5-4a63-8af3-4434da1bbe42
2026-02-17T16:44:25.988+01:00  WARN 2504 --- [beauty-center-api] [           main] b.common.error.GlobalExceptionHandler    : Invalid argument: Overlapping time slots detected for MON: 09:00-13:00 and 12:00-17:00
2026-02-17T16:44:26.076+01:00 DEBUG 2504 --- [beauty-center-api] [           main] o.s.security.web.FilterChainProxy        : Securing POST /api/auth/login
2026-02-17T16:44:26.076+01:00 DEBUG 2504 --- [beauty-center-api] [           main] o.s.s.w.a.AnonymousAuthenticationFilter  : Set SecurityContextHolder to anonymous SecurityContext
2026-02-17T16:44:26.078+01:00 DEBUG 2504 --- [beauty-center-api] [           main] o.s.security.web.FilterChainProxy        : Secured POST /api/auth/login
2026-02-17T16:44:26.078+01:00  INFO 2504 --- [beauty-center-api] [           main] b.modules.auth.AuthController            : Login request for email: admin@test.com
2026-02-17T16:44:26.078+01:00  INFO 2504 --- [beauty-center-api] [           main] b.modules.auth.service.AuthService       : Login attempt for user: admin@test.com
2026-02-17T16:44:26.078+01:00 DEBUG 2504 --- [beauty-center-api] [           main] b.security.CustomUserDetailsService      : Loading user details for email: admin@test.com
2026-02-17T16:44:26.079+01:00 DEBUG 2504 --- [beauty-center-api] [           main] b.security.CustomUserDetailsService      : Added authority: ROLE_ADMIN
2026-02-17T16:44:26.079+01:00 DEBUG 2504 --- [beauty-center-api] [           main] b.security.CustomUserDetailsService      : User admin@test.com loaded with authorities: [ROLE_ADMIN]
2026-02-17T16:44:26.151+01:00 DEBUG 2504 --- [beauty-center-api] [           main] o.s.s.a.dao.DaoAuthenticationProvider    : Authenticated user
2026-02-17T16:44:26.151+01:00  INFO 2504 --- [beauty-center-api] [           main] b.modules.auth.service.AuthService       : User authenticated successfully: admin@test.com
2026-02-17T16:44:26.151+01:00 DEBUG 2504 --- [beauty-center-api] [           main] beauty_center.security.JwtService        : Generating access token for user: admin@test.com with roles: [ROLE_ADMIN]
2026-02-17T16:44:26.151+01:00 DEBUG 2504 --- [beauty-center-api] [           main] beauty_center.security.JwtService        : Generating refresh token for user: admin@test.com
2026-02-17T16:44:26.151+01:00 DEBUG 2504 --- [beauty-center-api] [           main] b.modules.auth.service.AuthService       : Tokens generated for user: admin@test.com
2026-02-17T16:44:26.151+01:00  INFO 2504 --- [beauty-center-api] [           main] b.modules.auth.AuthController            : User logged in successfully: admin@test.com
2026-02-17T16:44:26.157+01:00 DEBUG 2504 --- [beauty-center-api] [           main] o.s.security.web.FilterChainProxy        : Securing POST /api/auth/login
2026-02-17T16:44:26.157+01:00 DEBUG 2504 --- [beauty-center-api] [           main] o.s.s.w.a.AnonymousAuthenticationFilter  : Set SecurityContextHolder to anonymous SecurityContext
2026-02-17T16:44:26.158+01:00 DEBUG 2504 --- [beauty-center-api] [           main] o.s.security.web.FilterChainProxy        : Secured POST /api/auth/login
2026-02-17T16:44:26.158+01:00  INFO 2504 --- [beauty-center-api] [           main] b.modules.auth.AuthController            : Login request for email: employee@test.com
2026-02-17T16:44:26.158+01:00  INFO 2504 --- [beauty-center-api] [           main] b.modules.auth.service.AuthService       : Login attempt for user: employee@test.com
2026-02-17T16:44:26.158+01:00 DEBUG 2504 --- [beauty-center-api] [           main] b.security.CustomUserDetailsService      : Loading user details for email: employee@test.com
2026-02-17T16:44:26.162+01:00 DEBUG 2504 --- [beauty-center-api] [           main] b.security.CustomUserDetailsService      : Added authority: ROLE_EMPLOYEE
2026-02-17T16:44:26.162+01:00 DEBUG 2504 --- [beauty-center-api] [           main] b.security.CustomUserDetailsService      : User employee@test.com loaded with authorities: [ROLE_EMPLOYEE]
2026-02-17T16:44:26.238+01:00 DEBUG 2504 --- [beauty-center-api] [           main] o.s.s.a.dao.DaoAuthenticationProvider    : Authenticated user
2026-02-17T16:44:26.238+01:00  INFO 2504 --- [beauty-center-api] [           main] b.modules.auth.service.AuthService       : User authenticated successfully: employee@test.com
2026-02-17T16:44:26.238+01:00 DEBUG 2504 --- [beauty-center-api] [           main] beauty_center.security.JwtService        : Generating access token for user: employee@test.com with roles: [ROLE_EMPLOYEE]
2026-02-17T16:44:26.238+01:00 DEBUG 2504 --- [beauty-center-api] [           main] beauty_center.security.JwtService        : Generating refresh token for user: employee@test.com
2026-02-17T16:44:26.238+01:00 DEBUG 2504 --- [beauty-center-api] [           main] b.modules.auth.service.AuthService       : Tokens generated for user: employee@test.com
2026-02-17T16:44:26.238+01:00  INFO 2504 --- [beauty-center-api] [           main] b.modules.auth.AuthController            : User logged in successfully: employee@test.com
2026-02-17T16:44:26.238+01:00 DEBUG 2504 --- [beauty-center-api] [           main] o.s.security.web.FilterChainProxy        : Securing POST /api/admin/employees
2026-02-17T16:44:26.238+01:00 DEBUG 2504 --- [beauty-center-api] [           main] beauty_center.security.JwtService        : Token validation successful
2026-02-17T16:44:26.238+01:00 DEBUG 2504 --- [beauty-center-api] [           main] beauty_center.security.JwtAuthFilter     : Authenticated user: employee@test.com with authorities: [ROLE_EMPLOYEE]
2026-02-17T16:44:26.245+01:00 DEBUG 2504 --- [beauty-center-api] [           main] o.s.security.web.FilterChainProxy        : Secured POST /api/admin/employees
2026-02-17T16:44:26.247+01:00 DEBUG 2504 --- [beauty-center-api] [           main] horizationManagerBeforeMethodInterceptor : Authorizing method invocation ReflectiveMethodInvocation: public org.springframework.http.ResponseEntity beauty_center.modules.scheduling.controller.AdminEmployeeController.createEmployee(beauty_center.modules.scheduling.dto.EmployeeCreateRequest); target is of class [beauty_center.modules.scheduling.controller.AdminEmployeeController]
2026-02-17T16:44:26.247+01:00 DEBUG 2504 --- [beauty-center-api] [           main] horizationManagerBeforeMethodInterceptor : Failed to authorize ReflectiveMethodInvocation: public org.springframework.http.ResponseEntity beauty_center.modules.scheduling.controller.AdminEmployeeController.createEmployee(beauty_center.modules.scheduling.dto.EmployeeCreateRequest); target is of class [beauty_center.modules.scheduling.controller.AdminEmployeeController] with authorization manager org.springframework.security.authorization.ObservationAuthorizationManager@efcc91d and result ExpressionAuthorizationDecision [granted=false, expressionAttribute=hasRole('ADMIN')]
2026-02-17T16:44:26.248+01:00  WARN 2504 --- [beauty-center-api] [           main] b.common.error.GlobalExceptionHandler    : Access denied: Access Denied
[INFO] Tests run: 16, Failures: 0, Errors: 0, Skipped: 0, Time elapsed: 5.375 s -- in Admin Employee Management Integration Tests
[INFO] Running AvailabilityService Unit Tests
2026-02-17T16:44:27.370+01:00 DEBUG 2504 --- [beauty-center-api] [           main] b.m.s.service.AvailabilityService        : Calculating availability for employee 5b220a72-4cfa-4673-be16-6bb21cee2cc3 from 2024-02-15 to 2024-02-15 (duration: 60 min)
2026-02-17T16:44:27.376+01:00 DEBUG 2504 --- [beauty-center-api] [           main] b.m.s.service.AvailabilityService        : Found 22 available slots for employee 5b220a72-4cfa-4673-be16-6bb21cee2cc3
2026-02-17T16:44:27.400+01:00 DEBUG 2504 --- [beauty-center-api] [           main] b.m.s.service.AvailabilityService        : Calculating availability for employee 3e55d48f-9d0d-4880-81d5-9ff9156933aa from 2024-02-15 to 2024-02-15 (duration: 60 min)
2026-02-17T16:44:27.401+01:00 DEBUG 2504 --- [beauty-center-api] [           main] b.m.s.service.AvailabilityService        : Found 29 available slots for employee 3e55d48f-9d0d-4880-81d5-9ff9156933aa
2026-02-17T16:44:27.443+01:00 DEBUG 2504 --- [beauty-center-api] [           main] b.m.s.service.AvailabilityService        : Calculating availability for employee 337b7306-5135-4772-9276-ea71c337f70b from 2024-02-15 to 2024-02-15 (duration: 60 min)
2026-02-17T16:44:27.445+01:00 DEBUG 2504 --- [beauty-center-api] [           main] b.m.s.service.AvailabilityService        : Found 1 available slots for employee 337b7306-5135-4772-9276-ea71c337f70b
2026-02-17T16:44:27.485+01:00 DEBUG 2504 --- [beauty-center-api] [           main] b.m.s.service.AvailabilityService        : Calculating availability for employee e3d55332-8b72-473b-b688-d188d9b4d6cd from 2024-02-15 to 2024-02-15 (duration: 60 min)
2026-02-17T16:44:27.489+01:00 DEBUG 2504 --- [beauty-center-api] [           main] b.m.s.service.AvailabilityService        : Found 9 available slots for employee e3d55332-8b72-473b-b688-d188d9b4d6cd
2026-02-17T16:44:27.525+01:00 DEBUG 2504 --- [beauty-center-api] [           main] b.m.s.service.AvailabilityService        : Checking availability for employee 83467c9c-1feb-4fc6-ac74-f5a8428104ae from 2024-02-15T10:00+01:00 to 2024-02-15T11:00+01:00
2026-02-17T16:44:27.535+01:00 DEBUG 2504 --- [beauty-center-api] [           main] b.m.s.service.AvailabilityService        : Calculating availability for employee 4fb6f804-ef96-442e-8402-cbfd065abac1 from 2024-02-15 to 2024-02-15 (duration: 60 min)
2026-02-17T16:44:27.537+01:00 DEBUG 2504 --- [beauty-center-api] [           main] b.m.s.service.AvailabilityService        : Found 9 available slots for employee 4fb6f804-ef96-442e-8402-cbfd065abac1
2026-02-17T16:44:27.555+01:00 DEBUG 2504 --- [beauty-center-api] [           main] b.m.s.service.AvailabilityService        : Calculating availability for employee b0a95dec-7a6c-4ff8-be56-0f887d8bdd1b from 2024-02-15 to 2024-02-15 (duration: 120 min)
2026-02-17T16:44:27.555+01:00 DEBUG 2504 --- [beauty-center-api] [           main] b.m.s.service.AvailabilityService        : Found 0 available slots for employee b0a95dec-7a6c-4ff8-be56-0f887d8bdd1b
2026-02-17T16:44:27.571+01:00 DEBUG 2504 --- [beauty-center-api] [           main] b.m.s.service.AvailabilityService        : Calculating availability for employee aa7cc0b5-c7cb-432f-9218-237d5acf9abc from 2024-02-15 to 2024-02-16 (duration: 60 min)
2026-02-17T16:44:27.573+01:00 DEBUG 2504 --- [beauty-center-api] [           main] b.m.s.service.AvailabilityService        : Found 18 available slots for employee aa7cc0b5-c7cb-432f-9218-237d5acf9abc
2026-02-17T16:44:27.594+01:00 DEBUG 2504 --- [beauty-center-api] [           main] b.m.s.service.AvailabilityService        : Calculating availability for employee a5f9b25a-c644-442f-9847-41079893e55d from 2024-02-15 to 2024-02-15 (duration: 60 min)
2026-02-17T16:44:27.595+01:00 DEBUG 2504 --- [beauty-center-api] [           main] b.m.s.service.AvailabilityService        : Found 18 available slots for employee a5f9b25a-c644-442f-9847-41079893e55d
2026-02-17T16:44:27.610+01:00 DEBUG 2504 --- [beauty-center-api] [           main] b.m.s.service.AvailabilityService        : Calculating availability for employee 9268e525-b140-4939-9678-1e31dafb35d8 from 2024-02-15 to 2024-02-15 (duration: 60 min)
2026-02-17T16:44:27.611+01:00 DEBUG 2504 --- [beauty-center-api] [           main] b.m.s.service.AvailabilityService        : Found 22 available slots for employee 9268e525-b140-4939-9678-1e31dafb35d8
2026-02-17T16:44:27.623+01:00 DEBUG 2504 --- [beauty-center-api] [           main] b.m.s.service.AvailabilityService        : Calculating availability for employee 1254b41c-43e7-4237-ad8c-04089bf8ee49 from 2024-02-15 to 2024-02-15 (duration: 60 min)
2026-02-17T16:44:27.624+01:00 DEBUG 2504 --- [beauty-center-api] [           main] b.m.s.service.AvailabilityService        : No working hours defined for employee 1254b41c-43e7-4237-ad8c-04089bf8ee49 on THU
2026-02-17T16:44:27.624+01:00 DEBUG 2504 --- [beauty-center-api] [           main] b.m.s.service.AvailabilityService        : Found 0 available slots for employee 1254b41c-43e7-4237-ad8c-04089bf8ee49
2026-02-17T16:44:27.644+01:00 DEBUG 2504 --- [beauty-center-api] [           main] b.m.s.service.AvailabilityService        : Checking availability for employee eeffceb1-66ba-4691-adc8-b4f3c6ce6d0f from 2024-02-15T10:30+01:00 to 2024-02-15T11:30+01:00
2026-02-17T16:44:27.644+01:00 DEBUG 2504 --- [beauty-center-api] [           main] b.m.s.service.AvailabilityService        : Employee eeffceb1-66ba-4691-adc8-b4f3c6ce6d0f has existing appointment during requested time
2026-02-17T16:44:27.656+01:00 DEBUG 2504 --- [beauty-center-api] [           main] b.m.s.service.AvailabilityService        : Calculating availability for employee abdbc703-37ab-493a-b44d-3239a73d47e3 from 2024-02-15 to 2024-02-15 (duration: 60 min)
2026-02-17T16:44:27.659+01:00 DEBUG 2504 --- [beauty-center-api] [           main] b.m.s.service.AvailabilityService        : Found 29 available slots for employee abdbc703-37ab-493a-b44d-3239a73d47e3
2026-02-17T16:44:27.670+01:00 DEBUG 2504 --- [beauty-center-api] [           main] b.m.s.service.AvailabilityService        : Calculating availability for employee c0586bf5-2a01-45e6-98e9-d164a871615a from 2024-02-15 to 2024-02-15 (duration: 60 min)
2026-02-17T16:44:27.671+01:00 DEBUG 2504 --- [beauty-center-api] [           main] b.m.s.service.AvailabilityService        : Found 29 available slots for employee c0586bf5-2a01-45e6-98e9-d164a871615a
2026-02-17T16:44:27.688+01:00 DEBUG 2504 --- [beauty-center-api] [           main] b.m.s.service.AvailabilityService        : Calculating availability for employee f7c01acd-91f2-4749-9658-873b43dc0cbd from 2024-02-15 to 2024-02-15 (duration: 60 min)
2026-02-17T16:44:27.690+01:00 DEBUG 2504 --- [beauty-center-api] [           main] b.m.s.service.AvailabilityService        : Found 15 available slots for employee f7c01acd-91f2-4749-9658-873b43dc0cbd
[INFO] Tests run: 17, Failures: 0, Errors: 0, Skipped: 0, Time elapsed: 1.426 s -- in AvailabilityService Unit Tests
[INFO] Running UserAccountService Tests
2026-02-17T16:44:27.961+01:00  INFO 2504 --- [beauty-center-api] [           main] .b.t.c.SpringBootTestContextBootstrapper : Found @SpringBootConfiguration beauty_center.BeautyCenterApplication for test class beauty_center.modules.users.service.UserAccountServiceTest
[INFO] Tests run: 7, Failures: 0, Errors: 0, Skipped: 0, Time elapsed: 1.035 s -- in UserAccountService Tests
[INFO] 
[INFO] Results:
[INFO] 
[ERROR] Failures: 
[ERROR]   AppointmentAuthorizationIntegrationTest.testAssignedEmployeeCanReschedule:231 Status expected:<200> but was:<409>
[ERROR]   AppointmentBackToBackIntegrationTest.testBackToBackAppointmentsAllowed:176 Status expected:<201> but was:<403>
[ERROR]   AppointmentBackToBackIntegrationTest.testOverlappingAppointmentsRejected:219 Status expected:<201> but was:<403>
[ERROR]   EmployeeServiceValidationIntegrationTest.testAllowedEmployeeCanBookService:156 Status expected:<201> but was:<403>
[ERROR]   EmployeeServiceValidationIntegrationTest.testForbiddenEmployeeCannotBookService:178 Status expected:<400> but was:<403>
[INFO] 
[ERROR] Tests run: 82, Failures: 5, Errors: 0, Skipped: 0
[INFO] 
[INFO] ------------------------------------------------------------------------
[INFO] BUILD FAILURE
[INFO] ------------------------------------------------------------------------
[INFO] Total time:  49.649 s
[INFO] Finished at: 2026-02-17T16:44:28+01:00
[INFO] ------------------------------------------------------------------------
[ERROR] Failed to execute goal org.apache.maven.plugins:maven-surefire-plugin:3.5.4:test (default-test) on project beauty_center: There are test failures.
[ERROR] 
[ERROR] See D:\projects\Beauty_Center\target\surefire-reports for the individual test results.
[ERROR] See dump files (if any exist) [date].dump, [date]-jvmRun[N].dump and [date].dumpstream.
[ERROR] -> [Help 1]
[ERROR] 
[ERROR] To see the full stack trace of the errors, re-run Maven with the -e switch.
[ERROR] Re-run Maven using the -X switch to enable full debug logging.
[ERROR] 
[ERROR] For more information about the errors and possible solutions, please read the following articles:
[ERROR] [Help 1] http://cwiki.apache.org/confluence/display/MAVEN/MojoFailureException
